******************************************************************************
                  TI ARM Linker PC v5.1.5                      
******************************************************************************
>> Linked Thu Sep 18 11:43:54 2014

OUTPUT FILE NAME:   <C:/Users/chrisjohnson/Desktop/kitsune/kitsune/main/ccs/exe/kitsune.out>
ENTRY POINT SYMBOL: "_c_int00"  address: 20028f51


MEMORY CONFIGURATION

         name            origin    length      used     unused   attr    fill
----------------------  --------  ---------  --------  --------  ----  --------
  SRAM                  20004000   0002c000  000289a7  00003659  RW X


SEGMENT ALLOCATION MAP

run origin  load origin   length   init length attrs members
----------  ----------- ---------- ----------- ----- -------
20004000    20004000    00000400   00000400    r--
  20004000    20004000    00000400   00000400    r-- .intvecs
20004400    20004400    00014487   00000000    rw-
  20004400    20004400    00014487   00000000    rw- .bss
20018888    20018888    000133c8   000133c8    r-x
  20018888    20018888    00012294   00012294    r-x .text
  2002ab1c    2002ab1c    00001134   00001134    r-- .const
2002bc50    2002bc50    00000b18   00000000    rw-
  2002bc50    2002bc50    00000800   00000000    rw- .stack
  2002c450    2002c450    00000318   00000000    rw- .data
2002c768    2002c768    00000240   00000240    r--
  2002c768    2002c768    00000240   00000240    r-- .cinit


SECTION ALLOCATION MAP

 output                                  attributes/
section   page    origin      length       input sections
--------  ----  ----------  ----------   ----------------
.init_array 
*          0    20004000    00000000     UNINITIALIZED

.intvecs   0    20004000    00000400     
                  20004000    00000400     startup_ccs.obj (.intvecs)

.bss       0    20004400    00014487     UNINITIALIZED
                  20004400    00011800     FreeRTOS.a : heap_4.obj (.bss:ucHeap)
                  20015c00    000009c0     audiofeatures.obj (.bss:_data)
                  200165c0    000005a0     ota.lib : OtaHttp.obj (.bss:recv_buf)
                  20016b60    0000044c             : OtaClient.obj (.bss:g_OtaCheckUpdateResponse)
                  20016fac    00000400     uartstdio.obj (.bss:g_pcUARTTxBuffer)
                  200173ac    000003d8     ota.lib : OtaClient.obj (.bss:g_OtaFileMetadata)
                  20017784    00000240     wifi_cmd.obj (.bss:g_otaOptServerInfo)
                  200179c4    0000022c     fatfs_cmd.obj (.bss:fsobj)
                  20017bf0    00000224     fatfs_cmd.obj (.bss:file_obj)
                  20017e14    00000200     uartstdio.obj (.bss:g_pcUARTRxHistoryBuffer)
                  20018014    00000200     ota.lib : OtaHttp.obj (.bss:send_buf)
                  20018214    00000178     simplelink.a : driver.obj (.bss:g_StatMem)
                  2001838c    00000080     uartstdio.obj (.bss:g_pcUARTRxBuffer)
                  2001840c    00000074     ota.lib : CdnClient.obj (.bss:g_CdnClient)
                  20018480    00000064     FreeRTOS.a : tasks.obj (.bss:pxReadyTasksLists)
                  200184e4    00000060     wifi_cmd.obj (.bss:sha1ctx)
                  20018544    00000050     simplelink.a : cc_pal.obj (.bss:g_ucDinDout)
                  20018594    00000050     fatfs_cmd.obj (.bss:path_buff)
                  200185e4    00000050     FreeRTOS.a : queue.obj (.bss:xQueueRegistry)
                  20018634    0000004c     ota.lib : OtaApp.obj (.bss:g_OtaApp_statistics)
                  20018680    00000048             : OtaApp.obj (.bss:g_OtaApp)
                  200186c8    0000002c     FreeRTOS.a : tasks.obj (.bss:pcStatusString$1)
                  200186f4    00000024     cmdline.obj (.bss:argv$1)
                  20018718    00000024     ota.lib : OtaClient.obj (.bss:g_OtaClient)
                  2001873c    00000020     (.common:g_usUARTRxHistoryOffset)
                  2001875c    00000018     (.common:file_info)
                  20018774    00000014     (.common:UARTprintf$2)
                  20018788    00000014     (.common:aes_key)
                  2001879c    00000014     (.common:fsdirobj)
                  200187b0    00000014     (.common:g_FlcSflashCb)
                  200187c4    00000014     (.common:xDelayedTaskList1)
                  200187d8    00000014     (.common:xDelayedTaskList2)
                  200187ec    00000014     (.common:xPendingReadyList)
                  20018800    00000014     (.common:xSuspendedTaskList)
                  20018814    00000014     (.common:xTasksWaitingTermination)
                  20018828    00000008     (.common:g_LogClient)
                  20018830    00000008     (.common:sBootInfo)
                  20018838    00000008     (.common:xStart)
                  20018840    00000004     (.common:DMAMsgQ)
                  20018844    00000004     (.common:FatFs)
                  20018848    00000004     (.common:dust_smphr)
                  2001884c    00000004     (.common:g_cDummy)
                  20018850    00000004     (.common:g_ulPortNum)
                  20018854    00000004     (.common:g_xRxLineSemaphore)
                  20018858    00000004     (.common:i2c_smphr)
                  2001885c    00000004     (.common:light_cnt)
                  20018860    00000004     (.common:light_log_sum)
                  20018864    00000004     (.common:light_m2)
                  20018868    00000004     (.common:light_mean)
                  2001886c    00000004     (.common:light_sf)
                  20018870    00000004     (.common:light_smphr)
                  20018874    00000004     (.common:pvOtaApp)
                  20018878    00000004     (.common:pxDelayedTaskList)
                  2001887c    00000004     (.common:pxOverflowDelayedTaskList)
                  20018880    00000004     (.common:xSimpleLinkSpawnQueue)
                  20018884    00000002     (.common:fsid)
                  20018886    00000001     (.common:g_bDisableEcho)

.text      0    20018888    00012294     
                  20018888    00000ec0     rtsv7M4_T_le_eabi.lib : _printfi.obj (.text)
                  20019748    000005a8     ota.lib : OtaApp.obj (.text:sl_extLib_OtaRun)
                  20019cf0    00000434     wifi_cmd.obj (.text:send_data_pb)
                  2001a124    00000404     simplelink.a : driver.obj (.text:_SlAsyncEventGenericHandler)
                  2001a528    000003ec                  : driver.obj (.text:_SlDrvMsgRead)
                  2001a914    000003c2     ota.lib : OtaClient.obj (.text:OtaClient_ResourceNameConvert)
                  2001acd6    00000002     startup_ccs.obj (.text:BusFaultHandler)
                  2001acd8    000003a8     fatfs.a : ff.obj (.text:f_mkfs)
                  2001b080    000003a4     wifi_cmd.obj (.text:proc_ota_run_step)
                  2001b424    00000388     uartstdio.obj (.text:UARTStdioIntHandler)
                  2001b7ac    00000374     ota.lib : CdnClient.obj (.text:CdnClient_Run)
                  2001bb20    0000035c     commands.obj (.text:vUARTTask)
                  2001be7c    000002d5     ota.lib : LogClient.obj (.text:LogClient_Print)
                  2001c151    00000001     --HOLE-- [fill = 0]
                  2001c152    00000002     driverlib.a : interrupt.obj (.text:IntDefaultHandler)
                  2001c154    000002d0     wifi_cmd.obj (.text:send_audio_wifi)
                  2001c424    000002c8     wifi_cmd.obj (.text:unix_time)
                  2001c6ec    00000294     ota.lib : OtaClient.obj (.text:OtaClient_ResourceMetadata)
                  2001c980    00000250     audiofeatures.obj (.text:SegmentSteadyState)
                  2001cbd0    0000021e     uartstdio.obj (.text:UARTprintf)
                  2001cdee    000001f4     rtsv7M4_T_le_eabi.lib : ull_div_t2.obj (.text)
                  2001cfe2    00000002     startup_ccs.obj (.text:NmiSR)
                  2001cfe4    000001f0     wifi_cmd.obj (.text:rx_data_pb)
                  2001d1d4    000001ec     ota.lib : OtaHttp.obj (.text:http_connect_server)
                  2001d3c0    000001ec     wifi_cmd.obj (.text:start_connection)
                  2001d5ac    000001c4     commands.obj (.text:thread_sensor_poll)
                  2001d770    000001c2     ota.lib : OtaHttp.obj (.text:http_skip_headers)
                  2001d932    00000002     FreeRTOS.a : osi_freertos.obj (.text:SimpleLinkSockEventHandler)
                  2001d934    000001b8     simplelink.a : wlan.obj (.text:sl_WlanConnect)
                  2001daec    000001b6     rtsv7M4_T_le_eabi.lib : fd_add_t2.obj (.text)
                  2001dca2    00000002     main.obj (.text:vApplicationIdleHook)
                  2001dca4    000001a6     ota.lib : OtaApp.obj (.text:sl_extLib_OtaGet)
                  2001de4a    00000002     --HOLE-- [fill = 0]
                  2001de4c    0000018f             : OtaHttp.obj (.text:json_parse_dropbox_metadata)
                  2001dfdb    00000001     --HOLE-- [fill = 0]
                  2001dfdc    0000018c     fatfs_cmd.obj (.text:Cmd_ls)
                  2001e168    00000188     ota.lib : CdnClient.obj (.text:CdnClient_ConnectByUrl)
                  2001e2f0    00000188     wifi_cmd.obj (.text:proc_ota_config)
                  2001e478    00000184     fatfs.a : ff.obj (.text:f_write)
                  2001e5fc    00000179     ota.lib : OtaClient.obj (.text:OtaClient_UpdateCheck)
                  2001e775    00000003     --HOLE-- [fill = 0]
                  2001e778    0000016c     aes.obj (.text:AES_decrypt)
                  2001e8e4    0000016c     audiofeatures.obj (.text:AudioFeatures_SetAudioData)
                  2001ea50    00000168     sha1.obj (.text:SHA1ProcessMessageBlock)
                  2001ebb8    00000168     simplelink.a : driver.obj (.text:_SlDrvDataReadOp)
                  2001ed20    00000158                  : driver.obj (.text:_SlDrvRxHdrRead)
                  2001ee78    00000158     fatfs.a : ff.obj (.text:auto_mount)
                  2001efd0    00000154     i2c_cmd.obj (.text:get_light)
                  2001f124    00000154     i2c_cmd.obj (.text:get_prox)
                  2001f278    0000014c     fatfs.a : ff.obj (.text:f_read)
                  2001f3c4    00000148     wifi_cmd.obj (.text:thread_ota)
                  2001f50c    00000144     pb_encode.obj (.text:encode_array)
                  2001f650    00000143     pb_decode.obj (.text:pb_decode_noinit)
                  2001f793    00000001     --HOLE-- [fill = 0]
                  2001f794    00000140     simplelink.a : driver.obj (.text:_SlDrvWaitForPoolObj)
                  2001f8d4    00000140     fatfs.a : ff.obj (.text:f_open)
                  2001fa14    00000136     fft.obj (.text:fft)
                  2001fb4a    00000136     rtsv7M4_T_le_eabi.lib : fd_div_t2.obj (.text)
                  2001fc80    00000130     diskio.obj (.text:disk_initialize)
                  2001fdb0    0000012c     simplelink.a : driver.obj (.text:_SlDrvDataWriteOp)
                  2001fedc    0000012b     ota.lib : CdnClient.obj (.text:_ReadFileHeaders)
                  20020007    00000001     --HOLE-- [fill = 0]
                  20020008    00000128     fatfs.a : ff.obj (.text:f_mkdir)
                  20020130    00000128     simplelink.a : netapp.obj (.text:sl_NetAppPingStart)
                  20020258    00000124                  : driver.obj (.text:_SlDrvMsgWrite)
                  2002037c    00000120     aes.obj (.text:AES_encrypt)
                  2002049c    00000120     simplelink.a : cc_pal.obj (.text:spi_Open)
                  200205bc    0000011e     fatfs.a : ff.obj (.text:f_lseek)
                  200206da    00000002     --HOLE-- [fill = 0]
                  200206dc    00000118     simplelink.a : driver.obj (.text:_SlDrvReleasePoolObj)
                  200207f4    00000111     ota.lib : CdnClient.obj (.text:_OpenStorageFile)
                  20020905    00000003     --HOLE-- [fill = 0]
                  20020908    00000110     aes.obj (.text:AES_set_key)
                  20020a18    00000110     rtsv7M4_T_le_eabi.lib : strtoul.obj (.text)
                  20020b28    0000010e     pinmux.obj (.text:PinMuxConfig)
                  20020c36    00000002     --HOLE-- [fill = 0]
                  20020c38    00000104     wifi_cmd.obj (.text:print_version)
                  20020d3c    00000100     fatfs_cmd.obj (.text:Cmd_cd)
                  20020e3c    000000fc     pb_decode.obj (.text:decode_static_field)
                  20020f38    000000fc     rtsv7M4_T_le_eabi.lib : fd_mul_t2.obj (.text)
                  20021034    000000fc     simplelink.a : socket.obj (.text:sl_Connect)
                  20021130    000000fc     FreeRTOS.a : queue.obj (.text:xQueueGenericReceive)
                  2002122c    000000f8     fft.obj (.text:mel_freq)
                  20021324    000000f4     commands.obj (.text:thread_fast_i2c_poll)
                  20021418    000000f0     i2c_cmd.obj (.text:Cmd_i2c_writereg)
                  20021508    000000f0     FreeRTOS.a : tasks.obj (.text:xTaskGenericCreate)
                  200215f8    000000ec     driverlib.a : prcm.obj (.text:PRCMCC3200MCUInit)
                  200216e4    000000ec     simplelink.a : driver.obj (.text:_SlFindAndSetActiveObj)
                  200217d0    000000e9     i2c_cmd.obj (.text:Cmd_i2c_write)
                  200218b9    00000003     --HOLE-- [fill = 0]
                  200218bc    000000e8     i2c_cmd.obj (.text:get_humid)
                  200219a4    000000e4     i2c_cmd.obj (.text:get_temp)
                  20021a88    000000e0     FreeRTOS.a : tasks.obj (.text:vTaskIncrementTick)
                  20021b68    000000dc     audiofeatures.obj (.text:UpdateChangeSignals)
                  20021c44    000000dc     simplelink.a : netapp.obj (.text:sl_NetAppDnsGetHostByName)
                  20021d20    000000dc     FreeRTOS.a : tasks.obj (.text:xTaskResumeAll)
                  20021dfc    000000da                : queue.obj (.text:xQueueGenericSend)
                  20021ed6    000000d8     aes.obj (.text:AES_cbc_decrypt)
                  20021fae    00000002     --HOLE-- [fill = 0]
                  20021fb0    000000d8     i2c_cmd.obj (.text:Cmd_i2c_read)
                  20022088    000000d8     fatfs.a : ff.obj (.text:make_dirfile)
                  20022160    000000d8             : ff.obj (.text:trace_path)
                  20022238    000000d4     diskio.obj (.text:disk_write)
                  2002230c    000000d3     ota.lib : OtaApp.obj (.text:_WriteStatFile)
                  200223df    00000001     --HOLE-- [fill = 0]
                  200223e0    000000d2             : CdnClient.obj (.text:_readSignature)
                  200224b2    00000002     --HOLE-- [fill = 0]
                  200224b4    000000d0     pb_encode.obj (.text:encode_basic_field)
                  20022584    000000ca     ota.lib : OtaApp.obj (.text:_ReadStatFile)
                  2002264e    000000c8     aes.obj (.text:AES_cbc_encrypt)
                  20022716    000000c8     fatfs.a : ff.obj (.text:put_cluster)
                  200227de    000000c8             : ff.obj (.text:reserve_direntry)
                  200228a6    00000002     --HOLE-- [fill = 0]
                  200228a8    000000c8     simplelink.a : device.obj (.text:sl_Start)
                  20022970    000000c8                  : device.obj (.text:sl_Stop)
                  20022a38    000000c8     commands.obj (.text:untime)
                  20022b00    000000c5     i2c_cmd.obj (.text:Cmd_i2c_readreg)
                  20022bc5    00000003     --HOLE-- [fill = 0]
                  20022bc8    000000c4     ota.lib : OtaClient.obj (.text:OtaClient_ConnectServer)
                  20022c8c    000000c4     commands.obj (.text:get_time)
                  20022d50    000000c4     pb_encode.obj (.text:pb_encode_submessage)
                  20022e14    000000c0     ota.lib : LogClient.obj (.text:LogClient_ConnectAndPrint)
                  20022ed4    000000c0             : LogClient.obj (.text:LogClient_ConnectServer)
                  20022f94    000000c0     simplelink.a : driver.obj (.text:_SlDrvClassifyRxMsg)
                  20023054    000000c0                  : driver.obj (.text:_SlDrvMsgReadCmdCtx)
                  20023114    000000c0     fatfs.a : ff.obj (.text:f_unlink)
                  200231d4    000000c0             : ff.obj (.text:get_cluster)
                  20023294    000000be     simplelink.a : socket.obj (.text:sl_SendTo)
                  20023352    00000002     --HOLE-- [fill = 0]
                  20023354    000000bc     dust_cmd.obj (.text:get_dust)
                  20023410    000000b4     wifi_cmd.obj (.text:load_aes)
                  200234c4    000000b4     ota.lib : OtaApp.obj (.text:sl_extLib_OtaInit)
                  20023578    000000b4             : OtaApp.obj (.text:sl_extLib_OtaSet)
                  2002362c    000000b0     simplelink.a : socket.obj (.text:sl_RecvFrom)
                  200236dc    000000ac     commands.obj (.text:Cmd_mel)
                  20023788    000000ac     spi_cmd.obj (.text:spi_read_step)
                  20023834    000000a8     fatfs.a : ff.obj (.text:f_getfree)
                  200238dc    000000a4     sha1.obj (.text:SHA1PadMessage)
                  20023980    000000a4     simplelink.a : socket.obj (.text:sl_Send)
                  20023a24    000000a4                  : cc_pal.obj (.text:spi_Read)
                  20023ac8    000000a4     commands.obj (.text:thread_tx)
                  20023b6c    000000a0     uartstdio.obj (.text:UARTStdioInitExpClk)
                  20023c0c    000000a0     flc.lib : flc.obj (.text:sl_extlib_FlcOpenFile)
                  20023cac    0000009e             : flc.obj (.text:_WriteBootInfo)
                  20023d4a    00000002     --HOLE-- [fill = 0]
                  20023d4c    0000009c     uartstdio.obj (.text:UARTwrite)
                  20023de8    0000009c     i2c_if.obj (.text:recoveri2c)
                  20023e84    0000009c     rtsv7M4_T_le_eabi.lib : memcpy_t2.obj (.text)
                  20023f20    0000009b     commands.obj (.text:Cmd_tasks)
                  20023fbb    00000001     --HOLE-- [fill = 0]
                  20023fbc    00000099     flc.lib : flc.obj (.text:_ReadBootInfo)
                  20024055    00000003     --HOLE-- [fill = 0]
                  20024058    00000098     wifi_cmd.obj (.text:SimpleLinkWlanEventHandler)
                  200240f0    00000098     ota.lib : OtaHttp.obj (.text:http_build_request)
                  20024188    00000098     rtsv7M4_T_le_eabi.lib : snprintf.obj (.text)
                  20024220    00000098     FreeRTOS.a : tasks.obj (.text:vTaskList)
                  200242b8    00000096     pb_decode.obj (.text:pb_message_set_to_defaults)
                  2002434e    00000002     --HOLE-- [fill = 0]
                  20024350    00000094     aes.obj (.text:AES_convert_key)
                  200243e4    00000094     simplelink.a : driver.obj (.text:_SlDrvMsgReadSpawnCtx)
                  20024478    00000094     diskio.obj (.text:disk_read)
                  2002450c    00000094     rtsv7M4_T_le_eabi.lib : auto_init.obj (.text)
                  200245a0    00000090     simplelink.a : driver.obj (.text:_SlDrvDriverCBInit)
                  20024630    00000090     flc.lib : flc.obj (.text:sl_extlib_FlcCommit)
                  200246c0    00000090             : flc.obj (.text:sl_extlib_FlcTest)
                  20024750    0000008c     driverlib.a : interrupt.obj (.text:IntDisable)
                  200247dc    0000008c                 : interrupt.obj (.text:IntEnable)
                  20024868    0000008c     simplelink.a : driver.obj (.text:_SlDrvCmdOp)
                  200248f4    0000008c     pb_decode.obj (.text:decode_callback_field)
                  20024980    0000008c     simplelink.a : fs.obj (.text:sl_FsRead)
                  20024a0c    0000008c                  : fs.obj (.text:sl_FsWrite)
                  20024a98    0000008b     wifi_cmd.obj (.text:Cmd_connect)
                  20024b23    00000001     --HOLE-- [fill = 0]
                  20024b24    0000008a     FreeRTOS.a : portasm.obj (.text)
                  20024bae    00000088     driverlib.a : spi.obj (.text:SPITransfer32)
                  20024c36    00000002     --HOLE-- [fill = 0]
                  20024c38    00000088     simplelink.a : netapp.obj (.text:_sl_HandleAsync_DnsGetHostByName)
                  20024cc0    00000088     fatfs.a : ff.obj (.text:create_chain)
                  20024d48    00000088     pb_decode.obj (.text:pb_read)
                  20024dd0    00000088     FreeRTOS.a : tasks.obj (.text:vTaskPriorityInherit)
                  20024e58    00000086     driverlib.a : spi.obj (.text:SPITransfer16)
                  20024ede    00000086     rtsv7M4_T_le_eabi.lib : fd_cmp_t2.obj (.text:__aeabi_cdcmple)
                  20024f64    00000086                           : fd_cmp_t2.obj (.text:__aeabi_cdrcmple)
                  20024fea    00000002     --HOLE-- [fill = 0]
                  20024fec    00000084     fatfs_cmd.obj (.text:Cmd_write)
                  20025070    00000084     simplelink.a : netapp.obj (.text:_sl_HandleAsync_PingResponse)
                  200250f4    00000084     FreeRTOS.a : tasks.obj (.text:prvListTaskWithinSingleList)
                  20025178    00000084                : heap_4.obj (.text:pvPortMalloc)
                  200251fc    00000082     ota.lib : OtaHttp.obj (.text:http_extract_domain_by_url)
                  2002527e    00000082     pb_decode.obj (.text:pb_field_next)
                  20025300    00000080     wifi_cmd.obj (.text:Cmd_status)
                  20025380    00000080     simplelink.a : device.obj (.text:_sl_HandleAsync_InitComplete)
                  20025400    00000080     fatfs_cmd.obj (.text:global_filename)
                  20025480    00000080     driverlib.a : udma.obj (.text:uDMAChannelTransferSet)
                  20025500    0000007d     spi_cmd.obj (.text:Cmd_spi_write)
                  2002557d    00000003     --HOLE-- [fill = 0]
                  20025580    0000007c     simplelink.a : device.obj (.text:sl_DevGet)
                  200255fc    00000078     fatfs_cmd.obj (.text:Cmd_cat)
                  20025674    00000078     simplelink.a : cc_pal.obj (.text:SetupDMAReceive)
                  200256ec    00000078     flc.lib : flc.obj (.text:_McuImageGetNewIndex)
                  20025764    00000078     simplelink.a : socket.obj (.text:_sl_HandleAsync_Connect)
                  200257dc    00000078     fatfs.a : ff.obj (.text:get_fileinfo)
                  20025854    00000078     main.obj (.text:main)
                  200258cc    00000078     rtsv7M4_T_le_eabi.lib : memset_t2.obj (.text)
                  20025944    00000078     simplelink.a : netcfg.obj (.text:sl_NetCfgGet)
                  200259bc    00000078     spi_cmd.obj (.text:spi_reset)
                  20025a34    00000078     spi_cmd.obj (.text:spi_write_step)
                  20025aac    00000076     driverlib.a : spi.obj (.text:SPITransfer8)
                  20025b22    00000076     fatfs.a : ff.obj (.text:move_window)
                  20025b98    00000076     pb_decode.obj (.text:pb_dec_submessage)
                  20025c0e    00000076     FreeRTOS.a : queue.obj (.text:prvUnlockQueue)
                  20025c84    00000076     pb_decode.obj (.text:read_raw_value)
                  20025cfa    00000002     --HOLE-- [fill = 0]
                  20025cfc    00000074     diskio.obj (.text:CardCapacityGet)
                  20025d70    00000074     uartstdio.obj (.text:UARTPrimeTransmit)
                  20025de4    00000074     pb_decode.obj (.text:pb_decode_varint32)
                  20025e58    00000074     simplelink.a : fs.obj (.text:sl_FsClose)
                  20025ecc    00000074                  : cc_pal.obj (.text:spi_Close)
                  20025f40    00000072     fatfs.a : ff.obj (.text:f_sync)
                  20025fb2    00000002     --HOLE-- [fill = 0]
                  20025fb4    00000070     simplelink.a : cc_pal.obj (.text:SetupDMASend)
                  20026024    00000070     wifi_cmd.obj (.text:SimpleLinkNetAppEventHandler)
                  20026094    00000070     simplelink.a : socket.obj (.text:_sl_TruncatePayloadByProtocol)
                  20026104    00000070     FreeRTOS.a : tasks.obj (.text:vTaskDelayUntil)
                  20026174    00000070                : tasks.obj (.text:xTaskRemoveFromEventList)
                  200261e4    0000006e     pb_decode.obj (.text:pb_dec_string)
                  20026252    0000006e     pb_encode.obj (.text:pb_encode_varint)
                  200262c0    0000006e     simplelink.a : socket.obj (.text:sl_Bind)
                  2002632e    00000002     --HOLE-- [fill = 0]
                  20026330    0000006c     i2c_if.obj (.text:I2C_IF_Read)
                  2002639c    0000006c     driverlib.a : prcm.obj (.text:PRCMPeripheralClockGet)
                  20026408    0000006c     simplelink.a : driver.obj (.text:_SlRemoveFromList)
                  20026474    0000006c                  : socket.obj (.text:_sl_HandleAsync_Accept)
                  200264e0    0000006c                  : netapp.obj (.text:_sl_HandleAsync_DnsGetHostByService)
                  2002654c    0000006c     wifi_cmd.obj (.text:proc_ota_init)
                  200265b8    0000006c     simplelink.a : wlan.obj (.text:sl_WlanSmartConfigStart)
                  20026624    0000006c     FreeRTOS.a : queue.obj (.text:xQueueGenericSendFromISR)
                  20026690    0000006a     pb_decode.obj (.text:pb_dec_bytes)
                  200266fa    0000006a     pb_encode.obj (.text:pb_encode)
                  20026764    00000068     i2c_if.obj (.text:I2C_IF_Write)
                  200267cc    00000068     pb_decode.obj (.text:pb_decode_varint)
                  20026834    00000065     spi_cmd.obj (.text:spi_write)
                  20026899    00000003     --HOLE-- [fill = 0]
                  2002689c    00000064     commands.obj (.text:Cmd_help)
                  20026900    00000064     wifi_cmd.obj (.text:Cmd_mode)
                  20026964    00000064     driverlib.a : pin.obj (.text:PinConfigSet)
                  200269c8    00000064                 : spi.obj (.text:SPIConfigSetExpClk)
                  20026a2c    00000064     pinmux.obj (.text:SetAntennaSelectionGPIOs)
                  20026a90    00000064     simplelink.a : driver.obj (.text:_SlDrvDriverCBDeinit)
                  20026af4    00000064     FreeRTOS.a : tasks.obj (.text:prvInitialiseTaskLists)
                  20026b58    00000064     simplelink.a : cc_pal.obj (.text:spi_Write)
                  20026bbc    00000064     FreeRTOS.a : tasks.obj (.text:vTaskPriorityDisinherit)
                  20026c20    00000064                : queue.obj (.text:xQueueGenericReset)
                  20026c84    00000063     ota.lib : OtaApp.obj (.text:_OtaCleanToIdle)
                  20026ce7    00000001     --HOLE-- [fill = 0]
                  20026ce8    00000062     pb_decode.obj (.text:pb_dec_varint)
                  20026d4a    00000002     --HOLE-- [fill = 0]
                  20026d4c    00000061     spi_cmd.obj (.text:spi_read)
                  20026dad    00000003     --HOLE-- [fill = 0]
                  20026db0    00000060     cmdline.obj (.text:CmdLineProcess)
                  20026e10    00000060     fatfs_cmd.obj (.text:Cmd_mkfs)
                  20026e70    00000060     driverlib.a : sdhost.obj (.text:SDHostInit)
                  20026ed0    00000060     simplelink.a : socket.obj (.text:_sl_HandleAsync_Select)
                  20026f30    00000060     FreeRTOS.a : queue.obj (.text:prvCopyDataToQueue)
                  20026f90    00000060     rtsv7M4_T_le_eabi.lib : sprintf.obj (.text)
                  20026ff0    00000060     FreeRTOS.a : tasks.obj (.text:xTaskCheckForTimeOut)
                  20027050    0000005f     wifi_cmd.obj (.text:pingRes)
                  200270af    00000001     --HOLE-- [fill = 0]
                  200270b0    0000005e     fatfs.a : ff.obj (.text:check_fs)
                  2002710e    0000005e             : ff.obj (.text:f_opendir)
                  2002716c    0000005e     rtsv7M4_T_le_eabi.lib : copy_decompress_rle.obj (.text)
                  200271ca    00000002     --HOLE-- [fill = 0]
                  200271cc    0000005c     fault.obj (.text:FaultDecoder)
                  20027228    0000005c     i2c_if.obj (.text:I2CTransact)
                  20027284    0000005c     simplelink.a : cc_pal.obj (.text:NwpPowerOnPreamble)
                  200272e0    0000005c                  : fs.obj (.text:_sl_GetCreateFsMode)
                  2002733c    0000005c                  : device.obj (.text:_sl_HandleAsync_Stop)
                  20027398    0000005c     fatfs.a : ff.obj (.text:f_readdir)
                  200273f4    0000005a     audiofeatures.obj (.text:ScaleInt16Vector)
                  2002744e    0000005a     rtsv7M4_T_le_eabi.lib : ltoa.obj (.text)
                  200274a8    00000058     i2c_cmd.obj (.text:DisplayBuffer)
                  20027500    00000058     fatfs.a : ff.obj (.text:next_dir_entry)
                  20027558    00000058     FreeRTOS.a : tasks.obj (.text:prvCheckTasksWaitingTermination)
                  200275b0    00000058                : heap_4.obj (.text:prvInsertBlockIntoFreeList)
                  20027608    00000058                : tasks.obj (.text:vTaskPlaceOnEventList)
                  20027660    00000058                : tasks.obj (.text:vTaskSwitchContext)
                  200276b8    00000055     main.obj (.text:nordic_prox_int)
                  2002770d    00000003     --HOLE-- [fill = 0]
                  20027710    00000054     spi_cmd.obj (.text:Cmd_spi_read)
                  20027764    00000054     uartstdio.obj (.text:UARTgets)
                  200277b8    00000054     fft.obj (.text:fxd_sin)
                  2002780c    00000054     pb_encode.obj (.text:pb_write)
                  20027860    00000054     simplelink.a : fs.obj (.text:sl_FsOpen)
                  200278b4    00000053     pb_encode.obj (.text:pb_encode_tag_for_field)
                  20027907    00000001     --HOLE-- [fill = 0]
                  20027908    00000052     pb_encode.obj (.text:pb_enc_varint)
                  2002795a    00000002     --HOLE-- [fill = 0]
                  2002795c    00000050     fatfs_cmd.obj (.text:Cmd_mnt)
                  200279ac    00000050     wifi_cmd.obj (.text:Cmd_sl)
                  200279fc    00000050     pb_decode.obj (.text:pb_make_string_substream)
                  20027a4c    00000050     simplelink.a : cc_pal.obj (.text:spi_Read_CPU)
                  20027a9c    00000050                  : cc_pal.obj (.text:spi_Write_CPU)
                  20027aec    0000004e     FreeRTOS.a : queue.obj (.text:xQueueCreateMutex)
                  20027b3a    00000002     --HOLE-- [fill = 0]
                  20027b3c    0000004d     pb_decode.obj (.text:pb_readbyte)
                  20027b89    00000001     --HOLE-- [fill = 0]
                  20027b8a    0000004c     pb_decode.obj (.text:decode_extension)
                  20027bd6    00000002     --HOLE-- [fill = 0]
                  20027bd8    0000004c     ota.lib : OtaHttp.obj (.text:json_parse_dropbox_media_url)
                  20027c24    0000004c     wifi_cmd.obj (.text:matchhere)
                  20027c70    0000004c     FreeRTOS.a : tasks.obj (.text:prvAddCurrentTaskToDelayedList)
                  20027cbc    0000004c     rtsv7M4_T_le_eabi.lib : atoi.obj (.text)
                  20027d08    0000004c                           : rand.obj (.text)
                  20027d54    0000004c     wifi_cmd.obj (.text:send_periodic_data)
                  20027da0    0000004c     FreeRTOS.a : tasks.obj (.text:vTaskDelay)
                  20027dec    0000004c                : tasks.obj (.text:vTaskStartScheduler)
                  20027e38    0000004a     wifi_cmd.obj (.text:Cmd_antsel)
                  20027e82    0000004a     simplelink.a : device.obj (.text:_sl_GetStartResponseConvert)
                  20027ecc    0000004a     pb_decode.obj (.text:pb_dec_svarint)
                  20027f16    00000002     --HOLE-- [fill = 0]
                  20027f18    0000004a     pb_decode.obj (.text:pb_dec_uvarint)
                  20027f62    0000004a     FreeRTOS.a : queue.obj (.text:xQueueGenericCreate)
                  20027fac    00000049     fatfs_cmd.obj (.text:Cmd_umnt)
                  20027ff5    00000003     --HOLE-- [fill = 0]
                  20027ff8    00000048     fft.obj (.text:FixedPointLog2Q10)
                  20028040    00000048     driverlib.a : i2c.obj (.text:I2CMasterInitExpClk)
                  20028088    00000048                 : spi.obj (.text:SPITransfer)
                  200280d0    00000048                 : uart.obj (.text:UARTConfigSetExpClk)
                  20028118    00000048     simplelink.a : driver.obj (.text:_SlDrvObjInit)
                  20028160    00000048     pb_decode.obj (.text:pb_decode_tag)
                  200281a8    00000048     rtsv7M4_T_le_eabi.lib : fd_toi_t2.obj (.text)
                  200281f0    00000048     commands.obj (.text:thread_dust)
                  20028238    00000048     driverlib.a : udma.obj (.text:uDMAChannelAttributeDisable)
                  20028280    00000048                 : udma.obj (.text:uDMAChannelAttributeEnable)
                  200282c8    00000046                 : gpio.obj (.text:GPIOIntTypeSet)
                  2002830e    00000002     --HOLE-- [fill = 0]
                  20028310    00000046     pb_decode.obj (.text:pb_skip_field)
                  20028356    00000002     --HOLE-- [fill = 0]
                  20028358    00000044     wifi_cmd.obj (.text:Cmd_ping)
                  2002839c    00000044     uartstdio.obj (.text:UARTPeek)
                  200283e0    00000044     wifi_cmd.obj (.text:encode_mac)
                  20028424    00000044     pb_encode.obj (.text:pb_enc_bytes)
                  20028468    00000044     fatfs.a : ff.obj (.text:remove_chain)
                  200284ac    00000044     rtsv7M4_T_le_eabi.lib : cpy_tbl.obj (.text)
                  200284f0    00000044                           : exit.obj (.text)
                  20028534    00000044                           : xdtest.obj (.text)
                  20028578    00000044     simplelink.a : device.obj (.text:sl_DevSet)
                  200285bc    00000044                  : socket.obj (.text:sl_SetSockOpt)
                  20028600    00000042     rtsv7M4_T_le_eabi.lib : u_divt2.obj (.text)
                  20028642    00000002     --HOLE-- [fill = 0]
                  20028644    00000040     diskio.obj (.text:CardSendCmd)
                  20028684    00000040     driverlib.a : interrupt.obj (.text:IntPendClear)
                  200286c4    00000040                 : prcm.obj (.text:PRCMPeripheralReset)
                  20028704    00000040     fatfs.a : ff.obj (.text:f_stat)
                  20028744    00000040     FreeRTOS.a : heap_4.obj (.text:prvHeapInit)
                  20028784    00000040     simplelink.a : fs.obj (.text:sl_FsDel)
                  200287c4    00000040                  : socket.obj (.text:sl_Recv)
                  20028804    00000040     wifi_cmd.obj (.text:write_callback_sha)
                  20028844    0000003f     pb_decode.obj (.text:decode_field)
                  20028883    00000001     --HOLE-- [fill = 0]
                  20028884    0000003e     driverlib.a : sdhost.obj (.text:SDHostSetExpClk)
                  200288c2    00000002     --HOLE-- [fill = 0]
                  200288c4    0000003d     wifi_cmd.obj (.text:encode_name)
                  20028901    00000001     --HOLE-- [fill = 0]
                  20028902    0000003c     sha1.obj (.text:SHA1_Update)
                  2002893e    00000002     --HOLE-- [fill = 0]
                  20028940    0000003c     driverlib.a : spi.obj (.text:SPIIntEnable)
                  2002897c    0000003c     FreeRTOS.a : osi_freertos.obj (.text:VStartSimpleLinkSpawnTask)
                  200289b8    0000003c     simplelink.a : driver.obj (.text:_SlDrvRxIrqHandler)
                  200289f4    0000003c     pb_decode.obj (.text:pb_decode_svarint)
                  20028a30    0000003c     simplelink.a : wlan.obj (.text:sl_WlanPolicySet)
                  20028a6c    0000003c     spi_cmd.obj (.text:spi_init)
                  20028aa8    0000003b     pb_encode.obj (.text:encode_field)
                  20028ae3    00000001     --HOLE-- [fill = 0]
                  20028ae4    0000003a     sha1.obj (.text:SHA1_Final)
                  20028b1e    0000003a     FreeRTOS.a : tasks.obj (.text:prvInitialiseTCBVariables)
                  20028b58    00000038     fft.obj (.text:CountHighestMsb)
                  20028b90    00000038     simplelink.a : cc_pal.obj (.text:cc_SetupTransfer)
                  20028bc8    00000038     fatfs.a : ff.obj (.text:f_mount)
                  20028c00    00000038     FreeRTOS.a : tasks.obj (.text:prvAllocateTCBAndStack)
                  20028c38    00000038     simplelink.a : socket.obj (.text:sl_Htonl)
                  20028c70    00000036     pb_encode.obj (.text:pb_enc_svarint)
                  20028ca6    00000002     --HOLE-- [fill = 0]
                  20028ca8    00000036     pb_encode.obj (.text:pb_enc_uvarint)
                  20028cde    00000002     --HOLE-- [fill = 0]
                  20028ce0    00000034     ota.lib : CdnClient.obj (.text:CdnClient_Init)
                  20028d14    00000034     dust_cmd.obj (.text:Cmd_dusttest)
                  20028d48    00000034     i2c_if.obj (.text:I2C_IF_Open)
                  20028d7c    00000034     startup_ccs.obj (.text:IntDefaultHandler)
                  20028db0    00000034     simplelink.a : cc_pal.obj (.text:NwpPowerOff)
                  20028de4    00000034     ota.lib : OtaClient.obj (.text:OtaClient_Init)
                  20028e18    00000034     sha1.obj (.text:SHA1_Init)
                  20028e4c    00000034     driverlib.a : spi.obj (.text:SPIIntClear)
                  20028e80    00000034     wdt_if.obj (.text:WDT_IF_Init)
                  20028eb4    00000034     pb_decode.obj (.text:default_extension_decoder)
                  20028ee8    00000034     pb_encode.obj (.text:encode_extension_field)
                  20028f1c    00000034     wifi_cmd.obj (.text:pb_ostream_from_sha_socket)
                  20028f50    00000034     rtsv7M4_T_le_eabi.lib : boot.obj (.text)
                  20028f84    00000034                           : strstr.obj (.text)
                  20028fb8    00000034     simplelink.a : socket.obj (.text:sl_Htons)
                  20028fec    00000034     main.obj (.text:start_wdt)
                  20029020    00000033     commands.obj (.text:AudioFeatCallback)
                  20029053    00000001     --HOLE-- [fill = 0]
                  20029054    00000032     dust_cmd.obj (.text:SetupTimerPWMMode)
                  20029086    00000032     simplelink.a : netapp.obj (.text:_SlDrvNetAppEventHandler)
                  200290b8    00000032     pb_encode.obj (.text:pb_enc_string)
                  200290ea    00000002     --HOLE-- [fill = 0]
                  200290ec    00000032     pb_encode.obj (.text:pb_enc_submessage)
                  2002911e    00000032     FreeRTOS.a : list.obj (.text:vListInsert)
                  20029150    00000030     diskio.obj (.text:CardSelect)
                  20029180    00000030     uartstdio.obj (.text:UARTFlushTx)
                  200291b0    00000030     simplelink.a : driver.obj (.text:_SlDrvBasicCmd)
                  200291e0    00000030     diskio.obj (.text:disk_ioctl)
                  20029210    00000030     FreeRTOS.a : osi_freertos.obj (.text:osi_Spawn)
                  20029240    00000030                : osi_freertos.obj (.text:osi_SyncObjCreate)
                  20029270    00000030     rtsv7M4_T_le_eabi.lib : strncpy.obj (.text)
                  200292a0    00000030     simplelink.a : socket.obj (.text:sl_Socket)
                  200292d0    00000030     driverlib.a : udma.obj (.text:uDMAChannelAssign)
                  20029300    00000030     FreeRTOS.a : port.obj (.text:xPortStartScheduler)
                  20029330    0000002f     pb_encode.obj (.text:encode_callback_field)
                  2002935f    00000001     --HOLE-- [fill = 0]
                  20029360    0000002e     driverlib.a : gpio.obj (.text:GPIOGetIntNumber)
                  2002938e    0000002e     ota.lib : OtaClient.obj (.text:OtaClient_GetNextUpdate)
                  200293bc    0000002e     fft.obj (.text:bitlog)
                  200293ea    0000002e     wifi_cmd.obj (.text:match)
                  20029418    0000002e     pb_decode.obj (.text:pb_field_find)
                  20029446    0000002e     FreeRTOS.a : queue.obj (.text:prvNotifyQueueSetContainer)
                  20029474    0000002e     rtsv7M4_T_le_eabi.lib : i_tofd_t2.obj (.text)
                  200294a2    00000002     --HOLE-- [fill = 0]
                  200294a4    0000002c     simplelink.a : cc_pal.obj (.text:DmaSpiSwIntHandler)
                  200294d0    0000002c                  : cc_pal.obj (.text:NwpPowerOn)
                  200294fc    0000002c     driverlib.a : prcm.obj (.text:PRCMHibernateIntervalSet)
                  20029528    0000002c     simplelink.a : flowcont.obj (.text:_SlDrvFlowContDeinit)
                  20029554    0000002c                  : flowcont.obj (.text:_SlDrvFlowContInit)
                  20029580    0000002c     wifi_cmd.obj (.text:matchstar)
                  200295ac    0000002a     fatfs.a : ff.obj (.text:sync)
                  200295d6    00000002     --HOLE-- [fill = 0]
                  200295d8    00000028     i2c_cmd.obj (.text:Cmd_readproximity)
                  20029600    00000028     driverlib.a : pin.obj (.text:PinModeSet)
                  20029628    00000028                 : timer.obj (.text:TimerConfigure)
                  20029650    00000028     simplelink.a : socket.obj (.text:_sl_BuildAddress)
                  20029678    00000028     ota.lib : OtaHttp.obj (.text:sl_Recv_eagain)
                  200296a0    00000028     FreeRTOS.a : heap_4.obj (.text:vPortFree)
                  200296c8    00000026     gpio_if.obj (.text:GPIO_IF_ConfigureNIntEnable)
                  200296ee    00000026     driverlib.a : sdhost.obj (.text:SDHostCmdSend)
                  20029714    00000026     pb_decode.obj (.text:find_extension_field)
                  2002973a    00000026     FreeRTOS.a : queue.obj (.text:prvCopyDataFromQueue)
                  20029760    00000026     rtsv7M4_T_le_eabi.lib : strncmp.obj (.text)
                  20029786    00000026     flc.lib : flc.obj (.text:sl_extlib_FlcCloseFile)
                  200297ac    00000026     FreeRTOS.a : list.obj (.text:uxListRemove)
                  200297d2    00000024     driverlib.a : adc.obj (.text:ADCChannelEnable)
                  200297f6    00000002     --HOLE-- [fill = 0]
                  200297f8    00000024     main.obj (.text:BoardInit)
                  2002981c    00000024     wifi_cmd.obj (.text:Cmd_audio_test)
                  20029840    00000024     gpio_if.obj (.text:GPIO_IF_GetPortNPin)
                  20029864    00000024     driverlib.a : interrupt.obj (.text:IntPrioritySet)
                  20029888    00000024                 : prcm.obj (.text:PRCMPeripheralClkEnable)
                  200298ac    00000024                 : pin.obj (.text:PinDirModeSet)
                  200298d0    00000024                 : pin.obj (.text:PinTypeGPIO)
                  200298f4    00000024                 : spi.obj (.text:SPIDmaMaskGet)
                  20029918    00000024                 : uart.obj (.text:UARTIntNumberGet)
                  2002993c    00000024     wdt_if.obj (.text:WDT_IF_DeInit)
                  20029960    00000024     main.obj (.text:WatchdogIntHandler)
                  20029984    00000024     wifi_cmd.obj (.text:antsel)
                  200299a8    00000024     fft.obj (.text:bitexp)
                  200299cc    00000024     wifi_cmd.obj (.text:mcu_reset)
                  200299f0    00000024     wifi_cmd.obj (.text:nwp_reset)
                  20029a14    00000024     FreeRTOS.a : osi_freertos.obj (.text:osi_SyncObjSignalFromISR)
                  20029a38    00000024                : queue.obj (.text:prvQueueUnregisterQueue)
                  20029a5c    00000024     flc.lib : flc.obj (.text:sl_extlib_FlcIsPendingCommit)
                  20029a80    00000024     driverlib.a : udma.obj (.text:uDMAChannelControlSet)
                  20029aa4    00000024     FreeRTOS.a : osi_freertos.obj (.text:vSimpleLinkSpawnTask)
                  20029ac8    00000023     commands.obj (.text:Cmd_free)
                  20029aeb    00000001     --HOLE-- [fill = 0]
                  20029aec    00000023     i2c_cmd.obj (.text:Cmd_readhumid)
                  20029b0f    00000001     --HOLE-- [fill = 0]
                  20029b10    00000023     i2c_cmd.obj (.text:Cmd_readlight)
                  20029b33    00000001     --HOLE-- [fill = 0]
                  20029b34    00000022     i2c_cmd.obj (.text:Cmd_readtemp)
                  20029b56    00000002     --HOLE-- [fill = 0]
                  20029b58    00000022     wifi_cmd.obj (.text:Cmd_time)
                  20029b7a    00000022     simplelink.a : cc_pal.obj (.text:NwpRegisterInterruptHandler)
                  20029b9c    00000022     pb_decode.obj (.text:pb_field_init)
                  20029bbe    00000022     pb_decode.obj (.text:pb_skip_varint)
                  20029be0    00000022     rtsv7M4_T_le_eabi.lib : memcmp.obj (.text)
                  20029c02    00000002     --HOLE-- [fill = 0]
                  20029c04    00000020     fatfs_cmd.obj (.text:Cmd_mkdir)
                  20029c24    00000020     fatfs_cmd.obj (.text:Cmd_rm)
                  20029c44    00000020     driverlib.a : prcm.obj (.text:PRCMHibernateWakeupSourceEnable)
                  20029c64    00000020                 : prcm.obj (.text:PRCMSlowClkCtrGet)
                  20029c84    00000020                 : prcm.obj (.text:PRCMSysResetCauseGet)
                  20029ca4    00000020     uartstdio.obj (.text:UARTFlushRx)
                  20029cc4    00000020     pb_decode.obj (.text:buf_read)
                  20029ce4    00000020     FreeRTOS.a : osi_freertos.obj (.text:osi_MsgQRead)
                  20029d04    00000020                : osi_freertos.obj (.text:osi_MsgQWrite)
                  20029d24    00000020     pb_encode.obj (.text:pb_encode_string)
                  20029d44    00000020     pb_decode.obj (.text:pb_istream_from_buffer)
                  20029d64    00000020     simplelink.a : socket.obj (.text:sl_Close)
                  20029d84    00000020                  : wlan.obj (.text:sl_WlanSetMode)
                  20029da4    00000020     FreeRTOS.a : port.obj (.text:xPortSysTickHandler)
                  20029dc4    0000001e     spi_cmd.obj (.text:CS_set)
                  20029de2    0000001e     ota.lib : CdnClient.obj (.text:CdnClient_CloseServer)
                  20029e00    0000001e     pb_decode.obj (.text:decode_pointer_field)
                  20029e1e    0000001e     pb_encode.obj (.text:pb_encode_svarint)
                  20029e3c    0000001e     FreeRTOS.a : queue.obj (.text:prvIsQueueFull)
                  20029e5a    0000001e     rtsv7M4_T_le_eabi.lib : abs.obj (.text)
                  20029e78    0000001e                           : ll_lsl_t2.obj (.text)
                  20029e96    0000001e                           : ll_lsr_t2.obj (.text)
                  20029eb4    0000001e     flc.lib : flc.obj (.text:sl_extlib_FlcReadFile)
                  20029ed2    0000001e             : flc.obj (.text:sl_extlib_FlcWriteFile)
                  20029ef0    0000001c     audiofeatures.obj (.text:AudioFeatures_Init)
                  20029f0c    0000001c     ota.lib : LogClient.obj (.text:LogClient_Init)
                  20029f28    0000001c     driverlib.a : prcm.obj (.text:PRCMPeripheralStatusGet)
                  20029f44    0000001c                 : uart.obj (.text:UARTDisable)
                  20029f60    0000001c     simplelink.a : driver.obj (.text:_SlDrvObjDeInit)
                  20029f7c    0000001c                  : cc_pal.obj (.text:cc_UDMAChannelSelect)
                  20029f98    0000001c     FreeRTOS.a : osi_freertos.obj (.text:osi_InterruptRegister)
                  20029fb4    0000001c                : osi_freertos.obj (.text:osi_LockObjLock)
                  20029fd0    0000001c                : osi_freertos.obj (.text:osi_SyncObjWait)
                  20029fec    0000001c     pb_decode.obj (.text:pb_decode)
                  2002a008    0000001c     pb_decode.obj (.text:pb_skip_string)
                  2002a024    0000001c     rtsv7M4_T_le_eabi.lib : memccpy.obj (.text)
                  2002a040    0000001c     FreeRTOS.a : list.obj (.text:vListInsertEnd)
                  2002a05c    0000001c                : port.obj (.text:vPortEnterCritical)
                  2002a078    0000001c     fatfs.a : ff.obj (.text:validate)
                  2002a094    0000001a     simplelink.a : netapp.obj (.text:CopyPingResultsToReport)
                  2002a0ae    0000001a     driverlib.a : gpio.obj (.text:GPIODirModeSet)
                  2002a0c8    0000001a     uartstdio.obj (.text:IsBufferFull)
                  2002a0e2    0000001a     driverlib.a : sdhost.obj (.text:SDHostRespGet)
                  2002a0fc    0000001a     simplelink.a : device.obj (.text:_SlDrvDeviceEventHandler)
                  2002a116    0000001a     fatfs.a : ff.obj (.text:clust2sect)
                  2002a130    0000001a     FreeRTOS.a : osi_freertos.obj (.text:osi_MsgQCreate)
                  2002a14a    0000001a                : queue.obj (.text:prvIsQueueEmpty)
                  2002a164    0000001a                : port.obj (.text:pxPortInitialiseStack)
                  2002a17e    0000001a     rtsv7M4_T_le_eabi.lib : strcat.obj (.text)
                  2002a198    00000018     fatfs_cmd.obj (.text:Cmd_pwd)
                  2002a1b0    00000018     ota.lib : LogClient.obj (.text:LogClient_Close)
                  2002a1c8    00000018             : OtaClient.obj (.text:OtaClient_CloseServer)
                  2002a1e0    00000018     driverlib.a : prcm.obj (.text:PRCMPeripheralClkDisable)
                  2002a1f8    00000018                 : sdhost.obj (.text:SDHostBlockCountSet)
                  2002a210    00000018                 : sdhost.obj (.text:SDHostIntClear)
                  2002a228    00000018                 : sdhost.obj (.text:SDHostIntStatus)
                  2002a240    00000018                 : spi.obj (.text:SPIFIFOLevelSet)
                  2002a258    00000018                 : uart.obj (.text:UARTIntRegister)
                  2002a270    00000018     FreeRTOS.a : osi_freertos.obj (.text:osi_LockObjCreate)
                  2002a288    00000018     pb_encode.obj (.text:pb_encode_tag)
                  2002a2a0    00000018     wifi_cmd.obj (.text:proc_ota_is_active)
                  2002a2b8    00000018     rtsv7M4_T_le_eabi.lib : args_main.obj (.text)
                  2002a2d0    00000018                           : ll_mul_t2.obj (.text)
                  2002a2e8    00000018                           : strcmp.obj (.text)
                  2002a300    00000018     flc.lib : flc.obj (.text:sl_extlib_FlcAbortFile)
                  2002a318    00000018     wifi_cmd.obj (.text:stop_connection)
                  2002a330    00000018     driverlib.a : udma.obj (.text:uDMAChannelEnable)
                  2002a348    00000018     FreeRTOS.a : port.obj (.text:vPortExitCritical)
                  2002a360    00000018                : port.obj (.text:vPortYield)
                  2002a378    00000018                : tasks.obj (.text:vTaskSetTimeOutState)
                  2002a390    00000018                : tasks.obj (.text:xTaskGetTickCount)
                  2002a3a8    00000016     gpio_if.obj (.text:GPIO_IF_Set)
                  2002a3be    00000016     driverlib.a : i2c.obj (.text:I2CMasterErr)
                  2002a3d4    00000016     audiofeatures.obj (.text:MovingAverage16)
                  2002a3ea    00000016     driverlib.a : pin.obj (.text:PinTypeI2C)
                  2002a400    00000016                 : sdhost.obj (.text:SDHostCmdReset)
                  2002a416    00000016                 : spi.obj (.text:SPIReset)
                  2002a42c    00000016                 : timer.obj (.text:TimerControlLevel)
                  2002a442    00000016     simplelink.a : driver.obj (.text:_SlDrvShiftDWord)
                  2002a458    00000016                  : fs.obj (.text:_sl_Strlen)
                  2002a46e    00000016     wifi_cmd.obj (.text:get_mac_address)
                  2002a484    00000016     FreeRTOS.a : list.obj (.text:vListInitialise)
                  2002a49a    00000016                : queue.obj (.text:vQueueDelete)
                  2002a4b0    00000014     aes.obj (.text:AES_xtime)
                  2002a4c4    00000014     driverlib.a : cpu.obj (.text:CPUcpsid)
                  2002a4d8    00000014                 : cpu.obj (.text:CPUcpsie)
                  2002a4ec    00000014                 : gpio.obj (.text:GPIOIntRegister)
                  2002a500    00000014     uartstdio.obj (.text:GetBufferCount)
                  2002a514    00000014     driverlib.a : interrupt.obj (.text:IntUnregister)
                  2002a528    00000014                 : prcm.obj (.text:PRCMHibernateEnter)
                  2002a53c    00000014                 : prcm.obj (.text:PRCMMCUReset)
                  2002a550    00000014                 : pin.obj (.text:PinTypeI2S)
                  2002a564    00000014                 : pin.obj (.text:PinTypeSDHost)
                  2002a578    00000014                 : pin.obj (.text:PinTypeSPI)
                  2002a58c    00000014                 : pin.obj (.text:PinTypeTimer)
                  2002a5a0    00000014                 : pin.obj (.text:PinTypeUART)
                  2002a5b4    00000014     main.obj (.text:SetupGPIOInterrupts)
                  2002a5c8    00000014     driverlib.a : timer.obj (.text:TimerDisable)
                  2002a5dc    00000014                 : uart.obj (.text:UARTEnable)
                  2002a5f0    00000014     FreeRTOS.a : osi_freertos.obj (.text:osi_SyncObjClear)
                  2002a604    00000014     rtsv7M4_T_le_eabi.lib : _lock.obj (.text)
                  2002a618    00000014                           : strlen.obj (.text)
                  2002a62c    00000014     FreeRTOS.a : tasks.obj (.text:usTaskCheckFreeStackSpace)
                  2002a640    00000014                : port.obj (.text:vPortSetupTimerInterrupt)
                  2002a654    00000014     main.obj (.text:watchdog_thread)
                  2002a668    00000012     driverlib.a : timer.obj (.text:TimerLoadSet)
                  2002a67a    00000012                 : timer.obj (.text:TimerMatchSet)
                  2002a68c    00000012                 : timer.obj (.text:TimerPrescaleSet)
                  2002a69e    00000012     wifi_cmd.obj (.text:audio_read_fn)
                  2002a6b0    00000012     rtsv7M4_T_le_eabi.lib : copy_zero_init.obj (.text:decompress:ZI)
                  2002a6c2    00000012     FreeRTOS.a : osi_freertos.obj (.text:osi_LockObjUnlock)
                  2002a6d4    00000012                : osi_freertos.obj (.text:osi_SyncObjSignal)
                  2002a6e6    00000012                : tasks.obj (.text:prvDeleteTCB)
                  2002a6f8    00000010     commands.obj (.text:Cmd_fault)
                  2002a708    00000010     driverlib.a : interrupt.obj (.text:IntRegister)
                  2002a718    00000010     simplelink.a : cc_pal.obj (.text:NwpUnMaskInterrupt)
                  2002a728    00000010     driverlib.a : sdhost.obj (.text:SDHostBlockSizeSet)
                  2002a738    00000010                 : sdhost.obj (.text:SDHostDataRead)
                  2002a748    00000010                 : spi.obj (.text:SPIDataGet)
                  2002a758    00000010                 : uart.obj (.text:UARTCharGetNonBlocking)
                  2002a768    00000010                 : uart.obj (.text:UARTCharPutNonBlocking)
                  2002a778    00000010                 : wdt.obj (.text:WatchdogIntRegister)
                  2002a788    00000010                 : wdt.obj (.text:WatchdogIntUnregister)
                  2002a798    00000010     diskio.obj (.text:disk_status)
                  2002a7a8    00000010     fatfs.a : ff.obj (.text:f_close)
                  2002a7b8    00000010     FreeRTOS.a : osi_freertos.obj (.text:osi_InterruptDeRegister)
                  2002a7c8    00000010     rtsv7M4_T_le_eabi.lib : strcpy.obj (.text)
                  2002a7d8    00000010     ustdlib.obj (.text:ustrlen)
                  2002a7e8    00000010     FreeRTOS.a : tasks.obj (.text:vTaskSuspendAll)
                  2002a7f8    0000000e     driverlib.a : gpio.obj (.text:GPIOIntStatus)
                  2002a806    0000000e     uartstdio.obj (.text:IsBufferEmpty)
                  2002a814    0000000e     driverlib.a : sdhost.obj (.text:SDHostDataWrite)
                  2002a822    0000000e                 : spi.obj (.text:SPICSDisable)
                  2002a830    0000000e                 : spi.obj (.text:SPICSEnable)
                  2002a83e    0000000e                 : spi.obj (.text:SPIDataPut)
                  2002a84c    0000000e                 : spi.obj (.text:SPIDisable)
                  2002a85a    0000000e                 : spi.obj (.text:SPIEnable)
                  2002a868    0000000e                 : spi.obj (.text:SPIFIFODisable)
                  2002a876    0000000e                 : spi.obj (.text:SPIWordCountSet)
                  2002a884    0000000e                 : timer.obj (.text:TimerEnable)
                  2002a892    0000000e                 : wdt.obj (.text:WatchdogStallDisable)
                  2002a8a0    0000000e                 : wdt.obj (.text:WatchdogStallEnable)
                  2002a8ae    0000000e     rtsv7M4_T_le_eabi.lib : copy_decompress_none.obj (.text:decompress:none)
                  2002a8bc    0000000e                           : xdclass.obj (.text)
                  2002a8ca    0000000c     driverlib.a : adc.obj (.text:ADCFIFOLvlGet)
                  2002a8d6    0000000c                 : gpio.obj (.text:GPIOIntEnable)
                  2002a8e2    00000002     --HOLE-- [fill = 0]
                  2002a8e4    0000000c                 : interrupt.obj (.text:IntVTableBaseSet)
                  2002a8f0    0000000c     simplelink.a : cc_pal.obj (.text:NwpMaskInterrupt)
                  2002a8fc    0000000c     driverlib.a : spi.obj (.text:SPIDmaDisable)
                  2002a908    0000000c                 : spi.obj (.text:SPIDmaEnable)
                  2002a914    0000000c                 : spi.obj (.text:SPIFIFOEnable)
                  2002a920    0000000c                 : uart.obj (.text:UARTCharsAvail)
                  2002a92c    0000000c                 : uart.obj (.text:UARTSpaceAvail)
                  2002a938    0000000c                 : wdt.obj (.text:WatchdogUnlock)
                  2002a944    0000000c     ota.lib : CdnClient.obj (.text:_RecvFileChunk)
                  2002a950    0000000c     pb_encode.obj (.text:default_extension_encoder)
                  2002a95c    0000000c     FreeRTOS.a : osi_freertos.obj (.text:osi_LockObjDelete)
                  2002a968    0000000c                : osi_freertos.obj (.text:osi_MsgQDelete)
                  2002a974    0000000c                : osi_freertos.obj (.text:osi_SyncObjDelete)
                  2002a980    0000000c                : tasks.obj (.text:prvIdleTask)
                  2002a98c    0000000c                : tasks.obj (.text:vTaskMissedYield)
                  2002a998    0000000c                : heap_4.obj (.text:xPortGetFreeHeapSize)
                  2002a9a4    0000000c                : tasks.obj (.text:xTaskGetCurrentTaskHandle)
                  2002a9b0    0000000a     driverlib.a : adc.obj (.text:ADCEnable)
                  2002a9ba    0000000a                 : adc.obj (.text:ADCTimerConfig)
                  2002a9c4    0000000a                 : adc.obj (.text:ADCTimerEnable)
                  2002a9ce    0000000a     fault.obj (.text:FaultISR)
                  2002a9d8    0000000a     driverlib.a : i2c.obj (.text:I2CMasterEnable)
                  2002a9e2    0000000a                 : i2c.obj (.text:I2CMasterIntStatusEx)
                  2002a9ec    0000000a                 : interrupt.obj (.text:IntMasterDisable)
                  2002a9f6    0000000a                 : interrupt.obj (.text:IntMasterEnable)
                  2002aa00    0000000a                 : pin.obj (.text:PinTypeADC)
                  2002aa0a    0000000a                 : uart.obj (.text:UARTIntDisable)
                  2002aa14    0000000a                 : uart.obj (.text:UARTIntStatus)
                  2002aa1e    0000000a                 : wdt.obj (.text:WatchdogEnable)
                  2002aa28    0000000a                 : wdt.obj (.text:WatchdogIntEnable)
                  2002aa32    0000000a     fft.obj (.text:fix_mpy)
                  2002aa3c    0000000a     wifi_cmd.obj (.text:get_version_str)
                  2002aa46    0000000a     pb_decode.obj (.text:pb_close_string_substream)
                  2002aa50    00000008     ota.lib : CdnClient.obj (.text:CdnClient_SetFileInfo)
                  2002aa58    00000008     driverlib.a : i2c.obj (.text:I2CMasterSlaveAddrSet)
                  2002aa60    00000008                 : uart.obj (.text:UARTIntEnable)
                  2002aa68    00000008     uartstdio.obj (.text:UARTStdioInit)
                  2002aa70    00000008     driverlib.a : wdt.obj (.text:WatchdogRunning)
                  2002aa78    00000008     ota.lib : OtaHttp.obj (.text:http_recv_buf)
                  2002aa80    00000008             : OtaHttp.obj (.text:http_send_buf)
                  2002aa88    00000006     driverlib.a : adc.obj (.text:ADCFIFORead)
                  2002aa8e    00000006                 : gpio.obj (.text:GPIOIntClear)
                  2002aa94    00000006                 : gpio.obj (.text:GPIOPinRead)
                  2002aa9a    00000006                 : gpio.obj (.text:GPIOPinWrite)
                  2002aaa0    00000006     startup_ccs.obj (.text:ResetISR)
                  2002aaa6    00000006     driverlib.a : uart.obj (.text:UARTFIFOLevelSet)
                  2002aaac    00000006                 : utils.obj (.text:UtilsDelay)
                  2002aab2    00000006                 : wdt.obj (.text:WatchdogIntClear)
                  2002aab8    00000006     rtsv7M4_T_le_eabi.lib : copy_decompress_rle.obj (.text:decompress:rle24)
                  2002aabe    00000006     pb_decode.obj (.text:pb_dec_fixed32)
                  2002aac4    00000006     pb_decode.obj (.text:pb_dec_fixed64)
                  2002aaca    00000006     pb_decode.obj (.text:pb_decode_fixed32)
                  2002aad0    00000006     pb_decode.obj (.text:pb_decode_fixed64)
                  2002aad6    00000006     pb_encode.obj (.text:pb_enc_fixed32)
                  2002aadc    00000006     pb_encode.obj (.text:pb_enc_fixed64)
                  2002aae2    00000006     pb_encode.obj (.text:pb_encode_fixed32)
                  2002aae8    00000006     pb_encode.obj (.text:pb_encode_fixed64)
                  2002aaee    00000006     FreeRTOS.a : list.obj (.text:vListInitialiseItem)
                  2002aaf4    00000004     spi_cmd.obj (.text:Cmd_spi_reset)
                  2002aaf8    00000004     driverlib.a : i2c.obj (.text:I2CMasterControl)
                  2002aafc    00000004                 : i2c.obj (.text:I2CMasterDataGet)
                  2002ab00    00000004                 : i2c.obj (.text:I2CMasterDataPut)
                  2002ab04    00000004                 : i2c.obj (.text:I2CMasterIntClearEx)
                  2002ab08    00000004                 : i2c.obj (.text:I2CMasterTimeoutSet)
                  2002ab0c    00000004                 : uart.obj (.text:UARTIntClear)
                  2002ab10    00000004                 : wdt.obj (.text:WatchdogReloadSet)
                  2002ab14    00000004     diskio.obj (.text:get_fattime)
                  2002ab18    00000004     ota.lib : OtaApp.obj (.text:local_filter)

.const     0    2002ab1c    00001134     
                  2002ab1c    000003d4     commands.obj (.const:.string)
                  2002aef0    00000202     fft.obj (.const:sin_lut)
                  2002b0f2    00000102     rtsv7M4_T_le_eabi.lib : ctype.obj (.const:.string:_ctypes_)
                  2002b1f4    00000100     aes.obj (.const:.string:aes_isbox)
                  2002b2f4    00000100     aes.obj (.const:.string:aes_sbox)
                  2002b3f4    00000100     driverlib.a : pin.obj (.const:g_ulPinToPadMap)
                  2002b4f4    000000d4                 : interrupt.obj (.const:g_pulRegs)
                  2002b5c8    000000b0     simplelink.a : wlan.obj (.const:$P$T0$1)
                  2002b678    000000a0     driverlib.a : prcm.obj (.const:PRCM_PeriphRegsList)
                  2002b718    00000080                 : interrupt.obj (.const)
                  2002b798    0000006e     periodic.pb.obj (.const:periodic_data_fields)
                  2002b806    00000064     SyncResponse.pb.obj (.const:SyncResponse_fields)
                  2002b86a    00000002     --HOLE-- [fill = 0]
                  2002b86c    00000048     wifi_cmd.obj (.const)
                  2002b8b4    00000040     fft.obj (.const:k_log2_lookup_q10)
                  2002b8f4    0000003c     SyncResponse.pb.obj (.const:SyncResponse_FlashAction_fields)
                  2002b930    0000003c     fft.obj (.const)
                  2002b96c    0000003c     pb_encode.obj (.const)
                  2002b9a8    0000003c     simplelink.a : wlan.obj (.const)
                  2002b9e4    00000038                  : driver.obj (.const:_SlActionLookupTable)
                  2002ba1c    00000038                  : fs.obj (.const)
                  2002ba54    00000034                  : socket.obj (.const)
                  2002ba88    00000028     SyncResponse.pb.obj (.const:SyncResponse_Alarm_fields)
                  2002bab0    00000028     SyncResponse.pb.obj (.const:SyncResponse_FlashAction_LEDAction_fields)
                  2002bad8    00000028     SyncResponse.pb.obj (.const:SyncResponse_WhiteNoise_fields)
                  2002bb00    00000028     simplelink.a : netapp.obj (.const)
                  2002bb28    00000024     pb_decode.obj (.const:PB_DECODERS)
                  2002bb4c    00000024     pb_encode.obj (.const:PB_ENCODERS)
                  2002bb70    00000022     SyncResponse.pb.obj (.const)
                  2002bb92    0000001e     aes.obj (.const:.string)
                  2002bbb0    00000018     driverlib.a : spi.obj (.const)
                  2002bbc8    00000014     simplelink.a : device.obj (.const)
                  2002bbdc    00000014                  : driver.obj (.const)
                  2002bbf0    00000014     uartstdio.obj (.const)
                  2002bc04    00000012     uartstdio.obj (.const:.string)
                  2002bc16    00000010     fft.obj (.const:.string)
                  2002bc26    00000002     --HOLE-- [fill = 0]
                  2002bc28    00000010     driverlib.a : uart.obj (.const)
                  2002bc38    00000010     sha1.obj (.const)
                  2002bc48    00000008     simplelink.a : netcfg.obj (.const)

.stack     0    2002bc50    00000800     UNINITIALIZED
                  2002bc50    00000800     --HOLE--

.data      0    2002c450    00000318     UNINITIALIZED
                  2002c450    000001c8     commands.obj (.data:g_sCmdTable)
                  2002c618    00000050     fatfs_cmd.obj (.data:cwd_buff)
                  2002c668    00000038     FreeRTOS.a : tasks.obj (.data)
                  2002c6a0    0000001d     uartstdio.obj (.data)
                  2002c6bd    00000003     --HOLE--
                  2002c6c0    0000001c     gpio_if.obj (.data)
                  2002c6dc    00000018     diskio.obj (.data)
                  2002c6f4    00000014     commands.obj (.data)
                  2002c708    00000010     wifi_cmd.obj (.data)
                  2002c718    00000009     simplelink.a : cc_pal.obj (.data)
                  2002c721    00000003     --HOLE--
                  2002c724    00000009                  : driver.obj (.data)
                  2002c72d    00000003     --HOLE--
                  2002c730    00000008     FreeRTOS.a : heap_4.obj (.data)
                  2002c738    00000008     i2c_cmd.obj (.data)
                  2002c740    00000008     rtsv7M4_T_le_eabi.lib : _lock.obj (.data)
                  2002c748    00000008                           : exit.obj (.data)
                  2002c750    00000004     FreeRTOS.a : osi_freertos.obj (.data)
                  2002c754    00000004                : port.obj (.data)
                  2002c758    00000004     ota.lib : OtaHttp.obj (.data)
                  2002c75c    00000004     rtsv7M4_T_le_eabi.lib : errno.obj (.data)
                  2002c760    00000004                           : rand.obj (.data)
                  2002c764    00000004                           : stkdepth_vars.obj (.data)

.cinit     0    2002c768    00000240     
                  2002c768    0000021b     (.cinit..data.load) [load image, compression = rle]
                  2002c983    00000001     --HOLE-- [fill = 0]
                  2002c984    0000000c     (__TI_handler_table)
                  2002c990    00000008     (.cinit..bss.load) [load image, compression = zero_init]
                  2002c998    00000010     (__TI_cinit_table)


LINKER GENERATED COPY TABLES

__TI_cinit_table @ 2002c998 records: 2, size/record: 8, table size: 16
	.data: load addr=2002c768, load size=0000021b bytes, run addr=2002c450, run size=00000318 bytes, compression=rle
	.bss: load addr=2002c990, load size=00000008 bytes, run addr=20004400, run size=00014487 bytes, compression=zero_init


LINKER GENERATED HANDLER TABLE

__TI_handler_table @ 2002c984 records: 3, size/record: 4, table size: 12
	index: 0, handler: __TI_decompress_rle24
	index: 1, handler: __TI_decompress_none
	index: 2, handler: __TI_zero_init


GLOBAL SYMBOLS: SORTED ALPHABETICALLY BY Name 

address    name
--------   ----
200297d3   ADCChannelEnable
2002a9b1   ADCEnable
2002a8cb   ADCFIFOLvlGet
2002aa89   ADCFIFORead
2002a9bb   ADCTimerConfig
2002a9c5   ADCTimerEnable
20021ed7   AES_cbc_decrypt
2002264f   AES_cbc_encrypt
20024351   AES_convert_key
20020909   AES_set_key
20029ef1   AudioFeatures_Init
2001e8e5   AudioFeatures_SetAudioData
200284f1   C$$EXIT
2002a4c5   CPUcpsid
2002a4d9   CPUcpsie
20029dc5   CS_set
20029de3   CdnClient_CloseServer
2001e169   CdnClient_ConnectByUrl
20028ce1   CdnClient_Init
2001b7ad   CdnClient_Run
2002aa51   CdnClient_SetFileInfo
20026db1   CmdLineProcess
20027e39   Cmd_antsel
2002981d   Cmd_audio_test
200255fd   Cmd_cat
20020d3d   Cmd_cd
20024a99   Cmd_connect
20028d15   Cmd_dusttest
2002a6f9   Cmd_fault
20029ac9   Cmd_free
2002689d   Cmd_help
20021fb1   Cmd_i2c_read
20022b01   Cmd_i2c_readreg
200217d1   Cmd_i2c_write
20021419   Cmd_i2c_writereg
2001dfdd   Cmd_ls
200236dd   Cmd_mel
20029c05   Cmd_mkdir
20026e11   Cmd_mkfs
2002795d   Cmd_mnt
20026901   Cmd_mode
20028359   Cmd_ping
2002a199   Cmd_pwd
20029aed   Cmd_readhumid
20029b11   Cmd_readlight
200295d9   Cmd_readproximity
20029b35   Cmd_readtemp
20029c25   Cmd_rm
200279ad   Cmd_sl
20027711   Cmd_spi_read
2002aaf5   Cmd_spi_reset
20025501   Cmd_spi_write
20025301   Cmd_status
20023f21   Cmd_tasks
20029b59   Cmd_time
20027fad   Cmd_umnt
20024fed   Cmd_write
2002a095   CopyPingResultsToReport
20028b59   CountHighestMsb
20018840   DMAMsgQ
200294a5   DmaSpiSwIntHandler
200271cd   FaultDecoder
2002a9cf   FaultISR
20027ff9   FixedPointLog2Q10
2002a0af   GPIODirModeSet
2002aa8f   GPIOIntClear
2002a8d7   GPIOIntEnable
2002a4ed   GPIOIntRegister
2002a7f9   GPIOIntStatus
200282c9   GPIOIntTypeSet
2002aa95   GPIOPinRead
2002aa9b   GPIOPinWrite
200296c9   GPIO_IF_ConfigureNIntEnable
20029841   GPIO_IF_GetPortNPin
2002a3a9   GPIO_IF_Set
2002aaf9   I2CMasterControl
2002aafd   I2CMasterDataGet
2002ab01   I2CMasterDataPut
2002a9d9   I2CMasterEnable
2002a3bf   I2CMasterErr
20028041   I2CMasterInitExpClk
2002ab05   I2CMasterIntClearEx
2002a9e3   I2CMasterIntStatusEx
2002aa59   I2CMasterSlaveAddrSet
2002ab09   I2CMasterTimeoutSet
20028d49   I2C_IF_Open
20026331   I2C_IF_Read
20026765   I2C_IF_Write
20024751   IntDisable
200247dd   IntEnable
2002a9ed   IntMasterDisable
2002a9f7   IntMasterEnable
20028685   IntPendClear
20029865   IntPrioritySet
2002a709   IntRegister
2002a515   IntUnregister
2002a8e5   IntVTableBaseSet
2002a1b1   LogClient_Close
20022e15   LogClient_ConnectAndPrint
20022ed5   LogClient_ConnectServer
20029f0d   LogClient_Init
2001be7d   LogClient_Print
2002a8f1   NwpMaskInterrupt
20028db1   NwpPowerOff
200294d1   NwpPowerOn
20027285   NwpPowerOnPreamble
20029b7b   NwpRegisterInterruptHandler
2002a719   NwpUnMaskInterrupt
2002a1c9   OtaClient_CloseServer
20022bc9   OtaClient_ConnectServer
2002938f   OtaClient_GetNextUpdate
20028de5   OtaClient_Init
2001c6ed   OtaClient_ResourceMetadata
2001a915   OtaClient_ResourceNameConvert
2001e5fd   OtaClient_UpdateCheck
200215f9   PRCMCC3200MCUInit
2002a529   PRCMHibernateEnter
200294fd   PRCMHibernateIntervalSet
20029c45   PRCMHibernateWakeupSourceEnable
2002a53d   PRCMMCUReset
2002a1e1   PRCMPeripheralClkDisable
20029889   PRCMPeripheralClkEnable
2002639d   PRCMPeripheralClockGet
200286c5   PRCMPeripheralReset
20029f29   PRCMPeripheralStatusGet
20029c65   PRCMSlowClkCtrGet
20029c85   PRCMSysResetCauseGet
20026965   PinConfigSet
200298ad   PinDirModeSet
20029601   PinModeSet
20020b29   PinMuxConfig
2002aa01   PinTypeADC
200298d1   PinTypeGPIO
2002a3eb   PinTypeI2C
2002a551   PinTypeI2S
2002a565   PinTypeSDHost
2002a579   PinTypeSPI
2002a58d   PinTypeTimer
2002a5a1   PinTypeUART
2002aaa1   ResetISR
2002a1f9   SDHostBlockCountSet
2002a729   SDHostBlockSizeSet
2002a401   SDHostCmdReset
200296ef   SDHostCmdSend
2002a739   SDHostDataRead
2002a815   SDHostDataWrite
20026e71   SDHostInit
2002a211   SDHostIntClear
2002a229   SDHostIntStatus
2002a0e3   SDHostRespGet
20028885   SDHostSetExpClk
20028ae5   SHA1_Final
20028e19   SHA1_Init
20028903   SHA1_Update
UNDEFED    SHT$$INIT_ARRAY$$Base
UNDEFED    SHT$$INIT_ARRAY$$Limit
2002a823   SPICSDisable
2002a831   SPICSEnable
200269c9   SPIConfigSetExpClk
2002a749   SPIDataGet
2002a83f   SPIDataPut
2002a84d   SPIDisable
2002a8fd   SPIDmaDisable
2002a909   SPIDmaEnable
2002a85b   SPIEnable
2002a869   SPIFIFODisable
2002a915   SPIFIFOEnable
2002a241   SPIFIFOLevelSet
20028e4d   SPIIntClear
20028941   SPIIntEnable
2002a417   SPIReset
20028089   SPITransfer
2002a877   SPIWordCountSet
2002a5b5   SetupGPIOInterrupts
20029055   SetupTimerPWMMode
20026025   SimpleLinkNetAppEventHandler
2001d933   SimpleLinkSockEventHandler
20024059   SimpleLinkWlanEventHandler
2002ba88   SyncResponse_Alarm_fields
2002bb70   SyncResponse_Alarm_ringtone_id_default
2002bab0   SyncResponse_FlashAction_LEDAction_fields
2002b8f4   SyncResponse_FlashAction_fields
2002bb74   SyncResponse_PairingAction_fields
2002bad8   SyncResponse_WhiteNoise_fields
2002b806   SyncResponse_fields
20029629   TimerConfigure
2002a42d   TimerControlLevel
2002a5c9   TimerDisable
2002a885   TimerEnable
2002a669   TimerLoadSet
2002a67b   TimerMatchSet
2002a68d   TimerPrescaleSet
2002a669   Timer_IF_ReLoad
2002a5c9   Timer_IF_Stop
2002a759   UARTCharGetNonBlocking
2002a769   UARTCharPutNonBlocking
2002a921   UARTCharsAvail
200280d1   UARTConfigSetExpClk
20029f45   UARTDisable
2002a5dd   UARTEnable
2002aaa7   UARTFIFOLevelSet
20029ca5   UARTFlushRx
20029181   UARTFlushTx
2002ab0d   UARTIntClear
2002aa0b   UARTIntDisable
2002aa61   UARTIntEnable
2002a259   UARTIntRegister
2002aa15   UARTIntStatus
2002839d   UARTPeek
2002a92d   UARTSpaceAvail
2002aa69   UARTStdioInit
20023b6d   UARTStdioInitExpClk
2001b425   UARTStdioIntHandler
20027765   UARTgets
2001cbd1   UARTprintf
20023d4d   UARTwrite
2002aaad   UtilsDelay
2002897d   VStartSimpleLinkSpawnTask
2002993d   WDT_IF_DeInit
20028e81   WDT_IF_Init
2002aa1f   WatchdogEnable
2002aab3   WatchdogIntClear
2002aa29   WatchdogIntEnable
20029961   WatchdogIntHandler
2002a779   WatchdogIntRegister
2002a789   WatchdogIntUnregister
2002ab11   WatchdogReloadSet
2002aa71   WatchdogRunning
2002a893   WatchdogStallDisable
2002a8a1   WatchdogStallEnable
2002a939   WatchdogUnlock
2002a8bd   _Dclass
20028535   _Dtest
2002c75c   _Errno
200207f5   _OpenStorageFile
20026c85   _OtaCleanToIdle
2001fedd   _ReadFileHeaders
20022585   _ReadStatFile
2002a945   _RecvFileChunk
2002ba68   _SlAcceptCmdCtrl
2002b9e4   _SlActionLookupTable
2001a125   _SlAsyncEventGenericHandler
2002bbd4   _SlDeviceGetCmdCtrl
2002bbd8   _SlDeviceSetCmdCtrl
200291b1   _SlDrvBasicCmd
20022f95   _SlDrvClassifyRxMsg
20024869   _SlDrvCmdOp
2001ebb9   _SlDrvDataReadOp
2001fdb1   _SlDrvDataWriteOp
2002a0fd   _SlDrvDeviceEventHandler
20026a91   _SlDrvDriverCBDeinit
200245a1   _SlDrvDriverCBInit
20029529   _SlDrvFlowContDeinit
20029555   _SlDrvFlowContInit
2001a529   _SlDrvMsgRead
20023055   _SlDrvMsgReadCmdCtx
200243e5   _SlDrvMsgReadSpawnCtx
20020259   _SlDrvMsgWrite
20029087   _SlDrvNetAppEventHandler
20029f61   _SlDrvObjDeInit
20028119   _SlDrvObjInit
200206dd   _SlDrvReleasePoolObj
2001ed21   _SlDrvRxHdrRead
200289b9   _SlDrvRxIrqHandler
2002a443   _SlDrvShiftDWord
2001f795   _SlDrvWaitForPoolObj
2002bbd0   _SlEventMaskGetCmdCtrl
2002bbcc   _SlEventMaskSetCmdCtrl
200216e5   _SlFindAndSetActiveObj
2002ba20   _SlFsCloseCmdCtrl
2002ba30   _SlFsDeleteCmdCtrl
2002ba2c   _SlFsGetInfoCmdCtrl
2002ba1c   _SlFsOpenCmdCtrl
2002ba24   _SlFsReadCmdCtrl
2002ba28   _SlFsWriteCmdCtrl
2002bb14   _SlGetHostByNameCtrl
[...]
20022a39   untime
2002a7d9   ustrlen
200297ad   uxListRemove
2001dca3   vApplicationIdleHook
2002a485   vListInitialise
2002aaef   vListInitialiseItem
2002911f   vListInsert
2002a041   vListInsertEnd
20024b37   vPortClearInterruptMask
2002a05d   vPortEnterCritical
2002a349   vPortExitCritical
200296a1   vPortFree
20024b79   vPortSVCHandler
2002a641   vPortSetupTimerInterrupt
2002a361   vPortYield
2002a49b   vQueueDelete
20027da1   vTaskDelay
20026105   vTaskDelayUntil
20021a89   vTaskIncrementTick
20024221   vTaskList
2002a98d   vTaskMissedYield
20027609   vTaskPlaceOnEventList
20026bbd   vTaskPriorityDisinherit
20024dd1   vTaskPriorityInherit
2002a379   vTaskSetTimeOutState
20027ded   vTaskStartScheduler
2002a7e9   vTaskSuspendAll
20027661   vTaskSwitchContext
2001bb21   vUARTTask
2002a655   watchdog_thread
2002c750   xHigherPriorityTaskWoken
2002a999   xPortGetFreeHeapSize
20024b3d   xPortPendSVHandler
20029301   xPortStartScheduler
20029da5   xPortSysTickHandler
20027aed   xQueueCreateMutex
20027f63   xQueueGenericCreate
20021131   xQueueGenericReceive
20026c21   xQueueGenericReset
20021dfd   xQueueGenericSend
20026625   xQueueGenericSendFromISR
200185e4   xQueueRegistry
20018880   xSimpleLinkSpawnQueue
20026ff1   xTaskCheckForTimeOut
20021509   xTaskGenericCreate
2002a9a5   xTaskGetCurrentTaskHandle
2002a391   xTaskGetTickCount
20026175   xTaskRemoveFromEventList
20021d21   xTaskResumeAll


GLOBAL SYMBOLS: SORTED BY Symbol Address 

address    name
--------   ----
00000001   __TI_args_main
00000800   __STACK_SIZE
00008000   __HEAP_SIZE
20004000   g_pfnVectors
20016b60   g_OtaCheckUpdateResponse
200173ac   g_OtaFileMetadata
20017784   g_otaOptServerInfo
200179c4   fsobj
20017bf0   file_obj
20018214   g_StatMem
2001840c   g_CdnClient
20018544   g_ucDinDout
200185e4   xQueueRegistry
20018634   g_OtaApp_statistics
20018680   g_OtaApp
20018718   g_OtaClient
2001875c   file_info
2001879c   fsdirobj
200187b0   g_FlcSflashCb
20018828   g_LogClient
20018840   DMAMsgQ
20018848   dust_smphr
2001884c   g_cDummy
20018854   g_xRxLineSemaphore
20018858   i2c_smphr
20018874   pvOtaApp
20018880   xSimpleLinkSpawnQueue
2001943f   __TI_printfi
20019749   sl_extLib_OtaRun
20019cf1   send_data_pb
2001a125   _SlAsyncEventGenericHandler
2001a529   _SlDrvMsgRead
2001a915   OtaClient_ResourceNameConvert
2001acd9   f_mkfs
2001b081   proc_ota_run_step
2001b425   UARTStdioIntHandler
2001b7ad   CdnClient_Run
2001bb21   vUARTTask
2001be7d   LogClient_Print
2001c155   send_audio_wifi
2001c425   unix_time
2001c6ed   OtaClient_ResourceMetadata
2001cbd1   UARTprintf
2001cdef   __aeabi_uldivmod
2001cfe5   rx_data_pb
2001d1d5   http_connect_server
2001d3c1   start_connection
2001d5ad   thread_sensor_poll
2001d771   http_skip_headers
2001d933   SimpleLinkSockEventHandler
2001d935   sl_WlanConnect
2001daed   __aeabi_dsub
2001daf7   __aeabi_dadd
2001dca3   vApplicationIdleHook
2001dca5   sl_extLib_OtaGet
2001de4d   json_parse_dropbox_metadata
2001dfdd   Cmd_ls
2001e169   CdnClient_ConnectByUrl
2001e2f1   proc_ota_config
2001e479   f_write
2001e5fd   OtaClient_UpdateCheck
2001e8e5   AudioFeatures_SetAudioData
2001ebb9   _SlDrvDataReadOp
2001ed21   _SlDrvRxHdrRead
2001efd1   get_light
2001f125   get_prox
2001f279   f_read
2001f3c5   thread_ota
2001f651   pb_decode_noinit
2001f795   _SlDrvWaitForPoolObj
2001f8d5   f_open
2001fa15   fft
2001fb4b   __aeabi_ddiv
2001fc81   disk_initialize
2001fdb1   _SlDrvDataWriteOp
2001fedd   _ReadFileHeaders
20020009   f_mkdir
20020131   sl_NetAppPingStart
20020259   _SlDrvMsgWrite
2002049d   spi_Open
200205bd   f_lseek
200206dd   _SlDrvReleasePoolObj
200207f5   _OpenStorageFile
20020909   AES_set_key
20020a19   strtoul
20020b29   PinMuxConfig
20020c39   print_version
20020d3d   Cmd_cd
20020f39   __aeabi_dmul
20021035   sl_Connect
20021131   xQueueGenericReceive
2002122d   mel_freq
20021325   thread_fast_i2c_poll
20021419   Cmd_i2c_writereg
20021509   xTaskGenericCreate
200215f9   PRCMCC3200MCUInit
200216e5   _SlFindAndSetActiveObj
200217d1   Cmd_i2c_write
200218bd   get_humid
200219a5   get_temp
20021a89   vTaskIncrementTick
20021c45   sl_NetAppDnsGetHostByName
20021d21   xTaskResumeAll
20021dfd   xQueueGenericSend
20021ed7   AES_cbc_decrypt
20021fb1   Cmd_i2c_read
20022239   disk_write
2002230d   _WriteStatFile
200223e1   _readSignature
20022585   _ReadStatFile
2002264f   AES_cbc_encrypt
200228a9   sl_Start
20022971   sl_Stop
20022a39   untime
20022b01   Cmd_i2c_readreg
20022bc9   OtaClient_ConnectServer
20022c8d   get_time
20022d51   pb_encode_submessage
20022e15   LogClient_ConnectAndPrint
20022ed5   LogClient_ConnectServer
20022f95   _SlDrvClassifyRxMsg
20023055   _SlDrvMsgReadCmdCtx
20023115   f_unlink
20023295   sl_SendTo
20023355   get_dust
20023411   load_aes
200234c5   sl_extLib_OtaInit
20023579   sl_extLib_OtaSet
2002362d   sl_RecvFrom
200236dd   Cmd_mel
20023789   spi_read_step
20023835   f_getfree
20023981   sl_Send
20023a25   spi_Read
20023ac9   thread_tx
20023b6d   UARTStdioInitExpClk
20023c0d   sl_extlib_FlcOpenFile
20023d4d   UARTwrite
20023de9   recoveri2c
20023e85   __aeabi_memcpy
20023e85   __aeabi_memcpy4
20023e85   __aeabi_memcpy8
20023e85   memcpy
20023f21   Cmd_tasks
20024059   SimpleLinkWlanEventHandler
200240f1   http_build_request
20024189   snprintf
20024221   vTaskList
20024351   AES_convert_key
200243e5   _SlDrvMsgReadSpawnCtx
20024479   disk_read
2002450d   __TI_auto_init
200245a1   _SlDrvDriverCBInit
20024631   sl_extlib_FlcCommit
200246c1   sl_extlib_FlcTest
20024751   IntDisable
200247dd   IntEnable
20024869   _SlDrvCmdOp
20024981   sl_FsRead
20024a0d   sl_FsWrite
20024a99   Cmd_connect
20024b29   ulPortSetInterruptMask
20024b37   vPortClearInterruptMask
20024b3d   xPortPendSVHandler
20024b79   vPortSVCHandler
20024b99   prvPortStartFirstTask
20024ba9   portCLZ
20024c39   _sl_HandleAsync_DnsGetHostByName
20024d49   pb_read
20024dd1   vTaskPriorityInherit
20024edf   __aeabi_cdcmpeq
20024edf   __aeabi_cdcmple
20024f65   __aeabi_cdrcmple
20024fed   Cmd_write
20025071   _sl_HandleAsync_PingResponse
20025179   pvPortMalloc
200251fd   http_extract_domain_by_url
20025301   Cmd_status
20025381   _sl_HandleAsync_InitComplete
20025401   global_filename
20025481   uDMAChannelTransferSet
20025501   Cmd_spi_write
20025581   sl_DevGet
200255fd   Cmd_cat
20025765   _sl_HandleAsync_Connect
20025855   main
200258cd   __aeabi_memclr
200258cd   __aeabi_memclr4
200258cd   __aeabi_memclr8
200258cf   __aeabi_memset
200258cf   __aeabi_memset4
200258cf   __aeabi_memset8
200258d5   memset
20025945   sl_NetCfgGet
200259bd   spi_reset
20025a35   spi_write_step
20025e59   sl_FsClose
20025ecd   spi_Close
20025f41   f_sync
20026025   SimpleLinkNetAppEventHandler
20026095   _sl_TruncatePayloadByProtocol
20026105   vTaskDelayUntil
20026175   xTaskRemoveFromEventList
20026253   pb_encode_varint
200262c1   sl_Bind
20026331   I2C_IF_Read
2002639d   PRCMPeripheralClockGet
20026409   _SlRemoveFromList
20026475   _sl_HandleAsync_Accept
200264e1   _sl_HandleAsync_DnsGetHostByService
2002654d   proc_ota_init
200265b9   sl_WlanSmartConfigStart
20026625   xQueueGenericSendFromISR
200266fb   pb_encode
20026765   I2C_IF_Write
200267cd   pb_decode_varint
20026835   spi_write
2002689d   Cmd_help
20026901   Cmd_mode
20026965   PinConfigSet
200269c9   SPIConfigSetExpClk
20026a91   _SlDrvDriverCBDeinit
20026b59   spi_Write
20026bbd   vTaskPriorityDisinherit
20026c21   xQueueGenericReset
20026c85   _OtaCleanToIdle
20026d4d   spi_read
20026db1   CmdLineProcess
20026e11   Cmd_mkfs
20026e71   SDHostInit
20026ed1   _sl_HandleAsync_Select
20026f91   sprintf
20026ff1   xTaskCheckForTimeOut
20027051   pingRes
2002710f   f_opendir
200271cd   FaultDecoder
20027285   NwpPowerOnPreamble
200272e1   _sl_GetCreateFsMode
2002733d   _sl_HandleAsync_Stop
20027399   f_readdir
2002744f   ltoa
20027609   vTaskPlaceOnEventList
20027661   vTaskSwitchContext
200276b9   nordic_prox_int
20027711   Cmd_spi_read
20027765   UARTgets
200277b9   fxd_sin
2002780d   pb_write
20027861   sl_FsOpen
200278b5   pb_encode_tag_for_field
2002795d   Cmd_mnt
200279ad   Cmd_sl
200279fd   pb_make_string_substream
20027aed   xQueueCreateMutex
20027bd9   json_parse_dropbox_media_url
20027c25   matchhere
20027cbd   atoi
20027d09   srand
20027d1f   rand
20027d55   send_periodic_data
20027da1   vTaskDelay
20027ded   osi_start
20027ded   vTaskStartScheduler
20027e39   Cmd_antsel
20027e83   _sl_GetStartResponseConvert
20027f63   xQueueGenericCreate
20027fad   Cmd_umnt
20027ff9   FixedPointLog2Q10
20028041   I2CMasterInitExpClk
20028089   SPITransfer
200280d1   UARTConfigSetExpClk
20028119   _SlDrvObjInit
20028161   pb_decode_tag
200281a9   __aeabi_d2iz
200281f1   thread_dust
20028239   uDMAChannelAttributeDisable
20028281   uDMAChannelAttributeEnable
200282c9   GPIOIntTypeSet
20028311   pb_skip_field
20028359   Cmd_ping
2002839d   UARTPeek
200283e1   encode_mac
200284ad   copy_in
200284f1   C$$EXIT
200284f5   abort
200284fd   exit
20028535   _Dtest
20028579   sl_DevSet
200285bd   sl_SetSockOpt
20028601   __aeabi_uidivmod
20028685   IntPendClear
200286c5   PRCMPeripheralReset
20028705   f_stat
20028785   sl_FsDel
200287c5   sl_Recv
20028885   SDHostSetExpClk
200288c5   encode_name
20028903   SHA1_Update
20028941   SPIIntEnable
2002897d   VStartSimpleLinkSpawnTask
200289b9   _SlDrvRxIrqHandler
200289f5   pb_decode_svarint
20028a31   sl_WlanPolicySet
20028a6d   spi_init
20028ae5   SHA1_Final
20028b59   CountHighestMsb
20028bc9   f_mount
20028c39   sl_Htonl
20028ce1   CdnClient_Init
20028d15   Cmd_dusttest
20028d49   I2C_IF_Open
20028db1   NwpPowerOff
20028de5   OtaClient_Init
20028e19   SHA1_Init
20028e4d   SPIIntClear
20028e81   WDT_IF_Init
20028f1d   pb_ostream_from_sha_socket
20028f51   _c_int00
20028f85   strstr
20028fb9   sl_Htons
20028fed   start_wdt
20029055   SetupTimerPWMMode
20029087   _SlDrvNetAppEventHandler
2002911f   vListInsert
20029181   UARTFlushTx
200291b1   _SlDrvBasicCmd
200291e1   disk_ioctl
20029211   osi_Spawn
20029241   osi_SyncObjCreate
20029271   strncpy
200292a1   sl_Socket
200292d1   uDMAChannelAssign
20029301   xPortStartScheduler
2002938f   OtaClient_GetNextUpdate
200293bd   bitlog
200293eb   match
20029475   __aeabi_i2d
200294a5   DmaSpiSwIntHandler
200294d1   NwpPowerOn
200294fd   PRCMHibernateIntervalSet
20029529   _SlDrvFlowContDeinit
20029555   _SlDrvFlowContInit
20029581   matchstar
200295d9   Cmd_readproximity
20029601   PinModeSet
20029629   TimerConfigure
20029651   _sl_BuildAddress
20029679   sl_Recv_eagain
200296a1   mem_Free
200296a1   vPortFree
200296c9   GPIO_IF_ConfigureNIntEnable
200296ef   SDHostCmdSend
20029761   strncmp
20029787   sl_extlib_FlcCloseFile
200297ad   uxListRemove
200297d3   ADCChannelEnable
2002981d   Cmd_audio_test
20029841   GPIO_IF_GetPortNPin
20029865   IntPrioritySet
20029889   PRCMPeripheralClkEnable
200298ad   PinDirModeSet
200298d1   PinTypeGPIO
2002993d   WDT_IF_DeInit
20029961   WatchdogIntHandler
20029985   antsel
200299a9   bitexp
200299cd   mcu_reset
200299f1   nwp_reset
20029a15   osi_SyncObjSignalFromISR
20029a5d   sl_extlib_FlcIsPendingCommit
20029a81   uDMAChannelControlSet
20029ac9   Cmd_free
20029aed   Cmd_readhumid
20029b11   Cmd_readlight
20029b35   Cmd_readtemp
20029b59   Cmd_time
20029b7b   NwpRegisterInterruptHandler
20029be1   memcmp
20029c05   Cmd_mkdir
20029c25   Cmd_rm
20029c45   PRCMHibernateWakeupSourceEnable
20029c65   PRCMSlowClkCtrGet
20029c85   PRCMSysResetCauseGet
20029ca5   UARTFlushRx
20029ce5   osi_MsgQRead
20029d05   osi_MsgQWrite
20029d25   pb_encode_string
20029d45   pb_istream_from_buffer
20029d65   sl_Close
20029d85   sl_WlanSetMode
20029da5   xPortSysTickHandler
20029dc5   CS_set
20029de3   CdnClient_CloseServer
20029e1f   pb_encode_svarint
20029e5b   llabs
20029e69   labs
20029e71   abs
20029e79   __aeabi_llsl
20029e97   __aeabi_llsr
20029eb5   sl_extlib_FlcReadFile
20029ed3   sl_extlib_FlcWriteFile
20029ef1   AudioFeatures_Init
20029f0d   LogClient_Init
20029f29   PRCMPeripheralStatusGet
20029f45   UARTDisable
20029f61   _SlDrvObjDeInit
20029f99   osi_InterruptRegister
20029fb5   osi_LockObjLock
20029fd1   osi_SyncObjWait
20029fed   pb_decode
2002a025   memccpy
2002a041   vListInsertEnd
2002a05d   osi_EnterCritical
2002a05d   vPortEnterCritical
2002a095   CopyPingResultsToReport
2002a0af   GPIODirModeSet
2002a0e3   SDHostRespGet
2002a0fd   _SlDrvDeviceEventHandler
2002a131   osi_MsgQCreate
2002a165   pxPortInitialiseStack
2002a17f   strcat
2002a199   Cmd_pwd
2002a1b1   LogClient_Close
2002a1c9   OtaClient_CloseServer
2002a1e1   PRCMPeripheralClkDisable
2002a1f9   SDHostBlockCountSet
2002a211   SDHostIntClear
2002a229   SDHostIntStatus
2002a241   SPIFIFOLevelSet
2002a259   UARTIntRegister
2002a271   osi_LockObjCreate
2002a289   pb_encode_tag
2002a2a1   proc_ota_is_active
2002a2b9   _args_main
2002a2d1   __aeabi_lmul
2002a2e9   strcmp
2002a301   sl_extlib_FlcAbortFile
2002a319   stop_connection
2002a331   uDMAChannelEnable
2002a349   osi_ExitCritical
2002a349   vPortExitCritical
2002a361   vPortYield
2002a379   vTaskSetTimeOutState
2002a391   xTaskGetTickCount
2002a3a9   GPIO_IF_Set
2002a3bf   I2CMasterErr
2002a3eb   PinTypeI2C
2002a401   SDHostCmdReset
2002a417   SPIReset
2002a42d   TimerControlLevel
2002a443   _SlDrvShiftDWord
2002a459   _sl_Strlen
2002a46f   get_mac_address
2002a485   vListInitialise
2002a49b   vQueueDelete
2002a4c5   CPUcpsid
2002a4d9   CPUcpsie
2002a4ed   GPIOIntRegister
2002a515   IntUnregister
2002a529   PRCMHibernateEnter
2002a53d   PRCMMCUReset
2002a551   PinTypeI2S
2002a565   PinTypeSDHost
2002a579   PinTypeSPI
2002a58d   PinTypeTimer
2002a5a1   PinTypeUART
2002a5b5   SetupGPIOInterrupts
2002a5c9   TimerDisable
2002a5c9   Timer_IF_Stop
2002a5dd   UARTEnable
2002a5f1   osi_SyncObjClear
2002a605   _register_unlock
2002a60b   _register_lock
2002a613   _nop
2002a619   strlen
2002a641   vPortSetupTimerInterrupt
2002a655   watchdog_thread
2002a669   TimerLoadSet
2002a669   Timer_IF_ReLoad
2002a67b   TimerMatchSet
2002a68d   TimerPrescaleSet
2002a69f   audio_read_fn
2002a6b1   __TI_zero_init
2002a6c3   osi_LockObjUnlock
2002a6d5   osi_SyncObjSignal
2002a6f9   Cmd_fault
2002a709   IntRegister
2002a719   NwpUnMaskInterrupt
2002a729   SDHostBlockSizeSet
2002a739   SDHostDataRead
2002a749   SPIDataGet
2002a759   UARTCharGetNonBlocking
2002a769   UARTCharPutNonBlocking
2002a779   WatchdogIntRegister
2002a789   WatchdogIntUnregister
2002a799   disk_status
2002a7a9   f_close
2002a7b9   osi_InterruptDeRegister
2002a7c9   strcpy
2002a7d9   ustrlen
2002a7e9   vTaskSuspendAll
2002a7f9   GPIOIntStatus
2002a815   SDHostDataWrite
2002a823   SPICSDisable
2002a831   SPICSEnable
2002a83f   SPIDataPut
2002a84d   SPIDisable
2002a85b   SPIEnable
2002a869   SPIFIFODisable
2002a877   SPIWordCountSet
2002a885   TimerEnable
2002a893   WatchdogStallDisable
2002a8a1   WatchdogStallEnable
2002a8af   __TI_decompress_none
2002a8bd   _Dclass
2002a8cb   ADCFIFOLvlGet
2002a8d7   GPIOIntEnable
2002a8e5   IntVTableBaseSet
2002a8f1   NwpMaskInterrupt
2002a8fd   SPIDmaDisable
2002a909   SPIDmaEnable
2002a915   SPIFIFOEnable
2002a921   UARTCharsAvail
2002a92d   UARTSpaceAvail
2002a939   WatchdogUnlock
2002a945   _RecvFileChunk
2002a95d   osi_LockObjDelete
2002a969   osi_MsgQDelete
2002a975   osi_SyncObjDelete
2002a98d   vTaskMissedYield
2002a999   xPortGetFreeHeapSize
2002a9a5   xTaskGetCurrentTaskHandle
2002a9b1   ADCEnable
2002a9bb   ADCTimerConfig
2002a9c5   ADCTimerEnable
2002a9cf   FaultISR
2002a9d9   I2CMasterEnable
2002a9e3   I2CMasterIntStatusEx
2002a9ed   IntMasterDisable
2002a9f7   IntMasterEnable
2002aa01   PinTypeADC
2002aa0b   UARTIntDisable
2002aa15   UARTIntStatus
2002aa1f   WatchdogEnable
2002aa29   WatchdogIntEnable
2002aa3d   get_version_str
2002aa47   pb_close_string_substream
2002aa51   CdnClient_SetFileInfo
2002aa59   I2CMasterSlaveAddrSet
2002aa61   UARTIntEnable
2002aa69   UARTStdioInit
2002aa71   WatchdogRunning
2002aa79   http_recv_buf
2002aa81   http_send_buf
2002aa89   ADCFIFORead
2002aa8f   GPIOIntClear
2002aa95   GPIOPinRead
2002aa9b   GPIOPinWrite
2002aaa1   ResetISR
2002aaa7   UARTFIFOLevelSet
2002aaad   UtilsDelay
2002aab3   WatchdogIntClear
2002aab9   __TI_decompress_rle24
2002aacb   pb_decode_fixed32
2002aad1   pb_decode_fixed64
2002aae3   pb_encode_fixed32
2002aae9   pb_encode_fixed64
2002aaef   vListInitialiseItem
2002aaf5   Cmd_spi_reset
2002aaf9   I2CMasterControl
2002aafd   I2CMasterDataGet
2002ab01   I2CMasterDataPut
2002ab05   I2CMasterIntClearEx
2002ab09   I2CMasterTimeoutSet
2002ab0d   UARTIntClear
2002ab11   WatchdogReloadSet
2002ab15   get_fattime
2002ab19   local_filter
2002b0f2   _ctypes_
2002b798   periodic_data_fields
2002b806   SyncResponse_fields
2002b8f4   SyncResponse_FlashAction_fields
2002b9a8   _SlPolicySetCmdCtrl
2002b9ac   _SlPolicyGetCmdCtrl
2002b9b0   _SlProfileGetCmdCtrl
2002b9b4   _SlProfileDelCmdCtrl
2002b9b8   _SlWlanGetNetworkListCtrl
2002b9bc   _SlRxFilterAddtCmdCtrl
2002b9c0   _SlRxFilterSetCmdCtrl
2002b9c4   _SlRxFilterGetCmdCtrl
2002b9c8   _SlSmartConfigStartCmdCtrl
2002b9cc   _SlWlanSetModeCmdCtrl
2002b9d0   _SlWlanCfgSetCmdCtrl
2002b9d4   _SlWlanCfgGetCmdCtrl
2002b9e4   _SlActionLookupTable
2002ba1c   _SlFsOpenCmdCtrl
2002ba20   _SlFsCloseCmdCtrl
2002ba24   _SlFsReadCmdCtrl
2002ba28   _SlFsWriteCmdCtrl
2002ba2c   _SlFsGetInfoCmdCtrl
2002ba30   _SlFsDeleteCmdCtrl
2002ba54   _SlSockSocketCmdCtrl
2002ba58   _SlSockCloseCmdCtrl
2002ba5c   _SlRecvfomCmdCtrl
2002ba60   _SlSendCmdCtrl
2002ba64   _SlListenCmdCtrl
2002ba68   _SlAcceptCmdCtrl
2002ba6c   _SlRecvCmdCtrl
2002ba70   _SlSetSockOptCmdCtrl
2002ba74   _SlGetSockOptCmdCtrl
2002ba78   _SlSelectCmdCtrl
2002ba88   SyncResponse_Alarm_fields
2002bab0   SyncResponse_FlashAction_LEDAction_fields
2002bad8   SyncResponse_WhiteNoise_fields
2002bb00   _SlNetAppStartCtrl
2002bb04   _SlNetAppStopCtrl
2002bb08   _SlGetServiceListeCtrl
2002bb0c   _SlRegisterServiceCtrl
2002bb10   _SlGetHostByServiceCtrl
2002bb14   _SlGetHostByNameCtrl
2002bb18   _SlNetAppSetCmdCtrl
2002bb1c   _SlNetAppSendTokenValueCmdCtrl
2002bb20   _SlNetAppGetCmdCtrl
2002bb70   SyncResponse_Alarm_ringtone_id_default
2002bb74   SyncResponse_PairingAction_fields
2002bbc8   _SlStopCmdCtrl
2002bbcc   _SlEventMaskSetCmdCtrl
2002bbd0   _SlEventMaskGetCmdCtrl
2002bbd4   _SlDeviceGetCmdCtrl
2002bbd8   _SlDeviceSetCmdCtrl
2002bbdc   g_H2NSyncPattern
2002bbe4   g_H2NCnysPattern
2002bc48   _SlNetCfgSetCmdCtrl
2002bc4c   _SlNetCfgGetCmdCtrl
2002bc50   __stack
2002c450   __STACK_END
2002c450   g_sCmdTable
2002c668   pxCurrentTCB
2002c6d0   g_uiLED1Port
2002c6d4   g_uiLED2Port
2002c6d8   g_uiLED3Port
2002c6fc   data_queue
2002c708   sl_mode
2002c70c   sl_status
2002c718   g_SpiFd
2002c71c   g_pHostIntHdl
2002c720   g_ucDMAEnabled
2002c724   g_pCB
2002c728   pPingCallBackFunc
2002c72c   gFirstCmdMode
2002c740   _lock
2002c744   _unlock
2002c748   __TI_cleanup_ptr
2002c74c   __TI_dtors_ptr
2002c750   xHigherPriorityTaskWoken
2002c758   g_ConsecutiveNetAccessNetErrors
2002c75c   _Errno
2002c764   main_func_sp
2002c768   __TI_static_base__
2002c984   __TI_Handler_Table_Base
2002c990   __TI_Handler_Table_Limit
2002c998   __TI_CINIT_Base
2002c9a8   __TI_CINIT_Limit
2002cc50   __STACK_TOP
ffffffff   __binit__
ffffffff   __c_args__
ffffffff   binit
UNDEFED    SHT$$INIT_ARRAY$$Base
UNDEFED    SHT$$INIT_ARRAY$$Limit

[669 symbols]
