<?xml version="1.0"?>
<link_info>
   <banner>TI ARM Linker PC v5.1.1</banner>
   <copyright>Copyright (c) 1996-2013 Texas Instruments Incorporated</copyright>
   <link_time>0x5385073d</link_time>
   <link_errors>0x0</link_errors>
   <output_file>C:/Users/chrisjohnson/Desktop/kitsune/kitsune/ccs/exe/kitsune.out</output_file>
   <entry_point>
      <name>_c_int00</name>
      <address>0x2000908d</address>
   </entry_point>
   <input_file_list>
      <input_file id="fl-2">
         <path>.\nanopb\</path>
         <kind>object</kind>
         <file>pb_encode.obj</file>
         <name>pb_encode.obj</name>
      </input_file>
      <input_file id="fl-3">
         <path>.\nanopb\</path>
         <kind>object</kind>
         <file>pb_decode.obj</file>
         <name>pb_decode.obj</name>
      </input_file>
      <input_file id="fl-4">
         <path>.\protobuf\</path>
         <kind>object</kind>
         <file>simple.pb.obj</file>
         <name>simple.pb.obj</name>
      </input_file>
      <input_file id="fl-5">
         <path>.\utils\</path>
         <kind>object</kind>
         <file>ustdlib.obj</file>
         <name>ustdlib.obj</name>
      </input_file>
      <input_file id="fl-6">
         <path>.\utils\</path>
         <kind>object</kind>
         <file>cmdline.obj</file>
         <name>cmdline.obj</name>
      </input_file>
      <input_file id="fl-7">
         <path>.\</path>
         <kind>object</kind>
         <file>uartstdio.obj</file>
         <name>uartstdio.obj</name>
      </input_file>
      <input_file id="fl-8">
         <path>.\</path>
         <kind>object</kind>
         <file>startup_ccs.obj</file>
         <name>startup_ccs.obj</name>
      </input_file>
      <input_file id="fl-9">
         <path>.\</path>
         <kind>object</kind>
         <file>pinmux.obj</file>
         <name>pinmux.obj</name>
      </input_file>
      <input_file id="fl-a">
         <path>.\</path>
         <kind>object</kind>
         <file>main.obj</file>
         <name>main.obj</name>
      </input_file>
      <input_file id="fl-b">
         <path>.\</path>
         <kind>object</kind>
         <file>fault.obj</file>
         <name>fault.obj</name>
      </input_file>
      <input_file id="fl-c">
         <path>.\</path>
         <kind>object</kind>
         <file>commands.obj</file>
         <name>commands.obj</name>
      </input_file>
      <input_file id="fl-12">
         <path>C:\Users\chrisjohnson\Desktop\kitsune\kitsune\ccs\..\..\third_party\FreeRTOS\ccs\exe\</path>
         <kind>archive</kind>
         <file>FreeRTOS.a</file>
         <name>tasks.obj</name>
      </input_file>
      <input_file id="fl-13">
         <path>C:\Users\chrisjohnson\Desktop\kitsune\kitsune\ccs\..\..\third_party\FreeRTOS\ccs\exe\</path>
         <kind>archive</kind>
         <file>FreeRTOS.a</file>
         <name>queue.obj</name>
      </input_file>
      <input_file id="fl-14">
         <path>C:\Users\chrisjohnson\Desktop\kitsune\kitsune\ccs\..\..\third_party\FreeRTOS\ccs\exe\</path>
         <kind>archive</kind>
         <file>FreeRTOS.a</file>
         <name>portasm.obj</name>
      </input_file>
      <input_file id="fl-15">
         <path>C:\Users\chrisjohnson\Desktop\kitsune\kitsune\ccs\..\..\third_party\FreeRTOS\ccs\exe\</path>
         <kind>archive</kind>
         <file>FreeRTOS.a</file>
         <name>port.obj</name>
      </input_file>
      <input_file id="fl-16">
         <path>C:\Users\chrisjohnson\Desktop\kitsune\kitsune\ccs\..\..\third_party\FreeRTOS\ccs\exe\</path>
         <kind>archive</kind>
         <file>FreeRTOS.a</file>
         <name>osi.obj</name>
      </input_file>
      <input_file id="fl-17">
         <path>C:\Users\chrisjohnson\Desktop\kitsune\kitsune\ccs\..\..\third_party\FreeRTOS\ccs\exe\</path>
         <kind>archive</kind>
         <file>FreeRTOS.a</file>
         <name>list.obj</name>
      </input_file>
      <input_file id="fl-18">
         <path>C:\Users\chrisjohnson\Desktop\kitsune\kitsune\ccs\..\..\driverlib\ccs\exe\</path>
         <kind>archive</kind>
         <file>driverlib.a</file>
         <name>utils.obj</name>
      </input_file>
      <input_file id="fl-19">
         <path>C:\Users\chrisjohnson\Desktop\kitsune\kitsune\ccs\..\..\driverlib\ccs\exe\</path>
         <kind>archive</kind>
         <file>driverlib.a</file>
         <name>uart.obj</name>
      </input_file>
      <input_file id="fl-1a">
         <path>C:\Users\chrisjohnson\Desktop\kitsune\kitsune\ccs\..\..\driverlib\ccs\exe\</path>
         <kind>archive</kind>
         <file>driverlib.a</file>
         <name>prcm.obj</name>
      </input_file>
      <input_file id="fl-1b">
         <path>C:\Users\chrisjohnson\Desktop\kitsune\kitsune\ccs\..\..\driverlib\ccs\exe\</path>
         <kind>archive</kind>
         <file>driverlib.a</file>
         <name>pin.obj</name>
      </input_file>
      <input_file id="fl-1c">
         <path>C:\Users\chrisjohnson\Desktop\kitsune\kitsune\ccs\..\..\driverlib\ccs\exe\</path>
         <kind>archive</kind>
         <file>driverlib.a</file>
         <name>interrupt.obj</name>
      </input_file>
      <input_file id="fl-1d">
         <path>C:\Users\chrisjohnson\Desktop\kitsune\kitsune\ccs\..\..\driverlib\ccs\exe\</path>
         <kind>archive</kind>
         <file>driverlib.a</file>
         <name>flash.obj</name>
      </input_file>
      <input_file id="fl-1e">
         <path>C:\Users\chrisjohnson\Desktop\kitsune\kitsune\ccs\..\..\driverlib\ccs\exe\</path>
         <kind>archive</kind>
         <file>driverlib.a</file>
         <name>cpu.obj</name>
      </input_file>
      <input_file id="fl-148">
         <path>C:\ti\ccsv5\tools\compiler\arm_5.1.1\lib\</path>
         <kind>archive</kind>
         <file>rtsv7M4_T_le_eabi.lib</file>
         <name>boot.obj</name>
      </input_file>
      <input_file id="fl-149">
         <path>C:\ti\ccsv5\tools\compiler\arm_5.1.1\lib\</path>
         <kind>archive</kind>
         <file>rtsv7M4_T_le_eabi.lib</file>
         <name>copy_decompress_none.obj</name>
      </input_file>
      <input_file id="fl-14a">
         <path>C:\ti\ccsv5\tools\compiler\arm_5.1.1\lib\</path>
         <kind>archive</kind>
         <file>rtsv7M4_T_le_eabi.lib</file>
         <name>copy_decompress_rle.obj</name>
      </input_file>
      <input_file id="fl-14b">
         <path>C:\ti\ccsv5\tools\compiler\arm_5.1.1\lib\</path>
         <kind>archive</kind>
         <file>rtsv7M4_T_le_eabi.lib</file>
         <name>copy_zero_init.obj</name>
      </input_file>
      <input_file id="fl-14c">
         <path>C:\ti\ccsv5\tools\compiler\arm_5.1.1\lib\</path>
         <kind>archive</kind>
         <file>rtsv7M4_T_le_eabi.lib</file>
         <name>exit.obj</name>
      </input_file>
      <input_file id="fl-14d">
         <path>C:\ti\ccsv5\tools\compiler\arm_5.1.1\lib\</path>
         <kind>archive</kind>
         <file>rtsv7M4_T_le_eabi.lib</file>
         <name>ll_lsl_t2.obj</name>
      </input_file>
      <input_file id="fl-14e">
         <path>C:\ti\ccsv5\tools\compiler\arm_5.1.1\lib\</path>
         <kind>archive</kind>
         <file>rtsv7M4_T_le_eabi.lib</file>
         <name>ll_lsr_t2.obj</name>
      </input_file>
      <input_file id="fl-14f">
         <path>C:\ti\ccsv5\tools\compiler\arm_5.1.1\lib\</path>
         <kind>archive</kind>
         <file>rtsv7M4_T_le_eabi.lib</file>
         <name>memcpy_t2.obj</name>
      </input_file>
      <input_file id="fl-150">
         <path>C:\ti\ccsv5\tools\compiler\arm_5.1.1\lib\</path>
         <kind>archive</kind>
         <file>rtsv7M4_T_le_eabi.lib</file>
         <name>memory.obj</name>
      </input_file>
      <input_file id="fl-151">
         <path>C:\ti\ccsv5\tools\compiler\arm_5.1.1\lib\</path>
         <kind>archive</kind>
         <file>rtsv7M4_T_le_eabi.lib</file>
         <name>memset_t2.obj</name>
      </input_file>
      <input_file id="fl-152">
         <path>C:\ti\ccsv5\tools\compiler\arm_5.1.1\lib\</path>
         <kind>archive</kind>
         <file>rtsv7M4_T_le_eabi.lib</file>
         <name>sprintf.obj</name>
      </input_file>
      <input_file id="fl-153">
         <path>C:\ti\ccsv5\tools\compiler\arm_5.1.1\lib\</path>
         <kind>archive</kind>
         <file>rtsv7M4_T_le_eabi.lib</file>
         <name>stkdepth_vars.obj</name>
      </input_file>
      <input_file id="fl-154">
         <path>C:\ti\ccsv5\tools\compiler\arm_5.1.1\lib\</path>
         <kind>archive</kind>
         <file>rtsv7M4_T_le_eabi.lib</file>
         <name>strcat.obj</name>
      </input_file>
      <input_file id="fl-155">
         <path>C:\ti\ccsv5\tools\compiler\arm_5.1.1\lib\</path>
         <kind>archive</kind>
         <file>rtsv7M4_T_le_eabi.lib</file>
         <name>strcmp.obj</name>
      </input_file>
      <input_file id="fl-156">
         <path>C:\ti\ccsv5\tools\compiler\arm_5.1.1\lib\</path>
         <kind>archive</kind>
         <file>rtsv7M4_T_le_eabi.lib</file>
         <name>strncpy.obj</name>
      </input_file>
      <input_file id="fl-157">
         <path>C:\ti\ccsv5\tools\compiler\arm_5.1.1\lib\</path>
         <kind>archive</kind>
         <file>rtsv7M4_T_le_eabi.lib</file>
         <name>u_divt2.obj</name>
      </input_file>
      <input_file id="fl-158">
         <path>C:\ti\ccsv5\tools\compiler\arm_5.1.1\lib\</path>
         <kind>archive</kind>
         <file>rtsv7M4_T_le_eabi.lib</file>
         <name>ull_div_t2.obj</name>
      </input_file>
      <input_file id="fl-159">
         <path>C:\ti\ccsv5\tools\compiler\arm_5.1.1\lib\</path>
         <kind>archive</kind>
         <file>rtsv7M4_T_le_eabi.lib</file>
         <name>_lock.obj</name>
      </input_file>
      <input_file id="fl-15a">
         <path>C:\ti\ccsv5\tools\compiler\arm_5.1.1\lib\</path>
         <kind>archive</kind>
         <file>rtsv7M4_T_le_eabi.lib</file>
         <name>_printfi.obj</name>
      </input_file>
      <input_file id="fl-15b">
         <path>C:\ti\ccsv5\tools\compiler\arm_5.1.1\lib\</path>
         <kind>archive</kind>
         <file>rtsv7M4_T_le_eabi.lib</file>
         <name>args_main.obj</name>
      </input_file>
      <input_file id="fl-15c">
         <path>C:\ti\ccsv5\tools\compiler\arm_5.1.1\lib\</path>
         <kind>archive</kind>
         <file>rtsv7M4_T_le_eabi.lib</file>
         <name>atoi.obj</name>
      </input_file>
      <input_file id="fl-15d">
         <path>C:\ti\ccsv5\tools\compiler\arm_5.1.1\lib\</path>
         <kind>archive</kind>
         <file>rtsv7M4_T_le_eabi.lib</file>
         <name>auto_init.obj</name>
      </input_file>
      <input_file id="fl-15e">
         <path>C:\ti\ccsv5\tools\compiler\arm_5.1.1\lib\</path>
         <kind>archive</kind>
         <file>rtsv7M4_T_le_eabi.lib</file>
         <name>cpy_tbl.obj</name>
      </input_file>
      <input_file id="fl-15f">
         <path>C:\ti\ccsv5\tools\compiler\arm_5.1.1\lib\</path>
         <kind>archive</kind>
         <file>rtsv7M4_T_le_eabi.lib</file>
         <name>ctype.obj</name>
      </input_file>
      <input_file id="fl-160">
         <path>C:\ti\ccsv5\tools\compiler\arm_5.1.1\lib\</path>
         <kind>archive</kind>
         <file>rtsv7M4_T_le_eabi.lib</file>
         <name>fd_add_t2.obj</name>
      </input_file>
      <input_file id="fl-161">
         <path>C:\ti\ccsv5\tools\compiler\arm_5.1.1\lib\</path>
         <kind>archive</kind>
         <file>rtsv7M4_T_le_eabi.lib</file>
         <name>fd_cmp_t2.obj</name>
      </input_file>
      <input_file id="fl-162">
         <path>C:\ti\ccsv5\tools\compiler\arm_5.1.1\lib\</path>
         <kind>archive</kind>
         <file>rtsv7M4_T_le_eabi.lib</file>
         <name>fd_div_t2.obj</name>
      </input_file>
      <input_file id="fl-163">
         <path>C:\ti\ccsv5\tools\compiler\arm_5.1.1\lib\</path>
         <kind>archive</kind>
         <file>rtsv7M4_T_le_eabi.lib</file>
         <name>fd_mul_t2.obj</name>
      </input_file>
      <input_file id="fl-164">
         <path>C:\ti\ccsv5\tools\compiler\arm_5.1.1\lib\</path>
         <kind>archive</kind>
         <file>rtsv7M4_T_le_eabi.lib</file>
         <name>fd_toi_t2.obj</name>
      </input_file>
      <input_file id="fl-165">
         <path>C:\ti\ccsv5\tools\compiler\arm_5.1.1\lib\</path>
         <kind>archive</kind>
         <file>rtsv7M4_T_le_eabi.lib</file>
         <name>i_tofd_t2.obj</name>
      </input_file>
      <input_file id="fl-166">
         <path>C:\ti\ccsv5\tools\compiler\arm_5.1.1\lib\</path>
         <kind>archive</kind>
         <file>rtsv7M4_T_le_eabi.lib</file>
         <name>ll_mul_t2.obj</name>
      </input_file>
      <input_file id="fl-167">
         <path>C:\ti\ccsv5\tools\compiler\arm_5.1.1\lib\</path>
         <kind>archive</kind>
         <file>rtsv7M4_T_le_eabi.lib</file>
         <name>ltoa.obj</name>
      </input_file>
      <input_file id="fl-168">
         <path>C:\ti\ccsv5\tools\compiler\arm_5.1.1\lib\</path>
         <kind>archive</kind>
         <file>rtsv7M4_T_le_eabi.lib</file>
         <name>memccpy.obj</name>
      </input_file>
      <input_file id="fl-169">
         <path>C:\ti\ccsv5\tools\compiler\arm_5.1.1\lib\</path>
         <kind>archive</kind>
         <file>rtsv7M4_T_le_eabi.lib</file>
         <name>strlen.obj</name>
      </input_file>
      <input_file id="fl-16a">
         <path>C:\ti\ccsv5\tools\compiler\arm_5.1.1\lib\</path>
         <kind>archive</kind>
         <file>rtsv7M4_T_le_eabi.lib</file>
         <name>xdclass.obj</name>
      </input_file>
      <input_file id="fl-16b">
         <path>C:\ti\ccsv5\tools\compiler\arm_5.1.1\lib\</path>
         <kind>archive</kind>
         <file>rtsv7M4_T_le_eabi.lib</file>
         <name>xdtest.obj</name>
      </input_file>
   </input_file_list>
   <object_component_list>
      <object_component id="oc-e">
         <name>.intvecs</name>
         <load_address>0x20000000</load_address>
         <run_address>0x20000000</run_address>
         <size>0x400</size>
         <input_file_ref idref="fl-8"/>
      </object_component>
      <object_component id="oc-87">
         <name>.text</name>
         <load_address>0x20000400</load_address>
         <run_address>0x20000400</run_address>
         <size>0x101c</size>
         <input_file_ref idref="fl-12"/>
      </object_component>
      <object_component id="oc-207">
         <name>.text</name>
         <load_address>0x2000141c</load_address>
         <run_address>0x2000141c</run_address>
         <size>0x1010</size>
         <input_file_ref idref="fl-3"/>
      </object_component>
      <object_component id="oc-1ea">
         <name>.text</name>
         <load_address>0x2000242c</load_address>
         <run_address>0x2000242c</run_address>
         <size>0xe7c</size>
         <input_file_ref idref="fl-15a"/>
      </object_component>
      <object_component id="oc-6f">
         <name>.text</name>
         <load_address>0x200032a8</load_address>
         <run_address>0x200032a8</run_address>
         <size>0xb58</size>
         <input_file_ref idref="fl-7"/>
      </object_component>
      <object_component id="oc-202">
         <name>.text</name>
         <load_address>0x20003e00</load_address>
         <run_address>0x20003e00</run_address>
         <size>0xb4e</size>
         <input_file_ref idref="fl-2"/>
      </object_component>
      <object_component id="oc-dc">
         <name>.text</name>
         <load_address>0x20004950</load_address>
         <run_address>0x20004950</run_address>
         <size>0xa88</size>
         <input_file_ref idref="fl-13"/>
      </object_component>
      <object_component id="oc-1fd">
         <name>.text</name>
         <load_address>0x200053d8</load_address>
         <run_address>0x200053d8</run_address>
         <size>0xa4c</size>
         <input_file_ref idref="fl-5"/>
      </object_component>
      <object_component id="oc-d7">
         <name>.text</name>
         <load_address>0x20005e24</load_address>
         <run_address>0x20005e24</run_address>
         <size>0x604</size>
         <input_file_ref idref="fl-1a"/>
      </object_component>
      <object_component id="oc-d2">
         <name>.text</name>
         <load_address>0x20006428</load_address>
         <run_address>0x20006428</run_address>
         <size>0x4f6</size>
         <input_file_ref idref="fl-19"/>
      </object_component>
      <object_component id="oc-1da">
         <name>.text</name>
         <load_address>0x20006920</load_address>
         <run_address>0x20006920</run_address>
         <size>0x3cc</size>
         <input_file_ref idref="fl-150"/>
      </object_component>
      <object_component id="oc-165">
         <name>.text</name>
         <load_address>0x20006cec</load_address>
         <run_address>0x20006cec</run_address>
         <size>0x398</size>
         <input_file_ref idref="fl-c"/>
      </object_component>
      <object_component id="oc-cd">
         <name>.text</name>
         <load_address>0x20007084</load_address>
         <run_address>0x20007084</run_address>
         <size>0x36c</size>
         <input_file_ref idref="fl-1c"/>
      </object_component>
      <object_component id="oc-12c">
         <name>.text</name>
         <load_address>0x200073f0</load_address>
         <run_address>0x200073f0</run_address>
         <size>0x368</size>
         <input_file_ref idref="fl-16"/>
      </object_component>
      <object_component id="oc-2b">
         <name>.text</name>
         <load_address>0x20007758</load_address>
         <run_address>0x20007758</run_address>
         <size>0x314</size>
         <input_file_ref idref="fl-b"/>
      </object_component>
      <object_component id="oc-196">
         <name>.text</name>
         <load_address>0x20007a6c</load_address>
         <run_address>0x20007a6c</run_address>
         <size>0x300</size>
         <input_file_ref idref="fl-1d"/>
      </object_component>
      <object_component id="oc-15b">
         <name>.text</name>
         <load_address>0x20007d6c</load_address>
         <run_address>0x20007d6c</run_address>
         <size>0x284</size>
         <input_file_ref idref="fl-1b"/>
      </object_component>
      <object_component id="oc-18e">
         <name>.text</name>
         <load_address>0x20007ff0</load_address>
         <run_address>0x20007ff0</run_address>
         <size>0x1f4</size>
         <input_file_ref idref="fl-158"/>
      </object_component>
      <object_component id="oc-a0">
         <name>.text</name>
         <load_address>0x200081e4</load_address>
         <run_address>0x200081e4</run_address>
         <size>0x1cc</size>
         <input_file_ref idref="fl-a"/>
      </object_component>
      <object_component id="oc-2a9">
         <name>.text</name>
         <load_address>0x200083b0</load_address>
         <run_address>0x200083b0</run_address>
         <size>0x1b6</size>
         <input_file_ref idref="fl-160"/>
      </object_component>
      <object_component id="oc-294">
         <name>.text</name>
         <load_address>0x20008566</load_address>
         <run_address>0x20008566</run_address>
         <size>0x136</size>
         <input_file_ref idref="fl-162"/>
      </object_component>
      <object_component id="oc-10f">
         <name>.text</name>
         <load_address>0x2000869c</load_address>
         <run_address>0x2000869c</run_address>
         <size>0x132</size>
         <input_file_ref idref="fl-17"/>
      </object_component>
      <object_component id="oc-290">
         <name>.text</name>
         <load_address>0x200087ce</load_address>
         <run_address>0x200087ce</run_address>
         <size>0xfc</size>
         <input_file_ref idref="fl-163"/>
      </object_component>
      <object_component id="oc-34">
         <name>.text</name>
         <load_address>0x200088cc</load_address>
         <run_address>0x200088cc</run_address>
         <size>0xf4</size>
         <input_file_ref idref="fl-15"/>
      </object_component>
      <object_component id="oc-20c">
         <name>.text</name>
         <load_address>0x200089c0</load_address>
         <run_address>0x200089c0</run_address>
         <size>0xa4</size>
         <input_file_ref idref="fl-6"/>
      </object_component>
      <object_component id="oc-4d">
         <name>.text</name>
         <load_address>0x20008a64</load_address>
         <run_address>0x20008a64</run_address>
         <size>0x9c</size>
         <input_file_ref idref="fl-14f"/>
      </object_component>
      <object_component id="oc-3c">
         <name>.text</name>
         <load_address>0x20008b00</load_address>
         <run_address>0x20008b00</run_address>
         <size>0x94</size>
         <input_file_ref idref="fl-15d"/>
      </object_component>
      <object_component id="oc-30">
         <name>.text</name>
         <load_address>0x20008b94</load_address>
         <run_address>0x20008b94</run_address>
         <size>0x8a</size>
         <input_file_ref idref="fl-14"/>
      </object_component>
      <object_component id="oc-28c">
         <name>.text:__aeabi_cdcmple</name>
         <load_address>0x20008c1e</load_address>
         <run_address>0x20008c1e</run_address>
         <size>0x7e</size>
         <input_file_ref idref="fl-161"/>
      </object_component>
      <object_component id="oc-298">
         <name>.text:__aeabi_cdrcmple</name>
         <load_address>0x20008c9c</load_address>
         <run_address>0x20008c9c</run_address>
         <size>0x7e</size>
         <input_file_ref idref="fl-161"/>
      </object_component>
      <object_component id="oc-131">
         <name>.text</name>
         <load_address>0x20008d1a</load_address>
         <run_address>0x20008d1a</run_address>
         <size>0x78</size>
         <input_file_ref idref="fl-151"/>
      </object_component>
      <object_component id="oc-135">
         <name>.text</name>
         <load_address>0x20008d94</load_address>
         <run_address>0x20008d94</run_address>
         <size>0x60</size>
         <input_file_ref idref="fl-152"/>
      </object_component>
      <object_component id="oc-5f">
         <name>.text</name>
         <load_address>0x20008df4</load_address>
         <run_address>0x20008df4</run_address>
         <size>0x5e</size>
         <input_file_ref idref="fl-14a"/>
      </object_component>
      <object_component id="oc-2a0">
         <name>.text</name>
         <load_address>0x20008e52</load_address>
         <run_address>0x20008e52</run_address>
         <size>0x5a</size>
         <input_file_ref idref="fl-167"/>
      </object_component>
      <object_component id="oc-2b7">
         <name>.text</name>
         <load_address>0x20008eac</load_address>
         <run_address>0x20008eac</run_address>
         <size>0x4c</size>
         <input_file_ref idref="fl-15c"/>
      </object_component>
      <object_component id="oc-29c">
         <name>.text</name>
         <load_address>0x20008ef8</load_address>
         <run_address>0x20008ef8</run_address>
         <size>0x48</size>
         <input_file_ref idref="fl-164"/>
      </object_component>
      <object_component id="oc-9a">
         <name>.text</name>
         <load_address>0x20008f40</load_address>
         <run_address>0x20008f40</run_address>
         <size>0x44</size>
         <input_file_ref idref="fl-15e"/>
      </object_component>
      <object_component id="oc-45">
         <name>.text</name>
         <load_address>0x20008f84</load_address>
         <run_address>0x20008f84</run_address>
         <size>0x44</size>
         <input_file_ref idref="fl-14c"/>
      </object_component>
      <object_component id="oc-32d">
         <name>.text</name>
         <load_address>0x20008fc8</load_address>
         <run_address>0x20008fc8</run_address>
         <size>0x44</size>
         <input_file_ref idref="fl-16b"/>
      </object_component>
      <object_component id="oc-ec">
         <name>.text</name>
         <load_address>0x2000900c</load_address>
         <run_address>0x2000900c</run_address>
         <size>0x42</size>
         <input_file_ref idref="fl-157"/>
      </object_component>
      <object_component id="oc-17f">
         <name>.text</name>
         <load_address>0x2000904e</load_address>
         <run_address>0x2000904e</run_address>
         <size>0x3e</size>
         <input_file_ref idref="fl-1e"/>
      </object_component>
      <object_component id="oc-10">
         <name>.text</name>
         <load_address>0x2000908c</load_address>
         <run_address>0x2000908c</run_address>
         <size>0x34</size>
         <input_file_ref idref="fl-148"/>
      </object_component>
      <object_component id="oc-126">
         <name>.text</name>
         <load_address>0x200090c0</load_address>
         <run_address>0x200090c0</run_address>
         <size>0x30</size>
         <input_file_ref idref="fl-156"/>
      </object_component>
      <object_component id="oc-2a5">
         <name>.text</name>
         <load_address>0x200090f0</load_address>
         <run_address>0x200090f0</run_address>
         <size>0x2e</size>
         <input_file_ref idref="fl-165"/>
      </object_component>
      <object_component id="oc-2e3">
         <name>.text</name>
         <load_address>0x2000911e</load_address>
         <run_address>0x2000911e</run_address>
         <size>0x1e</size>
         <input_file_ref idref="fl-14d"/>
      </object_component>
      <object_component id="oc-192">
         <name>.text</name>
         <load_address>0x2000913c</load_address>
         <run_address>0x2000913c</run_address>
         <size>0x1e</size>
         <input_file_ref idref="fl-14e"/>
      </object_component>
      <object_component id="oc-160">
         <name>.text</name>
         <load_address>0x2000915a</load_address>
         <run_address>0x2000915a</run_address>
         <size>0x1c</size>
         <input_file_ref idref="fl-9"/>
      </object_component>
      <object_component id="oc-2b2">
         <name>.text</name>
         <load_address>0x20009176</load_address>
         <run_address>0x20009176</run_address>
         <size>0x1c</size>
         <input_file_ref idref="fl-168"/>
      </object_component>
      <object_component id="oc-11c">
         <name>.text</name>
         <load_address>0x20009192</load_address>
         <run_address>0x20009192</run_address>
         <size>0x1a</size>
         <input_file_ref idref="fl-154"/>
      </object_component>
      <object_component id="oc-40">
         <name>.text</name>
         <load_address>0x200091ac</load_address>
         <run_address>0x200091ac</run_address>
         <size>0x18</size>
         <input_file_ref idref="fl-15b"/>
      </object_component>
      <object_component id="oc-283">
         <name>.text</name>
         <load_address>0x200091c4</load_address>
         <run_address>0x200091c4</run_address>
         <size>0x18</size>
         <input_file_ref idref="fl-166"/>
      </object_component>
      <object_component id="oc-2f5">
         <name>.text</name>
         <load_address>0x200091dc</load_address>
         <run_address>0x200091dc</run_address>
         <size>0x18</size>
         <input_file_ref idref="fl-155"/>
      </object_component>
      <object_component id="oc-173">
         <name>.text</name>
         <load_address>0x200091f4</load_address>
         <run_address>0x200091f4</run_address>
         <size>0x14</size>
         <input_file_ref idref="fl-159"/>
      </object_component>
      <object_component id="oc-287">
         <name>.text</name>
         <load_address>0x20009208</load_address>
         <run_address>0x20009208</run_address>
         <size>0x14</size>
         <input_file_ref idref="fl-169"/>
      </object_component>
      <object_component id="oc-19">
         <name>.text:decompress:ZI</name>
         <load_address>0x2000921c</load_address>
         <run_address>0x2000921c</run_address>
         <size>0x12</size>
         <input_file_ref idref="fl-14b"/>
      </object_component>
      <object_component id="oc-14">
         <name>.text:decompress:none</name>
         <load_address>0x2000922e</load_address>
         <run_address>0x2000922e</run_address>
         <size>0xe</size>
         <input_file_ref idref="fl-149"/>
      </object_component>
      <object_component id="oc-2ad">
         <name>.text</name>
         <load_address>0x2000923c</load_address>
         <run_address>0x2000923c</run_address>
         <size>0xe</size>
         <input_file_ref idref="fl-16a"/>
      </object_component>
      <object_component id="oc-26">
         <name>.text</name>
         <load_address>0x2000924a</load_address>
         <run_address>0x2000924a</run_address>
         <size>0xc</size>
         <input_file_ref idref="fl-8"/>
      </object_component>
      <object_component id="oc-15a">
         <name>.text:UtilsDelay</name>
         <load_address>0x20009256</load_address>
         <run_address>0x20009256</run_address>
         <size>0x6</size>
         <input_file_ref idref="fl-18"/>
      </object_component>
      <object_component id="oc-1e">
         <name>.text:decompress:rle24</name>
         <load_address>0x2000925c</load_address>
         <run_address>0x2000925c</run_address>
         <size>0x6</size>
         <input_file_ref idref="fl-14a"/>
      </object_component>
      <object_component id="oc-101">
         <name>.const:.string</name>
         <load_address>0x2000dab8</load_address>
         <run_address>0x2000dab8</run_address>
         <size>0x172</size>
         <input_file_ref idref="fl-b"/>
      </object_component>
      <object_component id="oc-335">
         <name>.const:.string:_ctypes_</name>
         <load_address>0x2000dc2a</load_address>
         <run_address>0x2000dc2a</run_address>
         <size>0x102</size>
         <input_file_ref idref="fl-15f"/>
      </object_component>
      <object_component id="oc-1f8">
         <name>.const:g_ulPinToPadMap</name>
         <load_address>0x2000dd2c</load_address>
         <run_address>0x2000dd2c</run_address>
         <size>0x100</size>
         <input_file_ref idref="fl-1b"/>
      </object_component>
      <object_component id="oc-19b">
         <name>.const:PRCM_PeriphRegsList</name>
         <load_address>0x2000de2c</load_address>
         <run_address>0x2000de2c</run_address>
         <size>0xa0</size>
         <input_file_ref idref="fl-1a"/>
      </object_component>
      <object_component id="oc-2fd">
         <name>.const:.string</name>
         <load_address>0x2000decc</load_address>
         <run_address>0x2000decc</run_address>
         <size>0x96</size>
         <input_file_ref idref="fl-c"/>
      </object_component>
      <object_component id="oc-186">
         <name>.const:g_pulRegs</name>
         <load_address>0x2000df64</load_address>
         <run_address>0x2000df64</run_address>
         <size>0x94</size>
         <input_file_ref idref="fl-1c"/>
      </object_component>
      <object_component id="oc-184">
         <name>.const</name>
         <load_address>0x2000dff8</load_address>
         <run_address>0x2000dff8</run_address>
         <size>0x80</size>
         <input_file_ref idref="fl-1c"/>
      </object_component>
      <object_component id="oc-245">
         <name>.const:g_pulFMPPERegs</name>
         <load_address>0x2000e078</load_address>
         <run_address>0x2000e078</run_address>
         <size>0x40</size>
         <input_file_ref idref="fl-1d"/>
      </object_component>
      <object_component id="oc-243">
         <name>.const:g_pulFMPRERegs</name>
         <load_address>0x2000e0b8</load_address>
         <run_address>0x2000e0b8</run_address>
         <size>0x40</size>
         <input_file_ref idref="fl-1d"/>
      </object_component>
      <object_component id="oc-2de">
         <name>.const</name>
         <load_address>0x2000e0f8</load_address>
         <run_address>0x2000e0f8</run_address>
         <size>0x3c</size>
         <input_file_ref idref="fl-2"/>
      </object_component>
      <object_component id="oc-74">
         <name>.const:sUsageFaultMap</name>
         <load_address>0x2000e134</load_address>
         <run_address>0x2000e134</run_address>
         <size>0x30</size>
         <input_file_ref idref="fl-b"/>
      </object_component>
      <object_component id="oc-76">
         <name>.const:sBusFaultMap</name>
         <load_address>0x2000e164</load_address>
         <run_address>0x2000e164</run_address>
         <size>0x28</size>
         <input_file_ref idref="fl-b"/>
      </object_component>
      <object_component id="oc-2e7">
         <name>.const:PB_DECODERS</name>
         <load_address>0x2000e18c</load_address>
         <run_address>0x2000e18c</run_address>
         <size>0x24</size>
         <input_file_ref idref="fl-3"/>
      </object_component>
      <object_component id="oc-2e0">
         <name>.const:PB_ENCODERS</name>
         <load_address>0x2000e1b0</load_address>
         <run_address>0x2000e1b0</run_address>
         <size>0x24</size>
         <input_file_ref idref="fl-2"/>
      </object_component>
      <object_component id="oc-78">
         <name>.const</name>
         <load_address>0x2000e1d4</load_address>
         <run_address>0x2000e1d4</run_address>
         <size>0x20</size>
         <input_file_ref idref="fl-b"/>
      </object_component>
      <object_component id="oc-2d3">
         <name>.const</name>
         <load_address>0x2000e1f4</load_address>
         <run_address>0x2000e1f4</run_address>
         <size>0x1c</size>
         <input_file_ref idref="fl-5"/>
      </object_component>
      <object_component id="oc-213">
         <name>.const</name>
         <load_address>0x2000e210</load_address>
         <run_address>0x2000e210</run_address>
         <size>0x14</size>
         <input_file_ref idref="fl-4"/>
      </object_component>
      <object_component id="oc-e3">
         <name>.const</name>
         <load_address>0x2000e224</load_address>
         <run_address>0x2000e224</run_address>
         <size>0x14</size>
         <input_file_ref idref="fl-7"/>
      </object_component>
      <object_component id="oc-1af">
         <name>.const:.string</name>
         <load_address>0x2000e238</load_address>
         <run_address>0x2000e238</run_address>
         <size>0x12</size>
         <input_file_ref idref="fl-7"/>
      </object_component>
      <object_component id="oc-340">
         <name>.const:.string</name>
         <load_address>0x2000e24c</load_address>
         <run_address>0x2000e24c</run_address>
         <size>0x12</size>
         <input_file_ref idref="fl-5"/>
      </object_component>
      <object_component id="oc-18a">
         <name>.const</name>
         <load_address>0x2000e260</load_address>
         <run_address>0x2000e260</run_address>
         <size>0x10</size>
         <input_file_ref idref="fl-19"/>
      </object_component>
      <object_component id="oc-38f">
         <name>.cinit..data.load</name>
         <load_address>0x2000e440</load_address>
         <run_address>0x2000e440</run_address>
         <size>0x73</size>
      </object_component>
      <object_component id="oc-38d">
         <name>__TI_handler_table</name>
         <load_address>0x2000e4b4</load_address>
         <run_address>0x2000e4b4</run_address>
         <size>0xc</size>
      </object_component>
      <object_component id="oc-390">
         <name>.cinit..bss.load</name>
         <load_address>0x2000e4c0</load_address>
         <run_address>0x2000e4c0</run_address>
         <size>0x8</size>
      </object_component>
      <object_component id="oc-38e">
         <name>__TI_cinit_table</name>
         <load_address>0x2000e4c8</load_address>
         <run_address>0x2000e4c8</run_address>
         <size>0x10</size>
      </object_component>
      <object_component id="oc-4a">
         <name>.data</name>
         <load_address>0x2000e434</load_address>
         <run_address>0x2000e434</run_address>
         <size>0x4</size>
         <input_file_ref idref="fl-153"/>
      </object_component>
      <object_component id="oc-8c">
         <name>.data</name>
         <load_address>0x2000e3b8</load_address>
         <run_address>0x2000e3b8</run_address>
         <size>0x38</size>
         <input_file_ref idref="fl-12"/>
      </object_component>
      <object_component id="oc-8f">
         <name>.data</name>
         <load_address>0x2000e430</load_address>
         <run_address>0x2000e430</run_address>
         <size>0x4</size>
         <input_file_ref idref="fl-15"/>
      </object_component>
      <object_component id="oc-a7">
         <name>.data</name>
         <load_address>0x2000e41c</load_address>
         <run_address>0x2000e41c</run_address>
         <size>0x8</size>
         <input_file_ref idref="fl-159"/>
      </object_component>
      <object_component id="oc-a9">
         <name>.data</name>
         <load_address>0x2000e424</load_address>
         <run_address>0x2000e424</run_address>
         <size>0x8</size>
         <input_file_ref idref="fl-14c"/>
      </object_component>
      <object_component id="oc-e1">
         <name>.data</name>
         <load_address>0x2000e3f0</load_address>
         <run_address>0x2000e3f0</run_address>
         <size>0x1d</size>
         <input_file_ref idref="fl-7"/>
      </object_component>
      <object_component id="oc-1df">
         <name>.data</name>
         <load_address>0x2000e42c</load_address>
         <run_address>0x2000e42c</run_address>
         <size>0x4</size>
         <input_file_ref idref="fl-16"/>
      </object_component>
      <object_component id="oc-211">
         <name>.data:g_sCmdTable</name>
         <load_address>0x2000e370</load_address>
         <run_address>0x2000e370</run_address>
         <size>0x48</size>
         <input_file_ref idref="fl-c"/>
      </object_component>
      <object_component id="oc-27c">
         <name>.data</name>
         <load_address>0x2000e410</load_address>
         <run_address>0x2000e410</run_address>
         <size>0xc</size>
         <input_file_ref idref="fl-150"/>
      </object_component>
      <object_component id="oc-2d5">
         <name>.data</name>
         <load_address>0x2000e438</load_address>
         <run_address>0x2000e438</run_address>
         <size>0x4</size>
         <input_file_ref idref="fl-5"/>
      </object_component>
      <object_component id="oc-7a">
         <name>.bss:f$1</name>
         <uninitialized>true</uninitialized>
         <run_address>0x2000d99c</run_address>
         <size>0x30</size>
         <input_file_ref idref="fl-b"/>
      </object_component>
      <object_component id="oc-e7">
         <name>.bss:g_pcUARTTxBuffer</name>
         <uninitialized>true</uninitialized>
         <run_address>0x2000d268</run_address>
         <size>0x400</size>
         <input_file_ref idref="fl-7"/>
      </object_component>
      <object_component id="oc-ea">
         <name>.bss:g_pcUARTRxBuffer</name>
         <uninitialized>true</uninitialized>
         <run_address>0x2000d868</run_address>
         <size>0x80</size>
         <input_file_ref idref="fl-7"/>
      </object_component>
      <object_component id="oc-f2">
         <name>.bss:g_pcUARTRxHistoryBuffer</name>
         <uninitialized>true</uninitialized>
         <run_address>0x2000d668</run_address>
         <size>0x200</size>
         <input_file_ref idref="fl-7"/>
      </object_component>
      <object_component id="oc-114">
         <name>.bss:pxReadyTasksLists</name>
         <uninitialized>true</uninitialized>
         <run_address>0x2000d8e8</run_address>
         <size>0x64</size>
         <input_file_ref idref="fl-12"/>
      </object_component>
      <object_component id="oc-141">
         <name>.bss:pcStatusString$1</name>
         <uninitialized>true</uninitialized>
         <run_address>0x2000d9cc</run_address>
         <size>0x2c</size>
         <input_file_ref idref="fl-12"/>
      </object_component>
      <object_component id="oc-19f">
         <name>.bss:xQueueRegistry</name>
         <uninitialized>true</uninitialized>
         <run_address>0x2000d94c</run_address>
         <size>0x50</size>
         <input_file_ref idref="fl-13"/>
      </object_component>
      <object_component id="oc-2fa">
         <name>.bss:argv$1</name>
         <uninitialized>true</uninitialized>
         <run_address>0x2000d9f8</run_address>
         <size>0x24</size>
         <input_file_ref idref="fl-6"/>
      </object_component>
      <object_component id="oc-f5">
         <name>.common:g_bDisableEcho</name>
         <uninitialized>true</uninitialized>
         <run_address>0x2000dab4</run_address>
         <size>0x1</size>
      </object_component>
      <object_component id="oc-f1">
         <name>.common:g_usUARTRxHistoryOffset</name>
         <uninitialized>true</uninitialized>
         <run_address>0x2000da1c</run_address>
         <size>0x20</size>
      </object_component>
      <object_component id="oc-e5">
         <name>.common:g_ulPortNum</name>
         <uninitialized>true</uninitialized>
         <run_address>0x2000daa0</run_address>
         <size>0x4</size>
      </object_component>
      <object_component id="oc-215">
         <name>.common:g_xRxLineSemaphore</name>
         <uninitialized>true</uninitialized>
         <run_address>0x2000daa4</run_address>
         <size>0x4</size>
      </object_component>
      <object_component id="oc-13a">
         <name>.common:xDelayedTaskList1</name>
         <uninitialized>true</uninitialized>
         <run_address>0x2000da3c</run_address>
         <size>0x14</size>
      </object_component>
      <object_component id="oc-13b">
         <name>.common:xDelayedTaskList2</name>
         <uninitialized>true</uninitialized>
         <run_address>0x2000da50</run_address>
         <size>0x14</size>
      </object_component>
      <object_component id="oc-13e">
         <name>.common:pxDelayedTaskList</name>
         <uninitialized>true</uninitialized>
         <run_address>0x2000daa8</run_address>
         <size>0x4</size>
      </object_component>
      <object_component id="oc-13f">
         <name>.common:pxOverflowDelayedTaskList</name>
         <uninitialized>true</uninitialized>
         <run_address>0x2000daac</run_address>
         <size>0x4</size>
      </object_component>
      <object_component id="oc-12b">
         <name>.common:xPendingReadyList</name>
         <uninitialized>true</uninitialized>
         <run_address>0x2000da64</run_address>
         <size>0x14</size>
      </object_component>
      <object_component id="oc-140">
         <name>.common:xTasksWaitingTermination</name>
         <uninitialized>true</uninitialized>
         <run_address>0x2000da8c</run_address>
         <size>0x14</size>
      </object_component>
      <object_component id="oc-13d">
         <name>.common:xSuspendedTaskList</name>
         <uninitialized>true</uninitialized>
         <run_address>0x2000da78</run_address>
         <size>0x14</size>
      </object_component>
      <object_component id="oc-1e1">
         <name>.common:xSimpleLinkSpawnQueue</name>
         <uninitialized>true</uninitialized>
         <run_address>0x2000dab0</run_address>
         <size>0x4</size>
      </object_component>
      <object_component id="oc-24">
         <name>.sysmem</name>
         <uninitialized>true</uninitialized>
         <run_address>0x20009268</run_address>
         <size>0x8</size>
         <input_file_ref idref="fl-150"/>
      </object_component>
      <object_component id="oc-392">
         <name>.sysmem</name>
         <uninitialized>true</uninitialized>
         <run_address>0x20009268</run_address>
         <size>0x0</size>
      </object_component>
      <object_component id="oc-23">
         <name>.stack</name>
         <uninitialized>true</uninitialized>
         <run_address>0x2000e270</run_address>
         <size>0x0</size>
         <input_file_ref idref="fl-148"/>
      </object_component>
      <object_component id="oc-391">
         <name>.stack</name>
         <uninitialized>true</uninitialized>
         <run_address>0x2000e270</run_address>
         <size>0x0</size>
      </object_component>
      <object_component id="oc-f">
         <name>.debug_info</name>
         <load_address>0x0</load_address>
         <run_address>0x0</run_address>
         <size>0x109</size>
         <input_file_ref idref="fl-8"/>
      </object_component>
      <object_component id="oc-13">
         <name>.debug_info</name>
         <load_address>0x109</load_address>
         <run_address>0x109</run_address>
         <size>0x10b</size>
         <input_file_ref idref="fl-148"/>
      </object_component>
      <object_component id="oc-16">
         <name>.debug_info</name>
         <load_address>0x214</load_address>
         <run_address>0x214</run_address>
         <size>0x1ac</size>
         <input_file_ref idref="fl-149"/>
      </object_component>
      <object_component id="oc-1d">
         <name>.debug_info</name>
         <load_address>0x3c0</load_address>
         <run_address>0x3c0</run_address>
         <size>0x182</size>
         <input_file_ref idref="fl-14b"/>
      </object_component>
      <object_component id="oc-22">
         <name>.debug_info</name>
         <load_address>0x542</load_address>
         <run_address>0x542</run_address>
         <size>0x1a6</size>
         <input_file_ref idref="fl-14a"/>
      </object_component>
      <object_component id="oc-25">
         <name>.debug_info</name>
         <load_address>0x6e8</load_address>
         <run_address>0x6e8</run_address>
         <size>0xce</size>
         <input_file_ref idref="fl-150"/>
      </object_component>
      <object_component id="oc-29">
         <name>.debug_info</name>
         <load_address>0x7b6</load_address>
         <run_address>0x7b6</run_address>
         <size>0x37a</size>
         <input_file_ref idref="fl-8"/>
      </object_component>
      <object_component id="oc-2d">
         <name>.debug_info</name>
         <load_address>0xb30</load_address>
         <run_address>0xb30</run_address>
         <size>0x499</size>
         <input_file_ref idref="fl-b"/>
      </object_component>
      <object_component id="oc-33">
         <name>.debug_info</name>
         <load_address>0xfc9</load_address>
         <run_address>0xfc9</run_address>
         <size>0x1be</size>
         <input_file_ref idref="fl-14"/>
      </object_component>
      <object_component id="oc-38">
         <name>.debug_info</name>
         <load_address>0x1187</load_address>
         <run_address>0x1187</run_address>
         <size>0x9e0</size>
         <input_file_ref idref="fl-15"/>
      </object_component>
      <object_component id="oc-3b">
         <name>.debug_info</name>
         <load_address>0x1b67</load_address>
         <run_address>0x1b67</run_address>
         <size>0x1ca</size>
         <input_file_ref idref="fl-8"/>
      </object_component>
      <object_component id="oc-3d">
         <name>.debug_info</name>
         <load_address>0x1d31</load_address>
         <run_address>0x1d31</run_address>
         <size>0x155</size>
         <input_file_ref idref="fl-15d"/>
      </object_component>
      <object_component id="oc-41">
         <name>.debug_info</name>
         <load_address>0x1e86</load_address>
         <run_address>0x1e86</run_address>
         <size>0x134</size>
         <input_file_ref idref="fl-15b"/>
      </object_component>
      <object_component id="oc-48">
         <name>.debug_info</name>
         <load_address>0x1fba</load_address>
         <run_address>0x1fba</run_address>
         <size>0x1da</size>
         <input_file_ref idref="fl-14c"/>
      </object_component>
      <object_component id="oc-4b">
         <name>.debug_info</name>
         <load_address>0x2194</load_address>
         <run_address>0x2194</run_address>
         <size>0xd6</size>
         <input_file_ref idref="fl-153"/>
      </object_component>
      <object_component id="oc-50">
         <name>.debug_info</name>
         <load_address>0x226a</load_address>
         <run_address>0x226a</run_address>
         <size>0xe4</size>
         <input_file_ref idref="fl-14f"/>
      </object_component>
      <object_component id="oc-52">
         <name>.debug_info</name>
         <load_address>0x234e</load_address>
         <run_address>0x234e</run_address>
         <size>0x46</size>
         <input_file_ref idref="fl-149"/>
      </object_component>
      <object_component id="oc-57">
         <name>.debug_info</name>
         <load_address>0x2394</load_address>
         <run_address>0x2394</run_address>
         <size>0x10a</size>
         <input_file_ref idref="fl-149"/>
      </object_component>
      <object_component id="oc-59">
         <name>.debug_info</name>
         <load_address>0x249e</load_address>
         <run_address>0x249e</run_address>
         <size>0x46</size>
         <input_file_ref idref="fl-14b"/>
      </object_component>
      <object_component id="oc-5e">
         <name>.debug_info</name>
         <load_address>0x24e4</load_address>
         <run_address>0x24e4</run_address>
         <size>0xc5</size>
         <input_file_ref idref="fl-14b"/>
      </object_component>
      <object_component id="oc-63">
         <name>.debug_info</name>
         <load_address>0x25a9</load_address>
         <run_address>0x25a9</run_address>
         <size>0x207</size>
         <input_file_ref idref="fl-14a"/>
      </object_component>
      <object_component id="oc-65">
         <name>.debug_info</name>
         <load_address>0x27b0</load_address>
         <run_address>0x27b0</run_address>
         <size>0xcf</size>
         <input_file_ref idref="fl-14a"/>
      </object_component>
      <object_component id="oc-66">
         <name>.debug_info</name>
         <load_address>0x287f</load_address>
         <run_address>0x287f</run_address>
         <size>0x39</size>
         <input_file_ref idref="fl-14a"/>
      </object_component>
      <object_component id="oc-6d">
         <name>.debug_info</name>
         <load_address>0x28b8</load_address>
         <run_address>0x28b8</run_address>
         <size>0x1ef</size>
         <input_file_ref idref="fl-150"/>
      </object_component>
      <object_component id="oc-70">
         <name>.debug_info</name>
         <load_address>0x2aa7</load_address>
         <run_address>0x2aa7</run_address>
         <size>0x18a0</size>
         <input_file_ref idref="fl-7"/>
      </object_component>
      <object_component id="oc-75">
         <name>.debug_info</name>
         <load_address>0x4347</load_address>
         <run_address>0x4347</run_address>
         <size>0x106</size>
         <input_file_ref idref="fl-b"/>
      </object_component>
      <object_component id="oc-77">
         <name>.debug_info</name>
         <load_address>0x444d</load_address>
         <run_address>0x444d</run_address>
         <size>0x102</size>
         <input_file_ref idref="fl-b"/>
      </object_component>
      <object_component id="oc-79">
         <name>.debug_info</name>
         <load_address>0x454f</load_address>
         <run_address>0x454f</run_address>
         <size>0x102</size>
         <input_file_ref idref="fl-b"/>
      </object_component>
      <object_component id="oc-7c">
         <name>.debug_info</name>
         <load_address>0x4651</load_address>
         <run_address>0x4651</run_address>
         <size>0x15b</size>
         <input_file_ref idref="fl-b"/>
      </object_component>
      <object_component id="oc-7d">
         <name>.debug_info</name>
         <load_address>0x47ac</load_address>
         <run_address>0x47ac</run_address>
         <size>0x84</size>
         <input_file_ref idref="fl-2"/>
      </object_component>
      <object_component id="oc-82">
         <name>.debug_info</name>
         <load_address>0x4830</load_address>
         <run_address>0x4830</run_address>
         <size>0x9a</size>
         <input_file_ref idref="fl-8"/>
      </object_component>
      <object_component id="oc-8a">
         <name>.debug_info</name>
         <load_address>0x48ca</load_address>
         <run_address>0x48ca</run_address>
         <size>0x3f27</size>
         <input_file_ref idref="fl-12"/>
      </object_component>
      <object_component id="oc-8d">
         <name>.debug_info</name>
         <load_address>0x87f1</load_address>
         <run_address>0x87f1</run_address>
         <size>0x378</size>
         <input_file_ref idref="fl-12"/>
      </object_component>
      <object_component id="oc-90">
         <name>.debug_info</name>
         <load_address>0x8b69</load_address>
         <run_address>0x8b69</run_address>
         <size>0x12b</size>
         <input_file_ref idref="fl-15"/>
      </object_component>
      <object_component id="oc-92">
         <name>.debug_info</name>
         <load_address>0x8c94</load_address>
         <run_address>0x8c94</run_address>
         <size>0x251</size>
         <input_file_ref idref="fl-15"/>
      </object_component>
      <object_component id="oc-93">
         <name>.debug_info</name>
         <load_address>0x8ee5</load_address>
         <run_address>0x8ee5</run_address>
         <size>0x2c</size>
         <input_file_ref idref="fl-7"/>
      </object_component>
      <object_component id="oc-9d">
         <name>.debug_info</name>
         <load_address>0x8f11</load_address>
         <run_address>0x8f11</run_address>
         <size>0x163</size>
         <input_file_ref idref="fl-15e"/>
      </object_component>
      <object_component id="oc-a1">
         <name>.debug_info</name>
         <load_address>0x9074</load_address>
         <run_address>0x9074</run_address>
         <size>0x7a4</size>
         <input_file_ref idref="fl-a"/>
      </object_component>
      <object_component id="oc-a6">
         <name>.debug_info</name>
         <load_address>0x9818</load_address>
         <run_address>0x9818</run_address>
         <size>0x133</size>
         <input_file_ref idref="fl-15b"/>
      </object_component>
      <object_component id="oc-a8">
         <name>.debug_info</name>
         <load_address>0x994b</load_address>
         <run_address>0x994b</run_address>
         <size>0xe0</size>
         <input_file_ref idref="fl-159"/>
      </object_component>
      <object_component id="oc-aa">
         <name>.debug_info</name>
         <load_address>0x9a2b</load_address>
         <run_address>0x9a2b</run_address>
         <size>0x103</size>
         <input_file_ref idref="fl-14c"/>
      </object_component>
      <object_component id="oc-ac">
         <name>.debug_info</name>
         <load_address>0x9b2e</load_address>
         <run_address>0x9b2e</run_address>
         <size>0x15e</size>
         <input_file_ref idref="fl-14c"/>
      </object_component>
      <object_component id="oc-b0">
         <name>.debug_info</name>
         <load_address>0x9c8c</load_address>
         <run_address>0x9c8c</run_address>
         <size>0x2c</size>
         <input_file_ref idref="fl-149"/>
      </object_component>
      <object_component id="oc-b7">
         <name>.debug_info</name>
         <load_address>0x9cb8</load_address>
         <run_address>0x9cb8</run_address>
         <size>0x2c</size>
         <input_file_ref idref="fl-5"/>
      </object_component>
      <object_component id="oc-c3">
         <name>.debug_info</name>
         <load_address>0x9ce4</load_address>
         <run_address>0x9ce4</run_address>
         <size>0x2c</size>
         <input_file_ref idref="fl-150"/>
      </object_component>
      <object_component id="oc-c8">
         <name>.debug_info</name>
         <load_address>0x9d10</load_address>
         <run_address>0x9d10</run_address>
         <size>0x62</size>
         <input_file_ref idref="fl-150"/>
      </object_component>
      <object_component id="oc-cf">
         <name>.debug_info</name>
         <load_address>0x9d72</load_address>
         <run_address>0x9d72</run_address>
         <size>0xed0</size>
         <input_file_ref idref="fl-1c"/>
      </object_component>
      <object_component id="oc-d6">
         <name>.debug_info</name>
         <load_address>0xac42</load_address>
         <run_address>0xac42</run_address>
         <size>0x274c</size>
         <input_file_ref idref="fl-19"/>
      </object_component>
      <object_component id="oc-da">
         <name>.debug_info</name>
         <load_address>0xd38e</load_address>
         <run_address>0xd38e</run_address>
         <size>0x20d3</size>
         <input_file_ref idref="fl-1a"/>
      </object_component>
      <object_component id="oc-de">
         <name>.debug_info</name>
         <load_address>0xf461</load_address>
         <run_address>0xf461</run_address>
         <size>0x3a13</size>
         <input_file_ref idref="fl-13"/>
      </object_component>
      <object_component id="oc-e2">
         <name>.debug_info</name>
         <load_address>0x12e74</load_address>
         <run_address>0x12e74</run_address>
         <size>0x2e6</size>
         <input_file_ref idref="fl-7"/>
      </object_component>
      <object_component id="oc-e4">
         <name>.debug_info</name>
         <load_address>0x1315a</load_address>
         <run_address>0x1315a</run_address>
         <size>0x14a</size>
         <input_file_ref idref="fl-7"/>
      </object_component>
      <object_component id="oc-e6">
         <name>.debug_info</name>
         <load_address>0x132a4</load_address>
         <run_address>0x132a4</run_address>
         <size>0x744</size>
         <input_file_ref idref="fl-7"/>
      </object_component>
      <object_component id="oc-e8">
         <name>.debug_info</name>
         <load_address>0x139e8</load_address>
         <run_address>0x139e8</run_address>
         <size>0x10e</size>
         <input_file_ref idref="fl-7"/>
      </object_component>
      <object_component id="oc-eb">
         <name>.debug_info</name>
         <load_address>0x13af6</load_address>
         <run_address>0x13af6</run_address>
         <size>0x10e</size>
         <input_file_ref idref="fl-7"/>
      </object_component>
      <object_component id="oc-ed">
         <name>.debug_info</name>
         <load_address>0x13c04</load_address>
         <run_address>0x13c04</run_address>
         <size>0x14f</size>
         <input_file_ref idref="fl-157"/>
      </object_component>
      <object_component id="oc-f3">
         <name>.debug_info</name>
         <load_address>0x13d53</load_address>
         <run_address>0x13d53</run_address>
         <size>0x11c</size>
         <input_file_ref idref="fl-7"/>
      </object_component>
      <object_component id="oc-f7">
         <name>.debug_info</name>
         <load_address>0x13e6f</load_address>
         <run_address>0x13e6f</run_address>
         <size>0x2c</size>
         <input_file_ref idref="fl-7"/>
      </object_component>
      <object_component id="oc-fc">
         <name>.debug_info</name>
         <load_address>0x13e9b</load_address>
         <run_address>0x13e9b</run_address>
         <size>0x4e</size>
         <input_file_ref idref="fl-2"/>
      </object_component>
      <object_component id="oc-10a">
         <name>.debug_info</name>
         <load_address>0x13ee9</load_address>
         <run_address>0x13ee9</run_address>
         <size>0x6b</size>
         <input_file_ref idref="fl-b"/>
      </object_component>
      <object_component id="oc-113">
         <name>.debug_info</name>
         <load_address>0x13f54</load_address>
         <run_address>0x13f54</run_address>
         <size>0x682</size>
         <input_file_ref idref="fl-17"/>
      </object_component>
      <object_component id="oc-115">
         <name>.debug_info</name>
         <load_address>0x145d6</load_address>
         <run_address>0x145d6</run_address>
         <size>0x117</size>
         <input_file_ref idref="fl-12"/>
      </object_component>
      <object_component id="oc-117">
         <name>.debug_info</name>
         <load_address>0x146ed</load_address>
         <run_address>0x146ed</run_address>
         <size>0x7d2</size>
         <input_file_ref idref="fl-12"/>
      </object_component>
      <object_component id="oc-11d">
         <name>.debug_info</name>
         <load_address>0x14ebf</load_address>
         <run_address>0x14ebf</run_address>
         <size>0x1d5</size>
         <input_file_ref idref="fl-154"/>
      </object_component>
      <object_component id="oc-127">
         <name>.debug_info</name>
         <load_address>0x15094</load_address>
         <run_address>0x15094</run_address>
         <size>0x1ce</size>
         <input_file_ref idref="fl-156"/>
      </object_component>
      <object_component id="oc-130">
         <name>.debug_info</name>
         <load_address>0x15262</load_address>
         <run_address>0x15262</run_address>
         <size>0x2315</size>
         <input_file_ref idref="fl-16"/>
      </object_component>
      <object_component id="oc-132">
         <name>.debug_info</name>
         <load_address>0x17577</load_address>
         <run_address>0x17577</run_address>
         <size>0x114</size>
         <input_file_ref idref="fl-151"/>
      </object_component>
      <object_component id="oc-137">
         <name>.debug_info</name>
         <load_address>0x1768b</load_address>
         <run_address>0x1768b</run_address>
         <size>0x2cd</size>
         <input_file_ref idref="fl-152"/>
      </object_component>
      <object_component id="oc-143">
         <name>.debug_info</name>
         <load_address>0x17958</load_address>
         <run_address>0x17958</run_address>
         <size>0x1e3</size>
         <input_file_ref idref="fl-7"/>
      </object_component>
      <object_component id="oc-148">
         <name>.debug_info</name>
         <load_address>0x17b3b</load_address>
         <run_address>0x17b3b</run_address>
         <size>0x2c</size>
         <input_file_ref idref="fl-7"/>
      </object_component>
      <object_component id="oc-153">
         <name>.debug_info</name>
         <load_address>0x17b67</load_address>
         <run_address>0x17b67</run_address>
         <size>0x14c</size>
         <input_file_ref idref="fl-7"/>
      </object_component>
      <object_component id="oc-159">
         <name>.debug_info</name>
         <load_address>0x17cb3</load_address>
         <run_address>0x17cb3</run_address>
         <size>0x160</size>
         <input_file_ref idref="fl-15e"/>
      </object_component>
      <object_component id="oc-15e">
         <name>.debug_info</name>
         <load_address>0x17e13</load_address>
         <run_address>0x17e13</run_address>
         <size>0x10c2</size>
         <input_file_ref idref="fl-1b"/>
      </object_component>
      <object_component id="oc-161">
         <name>.debug_info</name>
         <load_address>0x18ed5</load_address>
         <run_address>0x18ed5</run_address>
         <size>0x1ca</size>
         <input_file_ref idref="fl-9"/>
      </object_component>
      <object_component id="oc-166">
         <name>.debug_info</name>
         <load_address>0x1909f</load_address>
         <run_address>0x1909f</run_address>
         <size>0x93c</size>
         <input_file_ref idref="fl-c"/>
      </object_component>
      <object_component id="oc-16b">
         <name>.debug_info</name>
         <load_address>0x199db</load_address>
         <run_address>0x199db</run_address>
         <size>0x635</size>
         <input_file_ref idref="fl-a"/>
      </object_component>
      <object_component id="oc-16e">
         <name>.debug_info</name>
         <load_address>0x1a010</load_address>
         <run_address>0x1a010</run_address>
         <size>0x5e</size>
         <input_file_ref idref="fl-15b"/>
      </object_component>
      <object_component id="oc-176">
         <name>.debug_info</name>
         <load_address>0x1a06e</load_address>
         <run_address>0x1a06e</run_address>
         <size>0x1ec</size>
         <input_file_ref idref="fl-159"/>
      </object_component>
      <object_component id="oc-17a">
         <name>.debug_info</name>
         <load_address>0x1a25a</load_address>
         <run_address>0x1a25a</run_address>
         <size>0xf1</size>
         <input_file_ref idref="fl-159"/>
      </object_component>
      <object_component id="oc-181">
         <name>.debug_info</name>
         <load_address>0x1a34b</load_address>
         <run_address>0x1a34b</run_address>
         <size>0x453</size>
         <input_file_ref idref="fl-1e"/>
      </object_component>
      <object_component id="oc-185">
         <name>.debug_info</name>
         <load_address>0x1a79e</load_address>
         <run_address>0x1a79e</run_address>
         <size>0x19c</size>
         <input_file_ref idref="fl-1c"/>
      </object_component>
      <object_component id="oc-187">
         <name>.debug_info</name>
         <load_address>0x1a93a</load_address>
         <run_address>0x1a93a</run_address>
         <size>0xee</size>
         <input_file_ref idref="fl-1c"/>
      </object_component>
      <object_component id="oc-189">
         <name>.debug_info</name>
         <load_address>0x1aa28</load_address>
         <run_address>0x1aa28</run_address>
         <size>0x199</size>
         <input_file_ref idref="fl-1c"/>
      </object_component>
      <object_component id="oc-18b">
         <name>.debug_info</name>
         <load_address>0x1abc1</load_address>
         <run_address>0x1abc1</run_address>
         <size>0xf7</size>
         <input_file_ref idref="fl-19"/>
      </object_component>
      <object_component id="oc-18d">
         <name>.debug_info</name>
         <load_address>0x1acb8</load_address>
         <run_address>0x1acb8</run_address>
         <size>0x1a1</size>
         <input_file_ref idref="fl-19"/>
      </object_component>
      <object_component id="oc-18f">
         <name>.debug_info</name>
         <load_address>0x1ae59</load_address>
         <run_address>0x1ae59</run_address>
         <size>0x152</size>
         <input_file_ref idref="fl-158"/>
      </object_component>
      <object_component id="oc-193">
         <name>.debug_info</name>
         <load_address>0x1afab</load_address>
         <run_address>0x1afab</run_address>
         <size>0xed</size>
         <input_file_ref idref="fl-14e"/>
      </object_component>
      <object_component id="oc-197">
         <name>.debug_info</name>
         <load_address>0x1b098</load_address>
         <run_address>0x1b098</run_address>
         <size>0xd0d</size>
         <input_file_ref idref="fl-1d"/>
      </object_component>
      <object_component id="oc-19c">
         <name>.debug_info</name>
         <load_address>0x1bda5</load_address>
         <run_address>0x1bda5</run_address>
         <size>0xfd</size>
         <input_file_ref idref="fl-1a"/>
      </object_component>
      <object_component id="oc-19e">
         <name>.debug_info</name>
         <load_address>0x1bea2</load_address>
         <run_address>0x1bea2</run_address>
         <size>0x1ea</size>
         <input_file_ref idref="fl-1a"/>
      </object_component>
      <object_component id="oc-1a0">
         <name>.debug_info</name>
         <load_address>0x1c08c</load_address>
         <run_address>0x1c08c</run_address>
         <size>0x112</size>
         <input_file_ref idref="fl-13"/>
      </object_component>
      <object_component id="oc-1a2">
         <name>.debug_info</name>
         <load_address>0x1c19e</load_address>
         <run_address>0x1c19e</run_address>
         <size>0x46</size>
         <input_file_ref idref="fl-7"/>
      </object_component>
      <object_component id="oc-1a7">
         <name>.debug_info</name>
         <load_address>0x1c1e4</load_address>
         <run_address>0x1c1e4</run_address>
         <size>0x5e3</size>
         <input_file_ref idref="fl-13"/>
      </object_component>
      <object_component id="oc-1a8">
         <name>.debug_info</name>
         <load_address>0x1c7c7</load_address>
         <run_address>0x1c7c7</run_address>
         <size>0x110</size>
         <input_file_ref idref="fl-13"/>
      </object_component>
      <object_component id="oc-1b4">
         <name>.debug_info</name>
         <load_address>0x1c8d7</load_address>
         <run_address>0x1c8d7</run_address>
         <size>0x2c</size>
         <input_file_ref idref="fl-7"/>
      </object_component>
      <object_component id="oc-1c0">
         <name>.debug_info</name>
         <load_address>0x1c903</load_address>
         <run_address>0x1c903</run_address>
         <size>0x27e</size>
         <input_file_ref idref="fl-2"/>
      </object_component>
      <object_component id="oc-1c2">
         <name>.debug_info</name>
         <load_address>0x1cb81</load_address>
         <run_address>0x1cb81</run_address>
         <size>0x172</size>
         <input_file_ref idref="fl-17"/>
      </object_component>
      <object_component id="oc-1c7">
         <name>.debug_info</name>
         <load_address>0x1ccf3</load_address>
         <run_address>0x1ccf3</run_address>
         <size>0x39</size>
         <input_file_ref idref="fl-12"/>
      </object_component>
      <object_component id="oc-1cc">
         <name>.debug_info</name>
         <load_address>0x1cd2c</load_address>
         <run_address>0x1cd2c</run_address>
         <size>0xfc</size>
         <input_file_ref idref="fl-12"/>
      </object_component>
      <object_component id="oc-1d1">
         <name>.debug_info</name>
         <load_address>0x1ce28</load_address>
         <run_address>0x1ce28</run_address>
         <size>0xc8</size>
         <input_file_ref idref="fl-a"/>
      </object_component>
      <object_component id="oc-1d7">
         <name>.debug_info</name>
         <load_address>0x1cef0</load_address>
         <run_address>0x1cef0</run_address>
         <size>0xc2</size>
         <input_file_ref idref="fl-154"/>
      </object_component>
      <object_component id="oc-1d9">
         <name>.debug_info</name>
         <load_address>0x1cfb2</load_address>
         <run_address>0x1cfb2</run_address>
         <size>0xc3</size>
         <input_file_ref idref="fl-156"/>
      </object_component>
      <object_component id="oc-1dd">
         <name>.debug_info</name>
         <load_address>0x1d075</load_address>
         <run_address>0x1d075</run_address>
         <size>0x86d</size>
         <input_file_ref idref="fl-150"/>
      </object_component>
      <object_component id="oc-1e0">
         <name>.debug_info</name>
         <load_address>0x1d8e2</load_address>
         <run_address>0x1d8e2</run_address>
         <size>0x11d</size>
         <input_file_ref idref="fl-16"/>
      </object_component>
      <object_component id="oc-1e2">
         <name>.debug_info</name>
         <load_address>0x1d9ff</load_address>
         <run_address>0x1d9ff</run_address>
         <size>0x5f1</size>
         <input_file_ref idref="fl-16"/>
      </object_component>
      <object_component id="oc-1e4">
         <name>.debug_info</name>
         <load_address>0x1dff0</load_address>
         <run_address>0x1dff0</run_address>
         <size>0x136</size>
         <input_file_ref idref="fl-a"/>
      </object_component>
      <object_component id="oc-1ec">
         <name>.debug_info</name>
         <load_address>0x1e126</load_address>
         <run_address>0x1e126</run_address>
         <size>0x12a6</size>
         <input_file_ref idref="fl-15a"/>
      </object_component>
      <object_component id="oc-1f0">
         <name>.debug_info</name>
         <load_address>0x1f3cc</load_address>
         <run_address>0x1f3cc</run_address>
         <size>0x188</size>
         <input_file_ref idref="fl-152"/>
      </object_component>
      <object_component id="oc-1f3">
         <name>.debug_info</name>
         <load_address>0x1f554</load_address>
         <run_address>0x1f554</run_address>
         <size>0xcd</size>
         <input_file_ref idref="fl-15e"/>
      </object_component>
      <object_component id="oc-1f9">
         <name>.debug_info</name>
         <load_address>0x1f621</load_address>
         <run_address>0x1f621</run_address>
         <size>0xf4</size>
         <input_file_ref idref="fl-1b"/>
      </object_component>
      <object_component id="oc-1fb">
         <name>.debug_info</name>
         <load_address>0x1f715</load_address>
         <run_address>0x1f715</run_address>
         <size>0xe6</size>
         <input_file_ref idref="fl-1b"/>
      </object_component>
      <object_component id="oc-1fe">
         <name>.debug_info</name>
         <load_address>0x1f7fb</load_address>
         <run_address>0x1f7fb</run_address>
         <size>0x142c</size>
         <input_file_ref idref="fl-5"/>
      </object_component>
      <object_component id="oc-203">
         <name>.debug_info</name>
         <load_address>0x20c27</load_address>
         <run_address>0x20c27</run_address>
         <size>0x2a6b</size>
         <input_file_ref idref="fl-2"/>
      </object_component>
      <object_component id="oc-208">
         <name>.debug_info</name>
         <load_address>0x23692</load_address>
         <run_address>0x23692</run_address>
         <size>0x3bc4</size>
         <input_file_ref idref="fl-3"/>
      </object_component>
      <object_component id="oc-20d">
         <name>.debug_info</name>
         <load_address>0x27256</load_address>
         <run_address>0x27256</run_address>
         <size>0x24d</size>
         <input_file_ref idref="fl-6"/>
      </object_component>
      <object_component id="oc-212">
         <name>.debug_info</name>
         <load_address>0x274a3</load_address>
         <run_address>0x274a3</run_address>
         <size>0x104</size>
         <input_file_ref idref="fl-c"/>
      </object_component>
      <object_component id="oc-214">
         <name>.debug_info</name>
         <load_address>0x275a7</load_address>
         <run_address>0x275a7</run_address>
         <size>0x120</size>
         <input_file_ref idref="fl-4"/>
      </object_component>
      <object_component id="oc-217">
         <name>.debug_info</name>
         <load_address>0x276c7</load_address>
         <run_address>0x276c7</run_address>
         <size>0x6fa</size>
         <input_file_ref idref="fl-c"/>
      </object_component>
      <object_component id="oc-218">
         <name>.debug_info</name>
         <load_address>0x27dc1</load_address>
         <run_address>0x27dc1</run_address>
         <size>0x4e</size>
         <input_file_ref idref="fl-4"/>
      </object_component>
      <object_component id="oc-21d">
         <name>.debug_info</name>
         <load_address>0x27e0f</load_address>
         <run_address>0x27e0f</run_address>
         <size>0x33e</size>
         <input_file_ref idref="fl-c"/>
      </object_component>
      <object_component id="oc-224">
         <name>.debug_info</name>
         <load_address>0x2814d</load_address>
         <run_address>0x2814d</run_address>
         <size>0x35b</size>
         <input_file_ref idref="fl-a"/>
      </object_component>
      <object_component id="oc-229">
         <name>.debug_info</name>
         <load_address>0x284a8</load_address>
         <run_address>0x284a8</run_address>
         <size>0xef</size>
         <input_file_ref idref="fl-a"/>
      </object_component>
      <object_component id="oc-22e">
         <name>.debug_info</name>
         <load_address>0x28597</load_address>
         <run_address>0x28597</run_address>
         <size>0x6c3</size>
         <input_file_ref idref="fl-a"/>
      </object_component>
      <object_component id="oc-244">
         <name>.debug_info</name>
         <load_address>0x28c5a</load_address>
         <run_address>0x28c5a</run_address>
         <size>0xf4</size>
         <input_file_ref idref="fl-1d"/>
      </object_component>
      <object_component id="oc-246">
         <name>.debug_info</name>
         <load_address>0x28d4e</load_address>
         <run_address>0x28d4e</run_address>
         <size>0xf4</size>
         <input_file_ref idref="fl-1d"/>
      </object_component>
      <object_component id="oc-248">
         <name>.debug_info</name>
         <load_address>0x28e42</load_address>
         <run_address>0x28e42</run_address>
         <size>0x1b8</size>
         <input_file_ref idref="fl-1d"/>
      </object_component>
      <object_component id="oc-249">
         <name>.debug_info</name>
         <load_address>0x28ffa</load_address>
         <run_address>0x28ffa</run_address>
         <size>0x51</size>
         <input_file_ref idref="fl-1a"/>
      </object_component>
      <object_component id="oc-252">
         <name>.debug_info</name>
         <load_address>0x2904b</load_address>
         <run_address>0x2904b</run_address>
         <size>0x62</size>
         <input_file_ref idref="fl-7"/>
      </object_component>
      <object_component id="oc-25b">
         <name>.debug_info</name>
         <load_address>0x290ad</load_address>
         <run_address>0x290ad</run_address>
         <size>0x1a3</size>
         <input_file_ref idref="fl-13"/>
      </object_component>
      <object_component id="oc-262">
         <name>.debug_info</name>
         <load_address>0x29250</load_address>
         <run_address>0x29250</run_address>
         <size>0x18b</size>
         <input_file_ref idref="fl-2"/>
      </object_component>
      <object_component id="oc-267">
         <name>.debug_info</name>
         <load_address>0x293db</load_address>
         <run_address>0x293db</run_address>
         <size>0x46</size>
         <input_file_ref idref="fl-2"/>
      </object_component>
      <object_component id="oc-26c">
         <name>.debug_info</name>
         <load_address>0x29421</load_address>
         <run_address>0x29421</run_address>
         <size>0x348</size>
         <input_file_ref idref="fl-2"/>
      </object_component>
      <object_component id="oc-271">
         <name>.debug_info</name>
         <load_address>0x29769</load_address>
         <run_address>0x29769</run_address>
         <size>0x3a</size>
         <input_file_ref idref="fl-2"/>
      </object_component>
      <object_component id="oc-27d">
         <name>.debug_info</name>
         <load_address>0x297a3</load_address>
[...]
      </symbol>
      <symbol id="sm-a2a">
         <name>PRCMPeripheralStatusGet</name>
         <value>0x20005f87</value>
         <object_component_ref idref="oc-d7"/>
      </symbol>
      <symbol id="sm-a2b">
         <name>PRCMHibernateWakeupSourceEnable</name>
         <value>0x2000615d</value>
         <object_component_ref idref="oc-d7"/>
      </symbol>
      <symbol id="sm-a2c">
         <name>PRCMPeripheralClkDisable</name>
         <value>0x20005ea1</value>
         <object_component_ref idref="oc-d7"/>
      </symbol>
      <symbol id="sm-a2d">
         <name>PRCMMCUReset</name>
         <value>0x20005e31</value>
         <object_component_ref idref="oc-d7"/>
      </symbol>
      <symbol id="sm-a55">
         <name>PinTypeMcASP</name>
         <value>0x20007f37</value>
         <object_component_ref idref="oc-15b"/>
      </symbol>
      <symbol id="sm-a56">
         <name>PinTypeCamera</name>
         <value>0x20007f6b</value>
         <object_component_ref idref="oc-15b"/>
      </symbol>
      <symbol id="sm-a57">
         <name>PinTypeI2C</name>
         <value>0x20007f01</value>
         <object_component_ref idref="oc-15b"/>
      </symbol>
      <symbol id="sm-a58">
         <name>PinTypeUART</name>
         <value>0x20007ee7</value>
         <object_component_ref idref="oc-15b"/>
      </symbol>
      <symbol id="sm-a59">
         <name>PinConfigGet</name>
         <value>0x20007e2d</value>
         <object_component_ref idref="oc-15b"/>
      </symbol>
      <symbol id="sm-a5a">
         <name>PinDirModeSet</name>
         <value>0x20007dcf</value>
         <object_component_ref idref="oc-15b"/>
      </symbol>
      <symbol id="sm-a5b">
         <name>PinTypeADC</name>
         <value>0x20007fb5</value>
         <object_component_ref idref="oc-15b"/>
      </symbol>
      <symbol id="sm-a5c">
         <name>PinTypeTimer</name>
         <value>0x20007f51</value>
         <object_component_ref idref="oc-15b"/>
      </symbol>
      <symbol id="sm-a5d">
         <name>PinModeGet</name>
         <value>0x20007da5</value>
         <object_component_ref idref="oc-15b"/>
      </symbol>
      <symbol id="sm-a5e">
         <name>PinTypeGPIO</name>
         <value>0x20007f85</value>
         <object_component_ref idref="oc-15b"/>
      </symbol>
      <symbol id="sm-a5f">
         <name>PinTypeSDHost</name>
         <value>0x20007fc9</value>
         <object_component_ref idref="oc-15b"/>
      </symbol>
      <symbol id="sm-a60">
         <name>PinConfigSet</name>
         <value>0x20007e6b</value>
         <object_component_ref idref="oc-15b"/>
      </symbol>
      <symbol id="sm-a61">
         <name>PinDirModeGet</name>
         <value>0x20007e03</value>
         <object_component_ref idref="oc-15b"/>
      </symbol>
      <symbol id="sm-a62">
         <name>PinTypeSPI</name>
         <value>0x20007f1d</value>
         <object_component_ref idref="oc-15b"/>
      </symbol>
      <symbol id="sm-a63">
         <name>PinModeSet</name>
         <value>0x20007d6d</value>
         <object_component_ref idref="oc-15b"/>
      </symbol>
      <symbol id="sm-ac0">
         <name>IntPendClear</name>
         <value>0x2000734d</value>
         <object_component_ref idref="oc-cd"/>
      </symbol>
      <symbol id="sm-ac1">
         <name>IntPriorityGroupingGet</name>
         <value>0x200070fb</value>
         <object_component_ref idref="oc-cd"/>
      </symbol>
      <symbol id="sm-ac2">
         <name>IntPrioritySet</name>
         <value>0x20007133</value>
         <object_component_ref idref="oc-cd"/>
      </symbol>
      <symbol id="sm-ac3">
         <name>IntVTableBaseSet</name>
         <value>0x2000709b</value>
         <object_component_ref idref="oc-cd"/>
      </symbol>
      <symbol id="sm-ac4">
         <name>IntEnable</name>
         <value>0x200071a7</value>
         <object_component_ref idref="oc-cd"/>
      </symbol>
      <symbol id="sm-ac5">
         <name>IntPriorityMaskSet</name>
         <value>0x200073a1</value>
         <object_component_ref idref="oc-cd"/>
      </symbol>
      <symbol id="sm-ac6">
         <name>IntPriorityGroupingSet</name>
         <value>0x200070e1</value>
         <object_component_ref idref="oc-cd"/>
      </symbol>
      <symbol id="sm-ac7">
         <name>IntDisable</name>
         <value>0x20007247</value>
         <object_component_ref idref="oc-cd"/>
      </symbol>
      <symbol id="sm-ac8">
         <name>IntRegister</name>
         <value>0x200070ab</value>
         <object_component_ref idref="oc-cd"/>
      </symbol>
      <symbol id="sm-ac9">
         <name>IntPriorityGet</name>
         <value>0x20007183</value>
         <object_component_ref idref="oc-cd"/>
      </symbol>
      <symbol id="sm-aca">
         <name>IntMasterDisable</name>
         <value>0x20007091</value>
         <object_component_ref idref="oc-cd"/>
      </symbol>
      <symbol id="sm-acb">
         <name>IntUnregister</name>
         <value>0x200070c7</value>
         <object_component_ref idref="oc-cd"/>
      </symbol>
      <symbol id="sm-acc">
         <name>IntPriorityMaskGet</name>
         <value>0x200073b9</value>
         <object_component_ref idref="oc-cd"/>
      </symbol>
      <symbol id="sm-acd">
         <name>IntMasterEnable</name>
         <value>0x20007087</value>
         <object_component_ref idref="oc-cd"/>
      </symbol>
      <symbol id="sm-ace">
         <name>IntPendSet</name>
         <value>0x200072e7</value>
         <object_component_ref idref="oc-cd"/>
      </symbol>
      <symbol id="sm-b24">
         <name>FlashErase</name>
         <value>0x20007aa3</value>
         <object_component_ref idref="oc-196"/>
      </symbol>
      <symbol id="sm-b25">
         <name>FlashEraseNonBlocking</name>
         <value>0x20007add</value>
         <object_component_ref idref="oc-196"/>
      </symbol>
      <symbol id="sm-b26">
         <name>FlashIntStatus</name>
         <value>0x20007cfb</value>
         <object_component_ref idref="oc-196"/>
      </symbol>
      <symbol id="sm-b27">
         <name>FlashProgram</name>
         <value>0x20007b37</value>
         <object_component_ref idref="oc-196"/>
      </symbol>
      <symbol id="sm-b28">
         <name>FlashDisable</name>
         <value>0x20007a6d</value>
         <object_component_ref idref="oc-196"/>
      </symbol>
      <symbol id="sm-b29">
         <name>FlashIntEnable</name>
         <value>0x20007cd3</value>
         <object_component_ref idref="oc-196"/>
      </symbol>
      <symbol id="sm-b2a">
         <name>FlashIntUnregister</name>
         <value>0x20007cc3</value>
         <object_component_ref idref="oc-196"/>
      </symbol>
      <symbol id="sm-b2b">
         <name>FlashProtectGet</name>
         <value>0x20007c39</value>
         <object_component_ref idref="oc-196"/>
      </symbol>
      <symbol id="sm-b2c">
         <name>FlashMassErase</name>
         <value>0x20007afb</value>
         <object_component_ref idref="oc-196"/>
      </symbol>
      <symbol id="sm-b2d">
         <name>FlashProgramNonBlocking</name>
         <value>0x20007bb7</value>
         <object_component_ref idref="oc-196"/>
      </symbol>
      <symbol id="sm-b2e">
         <name>FlashIntClear</name>
         <value>0x20007d17</value>
         <object_component_ref idref="oc-196"/>
      </symbol>
      <symbol id="sm-b2f">
         <name>FlashMassEraseNonBlocking</name>
         <value>0x20007b27</value>
         <object_component_ref idref="oc-196"/>
      </symbol>
      <symbol id="sm-b30">
         <name>FlashIntDisable</name>
         <value>0x20007ce7</value>
         <object_component_ref idref="oc-196"/>
      </symbol>
      <symbol id="sm-b31">
         <name>FlashIntRegister</name>
         <value>0x20007caf</value>
         <object_component_ref idref="oc-196"/>
      </symbol>
      <symbol id="sm-b3f">
         <name>CPUbasepriGet</name>
         <value>0x20009083</value>
         <object_component_ref idref="oc-17f"/>
      </symbol>
      <symbol id="sm-b40">
         <name>CPUbasepriSet</name>
         <value>0x20009075</value>
         <object_component_ref idref="oc-17f"/>
      </symbol>
      <symbol id="sm-b41">
         <name>CPUprimask</name>
         <value>0x2000905b</value>
         <object_component_ref idref="oc-17f"/>
      </symbol>
      <symbol id="sm-b42">
         <name>CPUcpsie</name>
         <value>0x20009065</value>
         <object_component_ref idref="oc-17f"/>
      </symbol>
      <symbol id="sm-b43">
         <name>CPUcpsid</name>
         <value>0x2000904f</value>
         <object_component_ref idref="oc-17f"/>
      </symbol>
      <symbol id="sm-b44">
         <name>CPUwfi</name>
         <value>0x20009071</value>
         <object_component_ref idref="oc-17f"/>
      </symbol>
      <symbol id="sm-b52">
         <name>_c_int00</name>
         <value>0x2000908d</value>
         <object_component_ref idref="oc-10"/>
      </symbol>
      <symbol id="sm-b53">
         <name>__stack</name>
         <value>0x2000e270</value>
         <object_component_ref idref="oc-23"/>
      </symbol>
      <symbol id="sm-b69">
         <name>__TI_decompress_none</name>
         <value>0x2000922f</value>
         <object_component_ref idref="oc-14"/>
      </symbol>
      <symbol id="sm-b8b">
         <name>__TI_decompress_rle24</name>
         <value>0x2000925d</value>
         <object_component_ref idref="oc-1e"/>
      </symbol>
      <symbol id="sm-b9e">
         <name>__TI_zero_init</name>
         <value>0x2000921d</value>
         <object_component_ref idref="oc-19"/>
      </symbol>
      <symbol id="sm-bba">
         <name>C$$EXIT</name>
         <value>0x20008f85</value>
         <object_component_ref idref="oc-45"/>
      </symbol>
      <symbol id="sm-bbb">
         <name>abort</name>
         <value>0x20008f89</value>
         <object_component_ref idref="oc-45"/>
      </symbol>
      <symbol id="sm-bbc">
         <name>exit</name>
         <value>0x20008f91</value>
         <object_component_ref idref="oc-45"/>
      </symbol>
      <symbol id="sm-bbd">
         <name>__TI_dtors_ptr</name>
         <value>0x2000e428</value>
         <object_component_ref idref="oc-a9"/>
      </symbol>
      <symbol id="sm-bbe">
         <name>__TI_cleanup_ptr</name>
         <value>0x2000e424</value>
         <object_component_ref idref="oc-a9"/>
      </symbol>
      <symbol id="sm-bc6">
         <name>__aeabi_llsl</name>
         <value>0x2000911f</value>
         <object_component_ref idref="oc-2e3"/>
      </symbol>
      <symbol id="sm-bce">
         <name>__aeabi_llsr</name>
         <value>0x2000913d</value>
         <object_component_ref idref="oc-192"/>
      </symbol>
      <symbol id="sm-be8">
         <name>memcpy</name>
         <value>0x20008a65</value>
         <object_component_ref idref="oc-4d"/>
      </symbol>
      <symbol id="sm-be9">
         <name>__aeabi_memcpy</name>
         <value>0x20008a65</value>
         <object_component_ref idref="oc-4d"/>
      </symbol>
      <symbol id="sm-bea">
         <name>__aeabi_memcpy8</name>
         <value>0x20008a65</value>
         <object_component_ref idref="oc-4d"/>
      </symbol>
      <symbol id="sm-beb">
         <name>__aeabi_memcpy4</name>
         <value>0x20008a65</value>
         <object_component_ref idref="oc-4d"/>
      </symbol>
      <symbol id="sm-c5c">
         <name>_sys_memory</name>
         <value>0x20009268</value>
         <object_component_ref idref="oc-24"/>
      </symbol>
      <symbol id="sm-c5d">
         <name>free</name>
         <value>0x20006a0f</value>
         <object_component_ref idref="oc-1da"/>
      </symbol>
      <symbol id="sm-c5e">
         <name>realloc</name>
         <value>0x20006acf</value>
         <object_component_ref idref="oc-1da"/>
      </symbol>
      <symbol id="sm-c5f">
         <name>memalign</name>
         <value>0x20006bd5</value>
         <object_component_ref idref="oc-1da"/>
      </symbol>
      <symbol id="sm-c60">
         <name>calloc</name>
         <value>0x20006cb5</value>
         <object_component_ref idref="oc-1da"/>
      </symbol>
      <symbol id="sm-c61">
         <name>malloc</name>
         <value>0x200069ad</value>
         <object_component_ref idref="oc-1da"/>
      </symbol>
      <symbol id="sm-c62">
         <name>minit</name>
         <value>0x20006921</value>
         <object_component_ref idref="oc-1da"/>
      </symbol>
      <symbol id="sm-c70">
         <name>__aeabi_memset</name>
         <value>0x20008d1d</value>
         <object_component_ref idref="oc-131"/>
      </symbol>
      <symbol id="sm-c71">
         <name>memset</name>
         <value>0x20008d23</value>
         <object_component_ref idref="oc-131"/>
      </symbol>
      <symbol id="sm-c72">
         <name>__aeabi_memset8</name>
         <value>0x20008d1d</value>
         <object_component_ref idref="oc-131"/>
      </symbol>
      <symbol id="sm-c73">
         <name>__aeabi_memset4</name>
         <value>0x20008d1d</value>
         <object_component_ref idref="oc-131"/>
      </symbol>
      <symbol id="sm-c74">
         <name>__aeabi_memclr8</name>
         <value>0x20008d1b</value>
         <object_component_ref idref="oc-131"/>
      </symbol>
      <symbol id="sm-c75">
         <name>__aeabi_memclr4</name>
         <value>0x20008d1b</value>
         <object_component_ref idref="oc-131"/>
      </symbol>
      <symbol id="sm-c76">
         <name>__aeabi_memclr</name>
         <value>0x20008d1b</value>
         <object_component_ref idref="oc-131"/>
      </symbol>
      <symbol id="sm-c8e">
         <name>sprintf</name>
         <value>0x20008d95</value>
         <object_component_ref idref="oc-135"/>
      </symbol>
      <symbol id="sm-c95">
         <name>main_func_sp</name>
         <value>0x2000e434</value>
         <object_component_ref idref="oc-4a"/>
      </symbol>
      <symbol id="sm-ca4">
         <name>strcat</name>
         <value>0x20009193</value>
         <object_component_ref idref="oc-11c"/>
      </symbol>
      <symbol id="sm-cb2">
         <name>strcmp</name>
         <value>0x200091dd</value>
         <object_component_ref idref="oc-2f5"/>
      </symbol>
      <symbol id="sm-cc1">
         <name>strncpy</name>
         <value>0x200090c1</value>
         <object_component_ref idref="oc-126"/>
      </symbol>
      <symbol id="sm-cd0">
         <name>__aeabi_uidivmod</name>
         <value>0x2000900d</value>
         <object_component_ref idref="oc-ec"/>
      </symbol>
      <symbol id="sm-ceb">
         <name>__aeabi_uldivmod</name>
         <value>0x20007ff1</value>
         <object_component_ref idref="oc-18e"/>
      </symbol>
      <symbol id="sm-d01">
         <name>_nop</name>
         <value>0x20009203</value>
         <object_component_ref idref="oc-173"/>
      </symbol>
      <symbol id="sm-d02">
         <name>_lock</name>
         <value>0x2000e41c</value>
         <object_component_ref idref="oc-a7"/>
      </symbol>
      <symbol id="sm-d03">
         <name>_unlock</name>
         <value>0x2000e420</value>
         <object_component_ref idref="oc-a7"/>
      </symbol>
      <symbol id="sm-d04">
         <name>_register_lock</name>
         <value>0x200091fb</value>
         <object_component_ref idref="oc-173"/>
      </symbol>
      <symbol id="sm-d05">
         <name>_register_unlock</name>
         <value>0x200091f5</value>
         <object_component_ref idref="oc-173"/>
      </symbol>
      <symbol id="sm-dee">
         <name>__TI_printfi</name>
         <value>0x20002f9f</value>
         <object_component_ref idref="oc-1ea"/>
      </symbol>
      <symbol id="sm-e01">
         <name>_args_main</name>
         <value>0x200091ad</value>
         <object_component_ref idref="oc-40"/>
      </symbol>
      <symbol id="sm-e16">
         <name>atoi</name>
         <value>0x20008ead</value>
         <object_component_ref idref="oc-2b7"/>
      </symbol>
      <symbol id="sm-e32">
         <name>__TI_auto_init</name>
         <value>0x20008b01</value>
         <object_component_ref idref="oc-3c"/>
      </symbol>
      <symbol id="sm-e4a">
         <name>copy_in</name>
         <value>0x20008f41</value>
         <object_component_ref idref="oc-9a"/>
      </symbol>
      <symbol id="sm-e54">
         <name>_ctypes_</name>
         <value>0x2000dc2a</value>
         <object_component_ref idref="oc-335"/>
      </symbol>
      <symbol id="sm-e6a">
         <name>__aeabi_dsub</name>
         <value>0x200083b1</value>
         <object_component_ref idref="oc-2a9"/>
      </symbol>
      <symbol id="sm-e6b">
         <name>__aeabi_dadd</name>
         <value>0x200083bb</value>
         <object_component_ref idref="oc-2a9"/>
      </symbol>
      <symbol id="sm-e8b">
         <name>__aeabi_cdcmpeq</name>
         <value>0x20008c1f</value>
         <object_component_ref idref="oc-28c"/>
      </symbol>
      <symbol id="sm-e8c">
         <name>__aeabi_cdcmple</name>
         <value>0x20008c1f</value>
         <object_component_ref idref="oc-28c"/>
      </symbol>
      <symbol id="sm-e8d">
         <name>__aeabi_cdrcmple</name>
         <value>0x20008c9d</value>
         <object_component_ref idref="oc-298"/>
      </symbol>
      <symbol id="sm-ea0">
         <name>__aeabi_ddiv</name>
         <value>0x20008567</value>
         <object_component_ref idref="oc-294"/>
      </symbol>
      <symbol id="sm-eaa">
         <name>__aeabi_dmul</name>
         <value>0x200087cf</value>
         <object_component_ref idref="oc-290"/>
      </symbol>
      <symbol id="sm-eb3">
         <name>__aeabi_d2iz</name>
         <value>0x20008ef9</value>
         <object_component_ref idref="oc-29c"/>
      </symbol>
      <symbol id="sm-ebc">
         <name>__aeabi_i2d</name>
         <value>0x200090f1</value>
         <object_component_ref idref="oc-2a5"/>
      </symbol>
      <symbol id="sm-ec4">
         <name>__aeabi_lmul</name>
         <value>0x200091c5</value>
         <object_component_ref idref="oc-283"/>
      </symbol>
      <symbol id="sm-ed2">
         <name>ltoa</name>
         <value>0x20008e53</value>
         <object_component_ref idref="oc-2a0"/>
      </symbol>
      <symbol id="sm-ee1">
         <name>memccpy</name>
         <value>0x20009177</value>
         <object_component_ref idref="oc-2b2"/>
      </symbol>
      <symbol id="sm-eee">
         <name>strlen</name>
         <value>0x20009209</value>
         <object_component_ref idref="oc-287"/>
      </symbol>
      <symbol id="sm-ef7">
         <name>_Dclass</name>
         <value>0x2000923d</value>
         <object_component_ref idref="oc-2ad"/>
      </symbol>
      <symbol id="sm-f08">
         <name>_Dtest</name>
         <value>0x20008fc9</value>
         <object_component_ref idref="oc-32d"/>
      </symbol>
      <symbol id="sm-f09">
         <name>__TI_static_base__</name>
         <value>0x2000e440</value>
      </symbol>
      <symbol id="sm-f0a">
         <name>__TI_args_main</name>
         <value>0x1</value>
      </symbol>
      <symbol id="sm-f0b">
         <name>SHT$$INIT_ARRAY$$Limit</name>
         <value>0x0</value>
      </symbol>
      <symbol id="sm-f0c">
         <name>SHT$$INIT_ARRAY$$Base</name>
         <value>0x0</value>
      </symbol>
   </symbol_table>
   <title>Link successful</title>
</link_info>
