******************************************************************************
                  TI ARM Linker PC v5.1.1                      
******************************************************************************
>> Linked Tue May 27 16:44:29 2014

OUTPUT FILE NAME:   <C:/Users/chrisjohnson/Desktop/kitsune/kitsune/ccs/exe/kitsune.out>
ENTRY POINT SYMBOL: "_c_int00"  address: 2000908d


MEMORY CONFIGURATION

         name            origin    length      used     unused   attr    fill
----------------------  --------  ---------  --------  --------  ----  --------
  FLASH                 01000000   00010000  00000000  00010000  R  X
  SRAM                  20000000   00030000  0000e4cb  00021b35  RW X


SEGMENT ALLOCATION MAP

run origin  load origin   length   init length attrs members
----------  ----------- ---------- ----------- ----- -------
20000000    20000000    00009262   00009262    r-x
  20000000    20000000    00000400   00000400    r-- .intvecs
  20000400    20000400    00008e62   00008e62    r-x .text
20009268    20009268    0000484d   00000000    rw-
  20009268    20009268    00004000   00000000    rw- .sysmem
  2000d268    2000d268    0000084d   00000000    rw- .bss
2000dab8    2000dab8    000007b8   000007b8    r--
  2000dab8    2000dab8    000007b8   000007b8    r-- .const
2000e270    2000e270    000001cc   00000000    rw-
  2000e270    2000e270    00000100   00000000    rw- .stack
  2000e370    2000e370    000000cc   00000000    rw- .data
2000e440    2000e440    00000098   00000098    r--
  2000e440    2000e440    00000098   00000098    r-- .cinit


SECTION ALLOCATION MAP

 output                                  attributes/
section   page    origin      length       input sections
--------  ----  ----------  ----------   ----------------
.init_array 
*          0    20000000    00000000     UNINITIALIZED

.intvecs   0    20000000    00000400     
                  20000000    00000400     startup_ccs.obj (.intvecs)

.text      0    20000400    00008e62     
                  20000400    0000101c     FreeRTOS.a : tasks.obj (.text)
                  2000141c    00001010     pb_decode.obj (.text)
                  2000242c    00000e7c     rtsv7M4_T_le_eabi.lib : _printfi.obj (.text)
                  200032a8    00000b58     uartstdio.obj (.text)
                  20003e00    00000b4e     pb_encode.obj (.text)
                  2000494e    00000002     --HOLE-- [fill = 0]
                  20004950    00000a88     FreeRTOS.a : queue.obj (.text)
                  200053d8    00000a4c     ustdlib.obj (.text)
                  20005e24    00000604     driverlib.a : prcm.obj (.text)
                  20006428    000004f6                 : uart.obj (.text)
                  2000691e    00000002     --HOLE-- [fill = 0]
                  20006920    000003cc     rtsv7M4_T_le_eabi.lib : memory.obj (.text)
                  20006cec    00000398     commands.obj (.text)
                  20007084    0000036c     driverlib.a : interrupt.obj (.text)
                  200073f0    00000368     FreeRTOS.a : osi.obj (.text)
                  20007758    00000314     fault.obj (.text)
                  20007a6c    00000300     driverlib.a : flash.obj (.text)
                  20007d6c    00000284                 : pin.obj (.text)
                  20007ff0    000001f4     rtsv7M4_T_le_eabi.lib : ull_div_t2.obj (.text)
                  200081e4    000001cc     main.obj (.text)
                  200083b0    000001b6     rtsv7M4_T_le_eabi.lib : fd_add_t2.obj (.text)
                  20008566    00000136                           : fd_div_t2.obj (.text)
                  2000869c    00000132     FreeRTOS.a : list.obj (.text)
                  200087ce    000000fc     rtsv7M4_T_le_eabi.lib : fd_mul_t2.obj (.text)
                  200088ca    00000002     --HOLE-- [fill = 0]
                  200088cc    000000f4     FreeRTOS.a : port.obj (.text)
                  200089c0    000000a4     cmdline.obj (.text)
                  20008a64    0000009c     rtsv7M4_T_le_eabi.lib : memcpy_t2.obj (.text)
                  20008b00    00000094                           : auto_init.obj (.text)
                  20008b94    0000008a     FreeRTOS.a : portasm.obj (.text)
                  20008c1e    0000007e     rtsv7M4_T_le_eabi.lib : fd_cmp_t2.obj (.text:__aeabi_cdcmple)
                  20008c9c    0000007e                           : fd_cmp_t2.obj (.text:__aeabi_cdrcmple)
                  20008d1a    00000078                           : memset_t2.obj (.text)
                  20008d92    00000002     --HOLE-- [fill = 0]
                  20008d94    00000060                           : sprintf.obj (.text)
                  20008df4    0000005e                           : copy_decompress_rle.obj (.text)
                  20008e52    0000005a                           : ltoa.obj (.text)
                  20008eac    0000004c                           : atoi.obj (.text)
                  20008ef8    00000048                           : fd_toi_t2.obj (.text)
                  20008f40    00000044                           : cpy_tbl.obj (.text)
                  20008f84    00000044                           : exit.obj (.text)
                  20008fc8    00000044                           : xdtest.obj (.text)
                  2000900c    00000042                           : u_divt2.obj (.text)
                  2000904e    0000003e     driverlib.a : cpu.obj (.text)
                  2000908c    00000034     rtsv7M4_T_le_eabi.lib : boot.obj (.text)
                  200090c0    00000030                           : strncpy.obj (.text)
                  200090f0    0000002e                           : i_tofd_t2.obj (.text)
                  2000911e    0000001e                           : ll_lsl_t2.obj (.text)
                  2000913c    0000001e                           : ll_lsr_t2.obj (.text)
                  2000915a    0000001c     pinmux.obj (.text)
                  20009176    0000001c     rtsv7M4_T_le_eabi.lib : memccpy.obj (.text)
                  20009192    0000001a                           : strcat.obj (.text)
                  200091ac    00000018                           : args_main.obj (.text)
                  200091c4    00000018                           : ll_mul_t2.obj (.text)
                  200091dc    00000018                           : strcmp.obj (.text)
                  200091f4    00000014                           : _lock.obj (.text)
                  20009208    00000014                           : strlen.obj (.text)
                  2000921c    00000012                           : copy_zero_init.obj (.text:decompress:ZI)
                  2000922e    0000000e                           : copy_decompress_none.obj (.text:decompress:none)
                  2000923c    0000000e                           : xdclass.obj (.text)
                  2000924a    0000000c     startup_ccs.obj (.text)
                  20009256    00000006     driverlib.a : utils.obj (.text:UtilsDelay)
                  2000925c    00000006     rtsv7M4_T_le_eabi.lib : copy_decompress_rle.obj (.text:decompress:rle24)

.sysmem    0    20009268    00004000     UNINITIALIZED
                  20009268    00000008     rtsv7M4_T_le_eabi.lib : memory.obj (.sysmem)
                  20009270    00003ff8     --HOLE--

.bss       0    2000d268    0000084d     UNINITIALIZED
                  2000d268    00000400     uartstdio.obj (.bss:g_pcUARTTxBuffer)
                  2000d668    00000200     uartstdio.obj (.bss:g_pcUARTRxHistoryBuffer)
                  2000d868    00000080     uartstdio.obj (.bss:g_pcUARTRxBuffer)
                  2000d8e8    00000064     FreeRTOS.a : tasks.obj (.bss:pxReadyTasksLists)
                  2000d94c    00000050                : queue.obj (.bss:xQueueRegistry)
                  2000d99c    00000030     fault.obj (.bss:f$1)
                  2000d9cc    0000002c     FreeRTOS.a : tasks.obj (.bss:pcStatusString$1)
                  2000d9f8    00000024     cmdline.obj (.bss:argv$1)
                  2000da1c    00000020     (.common:g_usUARTRxHistoryOffset)
                  2000da3c    00000014     (.common:xDelayedTaskList1)
                  2000da50    00000014     (.common:xDelayedTaskList2)
                  2000da64    00000014     (.common:xPendingReadyList)
                  2000da78    00000014     (.common:xSuspendedTaskList)
                  2000da8c    00000014     (.common:xTasksWaitingTermination)
                  2000daa0    00000004     (.common:g_ulPortNum)
                  2000daa4    00000004     (.common:g_xRxLineSemaphore)
                  2000daa8    00000004     (.common:pxDelayedTaskList)
                  2000daac    00000004     (.common:pxOverflowDelayedTaskList)
                  2000dab0    00000004     (.common:xSimpleLinkSpawnQueue)
                  2000dab4    00000001     (.common:g_bDisableEcho)

.const     0    2000dab8    000007b8     
                  2000dab8    00000172     fault.obj (.const:.string)
                  2000dc2a    00000102     rtsv7M4_T_le_eabi.lib : ctype.obj (.const:.string:_ctypes_)
                  2000dd2c    00000100     driverlib.a : pin.obj (.const:g_ulPinToPadMap)
                  2000de2c    000000a0                 : prcm.obj (.const:PRCM_PeriphRegsList)
                  2000decc    00000096     commands.obj (.const:.string)
                  2000df62    00000002     --HOLE-- [fill = 0]
                  2000df64    00000094     driverlib.a : interrupt.obj (.const:g_pulRegs)
                  2000dff8    00000080                 : interrupt.obj (.const)
                  2000e078    00000040                 : flash.obj (.const:g_pulFMPPERegs)
                  2000e0b8    00000040                 : flash.obj (.const:g_pulFMPRERegs)
                  2000e0f8    0000003c     pb_encode.obj (.const)
                  2000e134    00000030     fault.obj (.const:sUsageFaultMap)
                  2000e164    00000028     fault.obj (.const:sBusFaultMap)
                  2000e18c    00000024     pb_decode.obj (.const:PB_DECODERS)
                  2000e1b0    00000024     pb_encode.obj (.const:PB_ENCODERS)
                  2000e1d4    00000020     fault.obj (.const)
                  2000e1f4    0000001c     ustdlib.obj (.const)
                  2000e210    00000014     simple.pb.obj (.const)
                  2000e224    00000014     uartstdio.obj (.const)
                  2000e238    00000012     uartstdio.obj (.const:.string)
                  2000e24a    00000002     --HOLE-- [fill = 0]
                  2000e24c    00000012     ustdlib.obj (.const:.string)
                  2000e25e    00000002     --HOLE-- [fill = 0]
                  2000e260    00000010     driverlib.a : uart.obj (.const)

.stack     0    2000e270    00000100     UNINITIALIZED
                  2000e270    00000100     --HOLE--

.data      0    2000e370    000000cc     UNINITIALIZED
                  2000e370    00000048     commands.obj (.data:g_sCmdTable)
                  2000e3b8    00000038     FreeRTOS.a : tasks.obj (.data)
                  2000e3f0    0000001d     uartstdio.obj (.data)
                  2000e40d    00000003     --HOLE--
                  2000e410    0000000c     rtsv7M4_T_le_eabi.lib : memory.obj (.data)
                  2000e41c    00000008                           : _lock.obj (.data)
                  2000e424    00000008                           : exit.obj (.data)
                  2000e42c    00000004     FreeRTOS.a : osi.obj (.data)
                  2000e430    00000004                : port.obj (.data)
                  2000e434    00000004     rtsv7M4_T_le_eabi.lib : stkdepth_vars.obj (.data)
                  2000e438    00000004     ustdlib.obj (.data)

.cinit     0    2000e440    00000098     
                  2000e440    00000073     (.cinit..data.load) [load image, compression = rle]
                  2000e4b3    00000001     --HOLE-- [fill = 0]
                  2000e4b4    0000000c     (__TI_handler_table)
                  2000e4c0    00000008     (.cinit..bss.load) [load image, compression = zero_init]
                  2000e4c8    00000010     (__TI_cinit_table)


LINKER GENERATED COPY TABLES

__TI_cinit_table @ 2000e4c8 records: 2, size/record: 8, table size: 16
	.data: load addr=2000e440, load size=00000073 bytes, run addr=2000e370, run size=000000cc bytes, compression=rle
	.bss: load addr=2000e4c0, load size=00000008 bytes, run addr=2000d268, run size=0000084d bytes, compression=zero_init


LINKER GENERATED HANDLER TABLE

__TI_handler_table @ 2000e4b4 records: 3, size/record: 4, table size: 12
	index: 0, handler: __TI_decompress_rle24
	index: 1, handler: __TI_decompress_none
	index: 2, handler: __TI_zero_init


GLOBAL SYMBOLS: SORTED ALPHABETICALLY BY Name 

address    name
--------   ----
20008f85   C$$EXIT
20009083   CPUbasepriGet
20009075   CPUbasepriSet
2000904f   CPUcpsid
20009065   CPUcpsie
2000905b   CPUprimask
20009071   CPUwfi
200089c1   CmdLineProcess
20006e25   Cmd_fault
20006d69   Cmd_help
20006da1   Cmd_protobuftest
20006ced   Cmd_tasks
200081e5   Display31xxBanner
200078a5   FaultDecoder
2000791f   FaultISR
20007a6d   FlashDisable
20007aa3   FlashErase
20007add   FlashEraseNonBlocking
20007d17   FlashIntClear
20007ce7   FlashIntDisable
20007cd3   FlashIntEnable
20007caf   FlashIntRegister
20007cfb   FlashIntStatus
20007cc3   FlashIntUnregister
20007afb   FlashMassErase
20007b27   FlashMassEraseNonBlocking
20007b37   FlashProgram
20007bb7   FlashProgramNonBlocking
20007c39   FlashProtectGet
20007247   IntDisable
200071a7   IntEnable
20007091   IntMasterDisable
20007087   IntMasterEnable
2000734d   IntPendClear
200072e7   IntPendSet
20007183   IntPriorityGet
200070fb   IntPriorityGroupingGet
200070e1   IntPriorityGroupingSet
200073b9   IntPriorityMaskGet
200073a1   IntPriorityMaskSet
20007133   IntPrioritySet
200070ab   IntRegister
200070c7   IntUnregister
2000709b   IntVTableBaseSet
20008213   MCUInit
200060c1   PRCMDeepSleepEnter
20006291   PRCMHibernateEnter
200061bd   PRCMHibernateIntervalSet
20006235   PRCMHibernateWakeUpGPIOSelect
200061a9   PRCMHibernateWakeupCauseGet
20006183   PRCMHibernateWakeupSourceDisable
2000615d   PRCMHibernateWakeupSourceEnable
200063b5   PRCMIntDisable
2000638d   PRCMIntEnable
2000635d   PRCMIntRegister
20006381   PRCMIntStatus
20006371   PRCMIntUnregister
2000601f   PRCMLPDSEnter
20006079   PRCMLPDSIntervalSet
2000609d   PRCMLPDSWakeUpGPIOSelect
20006073   PRCMLPDSWakeupCauseGet
2000605f   PRCMLPDSWakeupSourceDisable
2000604f   PRCMLPDSWakeupSourceEnable
20005e31   PRCMMCUReset
20005fcf   PRCMMcASPClockInputSet
20005fc3   PRCMNWPDisable
20005fb1   PRCMNWPEnable
20006339   PRCMOCRRegisterRead
2000631b   PRCMOCRRegisterWrite
20005ea1   PRCMPeripheralClkDisable
20005e75   PRCMPeripheralClkEnable
20005ec1   PRCMPeripheralClockGet
20005f3f   PRCMPeripheralReset
20005f87   PRCMPeripheralStatusGet
200062c5   PRCMRTCGet
200062ff   PRCMRTCMatchSet
20005e25   PRCMSOCReset
20006121   PRCMSRAMRetentionDisable
200060e9   PRCMSRAMRetentionEnable
200060b9   PRCMSleepEnter
20005e51   PRCMSysResetCauseGet
20007e2d   PinConfigGet
20007e6b   PinConfigSet
20007e03   PinDirModeGet
20007dcf   PinDirModeSet
20007da5   PinModeGet
20007d6d   PinModeSet
2000915b   PinMuxConfig
20007fb5   PinTypeADC
20007f6b   PinTypeCamera
20007f85   PinTypeGPIO
20007f01   PinTypeI2C
20007f37   PinTypeMcASP
20007fc9   PinTypeSDHost
20007f1d   PinTypeSPI
20007f51   PinTypeTimer
20007ee7   PinTypeUART
2000924b   ResetISR
UNDEFED    SHT$$INIT_ARRAY$$Base
UNDEFED    SHT$$INIT_ARRAY$$Limit
20007735   SimpleLinkGeneralEventHandler
2000773f   SimpleLinkSockEventHandler
2000e210   SimpleMessage_fields
200067cb   UARTBreakCtl
200067f5   UARTBusy
20006773   UARTCharGet
20006757   UARTCharGetNonBlocking
200067ad   UARTCharPut
20006789   UARTCharPutNonBlocking
20006727   UARTCharsAvail
2000690f   UARTClockSourceGet
200068fb   UARTClockSourceSet
20006549   UARTConfigGetExpClk
200064d3   UARTConfigSetExpClk
200068c1   UARTDMADisable
200068a9   UARTDMAEnable
200065b9   UARTDisable
2000663d   UARTDisableSIR
20003993   UARTEchoSet
20006595   UARTEnable
2000660f   UARTEnableSIR
200065f9   UARTFIFODisable
200065e3   UARTFIFOEnable
200064ab   UARTFIFOLevelGet
20006493   UARTFIFOLevelSet
200066dd   UARTFlowControlGet
200066c1   UARTFlowControlSet
2000393d   UARTFlushRx
2000395b   UARTFlushTx
20006893   UARTIntClear
2000685d   UARTIntDisable
20006845   UARTIntEnable
2000680d   UARTIntRegister
20006875   UARTIntStatus
2000682b   UARTIntUnregister
20006677   UARTModemControlClear
2000669b   UARTModemControlGet
20006653   UARTModemControlSet
200066ad   UARTModemStatusGet
20006481   UARTParityModeGet
20006465   UARTParityModeSet
200038e3   UARTPeek
200038c1   UARTRxBytesAvail
200068eb   UARTRxErrorClear
200068d9   UARTRxErrorGet
2000673f   UARTSpaceAvail
20003395   UARTStdioInit
200033a5   UARTStdioInitExpClk
200039c1   UARTStdioIntHandler
200038cf   UARTTxBytesFree
20006715   UARTTxIntModeGet
200066ef   UARTTxIntModeSet
20003561   UARTgetc
200034e5   UARTgets
200035c5   UARTprintf
20003445   UARTwrite
20009257   UtilsDelay
200075f1   VStartSimpleLinkSpawnTask
2000923d   _Dclass
20008fc9   _Dtest
00000200   __HEAP_SIZE
2000e370   __STACK_END
00000100   __STACK_SIZE
2000e370   __STACK_TOP
00004000   __SYSMEM_SIZE
2000e4c8   __TI_CINIT_Base
2000e4d8   __TI_CINIT_Limit
2000e4b4   __TI_Handler_Table_Base
2000e4c0   __TI_Handler_Table_Limit
00000001   __TI_args_main
20008b01   __TI_auto_init
2000e424   __TI_cleanup_ptr
2000922f   __TI_decompress_none
2000925d   __TI_decompress_rle24
2000e428   __TI_dtors_ptr
20002f9f   __TI_printfi
2000e440   __TI_static_base__
2000921d   __TI_zero_init
20008c1f   __aeabi_cdcmpeq
20008c1f   __aeabi_cdcmple
20008c9d   __aeabi_cdrcmple
20008ef9   __aeabi_d2iz
200083bb   __aeabi_dadd
20008567   __aeabi_ddiv
200087cf   __aeabi_dmul
200083b1   __aeabi_dsub
200090f1   __aeabi_i2d
2000911f   __aeabi_llsl
2000913d   __aeabi_llsr
200091c5   __aeabi_lmul
20008d1b   __aeabi_memclr
20008d1b   __aeabi_memclr4
20008d1b   __aeabi_memclr8
20008a65   __aeabi_memcpy
20008a65   __aeabi_memcpy4
20008a65   __aeabi_memcpy8
20008d1d   __aeabi_memset
20008d1d   __aeabi_memset4
20008d1d   __aeabi_memset8
2000900d   __aeabi_uidivmod
20007ff1   __aeabi_uldivmod
ffffffff   __binit__
ffffffff   __c_args__
2000e270   __stack
200091ad   _args_main
2000908d   _c_int00
2000dc2a   _ctypes_
2000e41c   _lock
20009203   _nop
200091fb   _register_lock
200091f5   _register_unlock
20009268   _sys_memory
2000e420   _unlock
20008f89   abort
20008ead   atoi
ffffffff   binit
20006cb5   calloc
20008f41   copy_in
20000695   eTaskGetState
20008f91   exit
20007759   faultPrinter
20006a0f   free
20000000   g_pfnVectors
2000e370   g_sCmdTable
2000daa4   g_xRxLineSemaphore
20008e53   ltoa
200082ff   main
2000e434   main_func_sp
200069ad   malloc
200076e5   mem_Free
200076d9   mem_Malloc
20007709   mem_copy
200076f1   mem_set
20006bd5   memalign
20009177   memccpy
20008a65   memcpy
20008d23   memset
20006921   minit
2000771d   osi_EnterCritical
20007725   osi_ExitCritical
20007409   osi_InterruptDeRegister
200073f1   osi_InterruptRegister
200074dd   osi_LockObjCreate
20007545   osi_LockObjDelete
20007555   osi_LockObjLock
20007577   osi_LockObjUnlock
20007629   osi_MsgQCreate
2000765b   osi_MsgQDelete
20007691   osi_MsgQRead
2000766b   osi_MsgQWrite
2000758d   osi_Spawn
200074c5   osi_SyncObjClear
2000741b   osi_SyncObjCreate
20007457   osi_SyncObjDelete
20007467   osi_SyncObjSignal
2000747d   osi_SyncObjSignalFromISR
200074a3   osi_SyncObjWait
200074f9   osi_TaskCreate
20007539   osi_TaskDelete
2000772d   osi_start
2000188b   pb_close_string_substream
20002053   pb_decode
2000207d   pb_decode_delimited
20002113   pb_decode_fixed32
20002125   pb_decode_fixed64
20001edd   pb_decode_noinit
200020b5   pb_decode_svarint
200016b9   pb_decode_tag
200015f5   pb_decode_varint
200042b5   pb_encode
20004355   pb_encode_delimited
200044bb   pb_encode_fixed32
200044cd   pb_encode_fixed64
20004599   pb_encode_string
200045c1   pb_encode_submessage
20004465   pb_encode_svarint
200044df   pb_encode_tag
2000451b   pb_encode_tag_for_field
200043cd   pb_encode_varint
20004381   pb_get_encoded_size
2000153f   pb_istream_from_buffer
2000183d   pb_make_string_substream
20003e45   pb_ostream_from_buffer
20001465   pb_read
20001733   pb_skip_field
20003e73   pb_write
20000b8f   pcTaskGetTaskName
20008c19   portCLZ
20008c09   prvPortStartFirstTask
200076c1   pvPortMalloc
2000e3b8   pxCurrentTCB
200088cd   pxPortInitialiseStack
20006acf   realloc
20008d95   sprintf
20009193   strcat
200091dd   strcmp
20009209   strlen
200090c1   strncpy
20005031   ucQueueGetQueueNumber
20005059   ucQueueGetQueueType
20008b99   ulPortSetInterruptMask
200058c1   ulocaltime
20005ac3   umktime
20005e01   urand
20005891   usnprintf
2000585f   usprintf
20005df1   usrand
20005d69   ustrcasecmp
20005ddd   ustrcmp
20005c75   ustrlen
20005d7d   ustrncmp
200053d9   ustrncpy
20005cc9   ustrnicmp
20005c97   ustrstr
20005b3d   ustrtoul
20005431   uvsnprintf
20008787   uxListRemove
20004feb   uxQueueMessagesWaiting
20005001   uxQueueMessagesWaitingFromISR
20000b89   uxTaskGetNumberOfTasks
20000f71   uxTaskGetTaskNumber
20000715   uxTaskPriorityGet
20008207   vApplicationIdleHook
20008209   vApplicationStackOverflowHook
200081fb   vApplicationTickHook
200081fd   vAssertCalled
2000869d   vListInitialise
200086cd   vListInitialiseItem
20008721   vListInsert
200086dd   vListInsertEnd
20008ba7   vPortClearInterruptMask
2000893d   vPortEndScheduler
20008951   vPortEnterCritical
20008969   vPortExitCritical
200076cd   vPortFree
20008be9   vPortSVCHandler
2000899b   vPortSetupTimerInterrupt
2000893f   vPortYield
2000525b   vQueueAddToRegistry
20005013   vQueueDelete
20005041   vQueueSetQueueNumber
20000643   vTaskDelay
200005a9   vTaskDelayUntil
2000051f   vTaskDelete
20000a6b   vTaskEndScheduler
20000c95   vTaskIncrementTick
20000bb9   vTaskList
20000f61   vTaskMissedYield
20000de9   vTaskPlaceOnEventList
20001375   vTaskPriorityDisinherit
200012b9   vTaskPriorityInherit
20000751   vTaskPrioritySet
20000939   vTaskResume
20000f95   vTaskSetTaskNumber
20000ec5   vTaskSetTimeOutState
20000a25   vTaskStartScheduler
20000851   vTaskSuspend
20000a81   vTaskSuspendAll
20000d89   vTaskSwitchContext
20006e3d   vUARTTask
2000e42c   xHigherPriorityTaskWoken
20008bad   xPortPendSVHandler
20008915   xPortStartScheduler
20008981   xPortSysTickHandler
200052eb   xQueueAddToSet
20004ca1   xQueueAltGenericReceive
20004bf7   xQueueAltGenericSend
20004ad3   xQueueCreateCountingSemaphore
20004a55   xQueueCreateMutex
200052d7   xQueueCreateSet
200049e1   xQueueGenericCreate
20004e33   xQueueGenericReceive
20004951   xQueueGenericReset
20004af3   xQueueGenericSend
20004d9d   xQueueGenericSendFromISR
200051f7   xQueueIsQueueEmptyFromISR
20005239   xQueueIsQueueFullFromISR
20004f73   xQueueReceiveFromISR
2000d94c   xQueueRegistry
20005313   xQueueRemoveFromSet
20005355   xQueueSelectFromSet
2000536f   xQueueSelectFromSetFromISR
2000dab0   xSimpleLinkSpawnQueue
20000eed   xTaskCheckForTimeOut
20000401   xTaskGenericCreate
2000125b   xTaskGetCurrentTaskHandle
20000c71   xTaskGetIdleTaskHandle
2000126b   xTaskGetSchedulerState
20000b53   xTaskGetTickCount
20000b71   xTaskGetTickCountFromISR
200008e5   xTaskIsTaskSuspended
20000e4d   xTaskRemoveFromEventList
20000a91   xTaskResumeAll
200009a9   xTaskResumeFromISR


GLOBAL SYMBOLS: SORTED BY Symbol Address 

address    name
--------   ----
00000001   __TI_args_main
00000100   __STACK_SIZE
00000200   __HEAP_SIZE
00004000   __SYSMEM_SIZE
20000000   g_pfnVectors
20000401   xTaskGenericCreate
2000051f   vTaskDelete
200005a9   vTaskDelayUntil
20000643   vTaskDelay
20000695   eTaskGetState
20000715   uxTaskPriorityGet
20000751   vTaskPrioritySet
20000851   vTaskSuspend
200008e5   xTaskIsTaskSuspended
20000939   vTaskResume
200009a9   xTaskResumeFromISR
20000a25   vTaskStartScheduler
20000a6b   vTaskEndScheduler
20000a81   vTaskSuspendAll
20000a91   xTaskResumeAll
20000b53   xTaskGetTickCount
20000b71   xTaskGetTickCountFromISR
20000b89   uxTaskGetNumberOfTasks
20000b8f   pcTaskGetTaskName
20000bb9   vTaskList
20000c71   xTaskGetIdleTaskHandle
20000c95   vTaskIncrementTick
20000d89   vTaskSwitchContext
20000de9   vTaskPlaceOnEventList
20000e4d   xTaskRemoveFromEventList
20000ec5   vTaskSetTimeOutState
20000eed   xTaskCheckForTimeOut
20000f61   vTaskMissedYield
20000f71   uxTaskGetTaskNumber
20000f95   vTaskSetTaskNumber
2000125b   xTaskGetCurrentTaskHandle
2000126b   xTaskGetSchedulerState
200012b9   vTaskPriorityInherit
20001375   vTaskPriorityDisinherit
20001465   pb_read
2000153f   pb_istream_from_buffer
200015f5   pb_decode_varint
200016b9   pb_decode_tag
20001733   pb_skip_field
2000183d   pb_make_string_substream
2000188b   pb_close_string_substream
20001edd   pb_decode_noinit
20002053   pb_decode
2000207d   pb_decode_delimited
200020b5   pb_decode_svarint
20002113   pb_decode_fixed32
20002125   pb_decode_fixed64
20002f9f   __TI_printfi
20003395   UARTStdioInit
200033a5   UARTStdioInitExpClk
20003445   UARTwrite
200034e5   UARTgets
20003561   UARTgetc
200035c5   UARTprintf
200038c1   UARTRxBytesAvail
200038cf   UARTTxBytesFree
200038e3   UARTPeek
2000393d   UARTFlushRx
2000395b   UARTFlushTx
20003993   UARTEchoSet
200039c1   UARTStdioIntHandler
20003e45   pb_ostream_from_buffer
20003e73   pb_write
200042b5   pb_encode
20004355   pb_encode_delimited
20004381   pb_get_encoded_size
200043cd   pb_encode_varint
20004465   pb_encode_svarint
200044bb   pb_encode_fixed32
200044cd   pb_encode_fixed64
200044df   pb_encode_tag
2000451b   pb_encode_tag_for_field
20004599   pb_encode_string
200045c1   pb_encode_submessage
20004951   xQueueGenericReset
200049e1   xQueueGenericCreate
20004a55   xQueueCreateMutex
20004ad3   xQueueCreateCountingSemaphore
20004af3   xQueueGenericSend
20004bf7   xQueueAltGenericSend
20004ca1   xQueueAltGenericReceive
20004d9d   xQueueGenericSendFromISR
20004e33   xQueueGenericReceive
20004f73   xQueueReceiveFromISR
20004feb   uxQueueMessagesWaiting
20005001   uxQueueMessagesWaitingFromISR
20005013   vQueueDelete
20005031   ucQueueGetQueueNumber
20005041   vQueueSetQueueNumber
20005059   ucQueueGetQueueType
200051f7   xQueueIsQueueEmptyFromISR
20005239   xQueueIsQueueFullFromISR
2000525b   vQueueAddToRegistry
200052d7   xQueueCreateSet
200052eb   xQueueAddToSet
20005313   xQueueRemoveFromSet
20005355   xQueueSelectFromSet
2000536f   xQueueSelectFromSetFromISR
200053d9   ustrncpy
20005431   uvsnprintf
2000585f   usprintf
20005891   usnprintf
200058c1   ulocaltime
20005ac3   umktime
20005b3d   ustrtoul
20005c75   ustrlen
20005c97   ustrstr
20005cc9   ustrnicmp
20005d69   ustrcasecmp
20005d7d   ustrncmp
20005ddd   ustrcmp
20005df1   usrand
20005e01   urand
20005e25   PRCMSOCReset
20005e31   PRCMMCUReset
20005e51   PRCMSysResetCauseGet
20005e75   PRCMPeripheralClkEnable
20005ea1   PRCMPeripheralClkDisable
20005ec1   PRCMPeripheralClockGet
20005f3f   PRCMPeripheralReset
20005f87   PRCMPeripheralStatusGet
20005fb1   PRCMNWPEnable
20005fc3   PRCMNWPDisable
20005fcf   PRCMMcASPClockInputSet
2000601f   PRCMLPDSEnter
2000604f   PRCMLPDSWakeupSourceEnable
2000605f   PRCMLPDSWakeupSourceDisable
20006073   PRCMLPDSWakeupCauseGet
20006079   PRCMLPDSIntervalSet
2000609d   PRCMLPDSWakeUpGPIOSelect
200060b9   PRCMSleepEnter
200060c1   PRCMDeepSleepEnter
200060e9   PRCMSRAMRetentionEnable
20006121   PRCMSRAMRetentionDisable
2000615d   PRCMHibernateWakeupSourceEnable
20006183   PRCMHibernateWakeupSourceDisable
200061a9   PRCMHibernateWakeupCauseGet
200061bd   PRCMHibernateIntervalSet
20006235   PRCMHibernateWakeUpGPIOSelect
20006291   PRCMHibernateEnter
200062c5   PRCMRTCGet
200062ff   PRCMRTCMatchSet
2000631b   PRCMOCRRegisterWrite
20006339   PRCMOCRRegisterRead
2000635d   PRCMIntRegister
20006371   PRCMIntUnregister
20006381   PRCMIntStatus
2000638d   PRCMIntEnable
200063b5   PRCMIntDisable
20006465   UARTParityModeSet
20006481   UARTParityModeGet
20006493   UARTFIFOLevelSet
200064ab   UARTFIFOLevelGet
200064d3   UARTConfigSetExpClk
20006549   UARTConfigGetExpClk
20006595   UARTEnable
200065b9   UARTDisable
200065e3   UARTFIFOEnable
200065f9   UARTFIFODisable
2000660f   UARTEnableSIR
2000663d   UARTDisableSIR
20006653   UARTModemControlSet
20006677   UARTModemControlClear
2000669b   UARTModemControlGet
200066ad   UARTModemStatusGet
200066c1   UARTFlowControlSet
200066dd   UARTFlowControlGet
200066ef   UARTTxIntModeSet
20006715   UARTTxIntModeGet
20006727   UARTCharsAvail
2000673f   UARTSpaceAvail
20006757   UARTCharGetNonBlocking
20006773   UARTCharGet
20006789   UARTCharPutNonBlocking
200067ad   UARTCharPut
200067cb   UARTBreakCtl
200067f5   UARTBusy
2000680d   UARTIntRegister
2000682b   UARTIntUnregister
20006845   UARTIntEnable
2000685d   UARTIntDisable
20006875   UARTIntStatus
20006893   UARTIntClear
200068a9   UARTDMAEnable
200068c1   UARTDMADisable
200068d9   UARTRxErrorGet
200068eb   UARTRxErrorClear
200068fb   UARTClockSourceSet
2000690f   UARTClockSourceGet
20006921   minit
200069ad   malloc
20006a0f   free
20006acf   realloc
20006bd5   memalign
20006cb5   calloc
20006ced   Cmd_tasks
20006d69   Cmd_help
20006da1   Cmd_protobuftest
20006e25   Cmd_fault
20006e3d   vUARTTask
20007087   IntMasterEnable
20007091   IntMasterDisable
2000709b   IntVTableBaseSet
200070ab   IntRegister
200070c7   IntUnregister
200070e1   IntPriorityGroupingSet
200070fb   IntPriorityGroupingGet
20007133   IntPrioritySet
20007183   IntPriorityGet
200071a7   IntEnable
20007247   IntDisable
200072e7   IntPendSet
2000734d   IntPendClear
200073a1   IntPriorityMaskSet
200073b9   IntPriorityMaskGet
200073f1   osi_InterruptRegister
20007409   osi_InterruptDeRegister
2000741b   osi_SyncObjCreate
20007457   osi_SyncObjDelete
20007467   osi_SyncObjSignal
2000747d   osi_SyncObjSignalFromISR
200074a3   osi_SyncObjWait
200074c5   osi_SyncObjClear
200074dd   osi_LockObjCreate
200074f9   osi_TaskCreate
20007539   osi_TaskDelete
20007545   osi_LockObjDelete
20007555   osi_LockObjLock
20007577   osi_LockObjUnlock
2000758d   osi_Spawn
200075f1   VStartSimpleLinkSpawnTask
20007629   osi_MsgQCreate
2000765b   osi_MsgQDelete
2000766b   osi_MsgQWrite
20007691   osi_MsgQRead
200076c1   pvPortMalloc
200076cd   vPortFree
200076d9   mem_Malloc
200076e5   mem_Free
200076f1   mem_set
20007709   mem_copy
2000771d   osi_EnterCritical
20007725   osi_ExitCritical
2000772d   osi_start
20007735   SimpleLinkGeneralEventHandler
2000773f   SimpleLinkSockEventHandler
20007759   faultPrinter
200078a5   FaultDecoder
2000791f   FaultISR
20007a6d   FlashDisable
20007aa3   FlashErase
20007add   FlashEraseNonBlocking
20007afb   FlashMassErase
20007b27   FlashMassEraseNonBlocking
20007b37   FlashProgram
20007bb7   FlashProgramNonBlocking
20007c39   FlashProtectGet
20007caf   FlashIntRegister
20007cc3   FlashIntUnregister
20007cd3   FlashIntEnable
20007ce7   FlashIntDisable
20007cfb   FlashIntStatus
20007d17   FlashIntClear
20007d6d   PinModeSet
20007da5   PinModeGet
20007dcf   PinDirModeSet
20007e03   PinDirModeGet
20007e2d   PinConfigGet
20007e6b   PinConfigSet
20007ee7   PinTypeUART
20007f01   PinTypeI2C
20007f1d   PinTypeSPI
20007f37   PinTypeMcASP
20007f51   PinTypeTimer
20007f6b   PinTypeCamera
20007f85   PinTypeGPIO
20007fb5   PinTypeADC
20007fc9   PinTypeSDHost
20007ff1   __aeabi_uldivmod
200081e5   Display31xxBanner
200081fb   vApplicationTickHook
200081fd   vAssertCalled
20008207   vApplicationIdleHook
20008209   vApplicationStackOverflowHook
20008213   MCUInit
200082ff   main
200083b1   __aeabi_dsub
200083bb   __aeabi_dadd
20008567   __aeabi_ddiv
2000869d   vListInitialise
200086cd   vListInitialiseItem
200086dd   vListInsertEnd
20008721   vListInsert
20008787   uxListRemove
200087cf   __aeabi_dmul
200088cd   pxPortInitialiseStack
20008915   xPortStartScheduler
2000893d   vPortEndScheduler
2000893f   vPortYield
20008951   vPortEnterCritical
20008969   vPortExitCritical
20008981   xPortSysTickHandler
2000899b   vPortSetupTimerInterrupt
200089c1   CmdLineProcess
20008a65   __aeabi_memcpy
20008a65   __aeabi_memcpy4
20008a65   __aeabi_memcpy8
20008a65   memcpy
20008b01   __TI_auto_init
20008b99   ulPortSetInterruptMask
20008ba7   vPortClearInterruptMask
20008bad   xPortPendSVHandler
20008be9   vPortSVCHandler
20008c09   prvPortStartFirstTask
20008c19   portCLZ
20008c1f   __aeabi_cdcmpeq
20008c1f   __aeabi_cdcmple
20008c9d   __aeabi_cdrcmple
20008d1b   __aeabi_memclr
20008d1b   __aeabi_memclr4
20008d1b   __aeabi_memclr8
20008d1d   __aeabi_memset
20008d1d   __aeabi_memset4
20008d1d   __aeabi_memset8
20008d23   memset
20008d95   sprintf
20008e53   ltoa
20008ead   atoi
20008ef9   __aeabi_d2iz
20008f41   copy_in
20008f85   C$$EXIT
20008f89   abort
20008f91   exit
20008fc9   _Dtest
2000900d   __aeabi_uidivmod
2000904f   CPUcpsid
2000905b   CPUprimask
20009065   CPUcpsie
20009071   CPUwfi
20009075   CPUbasepriSet
20009083   CPUbasepriGet
2000908d   _c_int00
200090c1   strncpy
200090f1   __aeabi_i2d
2000911f   __aeabi_llsl
2000913d   __aeabi_llsr
2000915b   PinMuxConfig
20009177   memccpy
20009193   strcat
200091ad   _args_main
200091c5   __aeabi_lmul
200091dd   strcmp
200091f5   _register_unlock
200091fb   _register_lock
20009203   _nop
20009209   strlen
2000921d   __TI_zero_init
2000922f   __TI_decompress_none
2000923d   _Dclass
2000924b   ResetISR
20009257   UtilsDelay
2000925d   __TI_decompress_rle24
20009268   _sys_memory
2000d94c   xQueueRegistry
2000daa4   g_xRxLineSemaphore
2000dab0   xSimpleLinkSpawnQueue
2000dc2a   _ctypes_
2000e210   SimpleMessage_fields
2000e270   __stack
2000e370   __STACK_END
2000e370   __STACK_TOP
2000e370   g_sCmdTable
2000e3b8   pxCurrentTCB
2000e41c   _lock
2000e420   _unlock
2000e424   __TI_cleanup_ptr
2000e428   __TI_dtors_ptr
2000e42c   xHigherPriorityTaskWoken
2000e434   main_func_sp
2000e440   __TI_static_base__
2000e4b4   __TI_Handler_Table_Base
2000e4c0   __TI_Handler_Table_Limit
2000e4c8   __TI_CINIT_Base
2000e4d8   __TI_CINIT_Limit
ffffffff   __binit__
ffffffff   __c_args__
ffffffff   binit
UNDEFED    SHT$$INIT_ARRAY$$Base
UNDEFED    SHT$$INIT_ARRAY$$Limit

[394 symbols]
